[33m>[39m Building...
[32mΓêÜ[39m Building...
Application bundle generation failed. [19.720 seconds] - 2026-04-08T12:43:09.951Z

node.exe : [1m[33m[33mΓû▓ [43;33m[[43;30mWARNING[43;33m][0m [1mNG8113: AsyncPipe is not used within the 
template of AbandonedCartComponent[0m [1m[35m[plugin angular-compiler][0m
At line:1 char:1
+ & "C:\Program Files\nodejs/node.exe" "C:\Program Files\nodejs/node_mo ...
+ ~~~~~~~~~~~~~~~~~~~~~~~~~~~~~~~~~~~~~~~~~~~~~~~~~~~~~~~~~~~~~~~~~~~~~
    + CategoryInfo          : NotSpecified: ([1m[33m[33mΓ...r-compiler][0m:String) [], RemoteException
    + FullyQualifiedErrorId : NativeCommandError
 

    src/app/pages/ecommerce/abandoned-cart/abandoned-cart.component.ts:26:4:
[37m      26 Γöé     [32mAsyncPipe[37m,
         Γò╡     [32m~~~~~~~~~[0m


[33mΓû▓ [43;33m[[43;30mWARNING[43;33m][0m [1mNG8113: DecimalPipe is not used within the template of 
AbandonedCartComponent[0m [1m[35m[plugin angular-compiler][0m

    src/app/pages/ecommerce/abandoned-cart/abandoned-cart.component.ts:27:4:
[37m      27 Γöé     [32mDecimalPipe[37m,
         Γò╡     [32m~~~~~~~~~~~[0m


[33mΓû▓ [43;33m[[43;30mWARNING[43;33m][0m [1mNG8113: NgOptionHighlightDirective is not used within the template 
of AbandonedCartComponent[0m [1m[35m[plugin angular-compiler][0m

    src/app/pages/ecommerce/abandoned-cart/abandoned-cart.component.ts:43:4:
[37m      43 Γöé     [32mNgOptionHighlightDirective[37m,
         Γò╡     [32m~~~~~~~~~~~~~~~~~~~~~~~~~~[0m


[33mΓû▓ [43;33m[[43;30mWARNING[43;33m][0m [1mNG8113: AsyncPipe is not used within the template of 
AddproductComponent[0m [1m[35m[plugin angular-compiler][0m

    src/app/pages/ecommerce/addproduct/addproduct.component.ts:25:4:
[37m      25 Γöé     [32mAsyncPipe[37m,
         Γò╡     [32m~~~~~~~~~[0m


[33mΓû▓ [43;33m[[43;30mWARNING[43;33m][0m [1mNG8113: DecimalPipe is not used within the template of 
AddproductComponent[0m [1m[35m[plugin angular-compiler][0m

    src/app/pages/ecommerce/addproduct/addproduct.component.ts:26:4:
[37m      26 Γöé     [32mDecimalPipe[37m,
         Γò╡     [32m~~~~~~~~~~~[0m


[33mΓû▓ [43;33m[[43;30mWARNING[43;33m][0m [1mNG8113: NgbHighlight is not used within the template of 
AddproductComponent[0m [1m[35m[plugin angular-compiler][0m

    src/app/pages/ecommerce/addproduct/addproduct.component.ts:35:4:
[37m      35 Γöé     [32mNgbHighlight[37m,
         Γò╡     [32m~~~~~~~~~~~~[0m


[33mΓû▓ [43;33m[[43;30mWARNING[43;33m][0m [1mNG8113: NgOptionHighlightDirective is not used within the template 
of AddproductComponent[0m [1m[35m[plugin angular-compiler][0m

    src/app/pages/ecommerce/addproduct/addproduct.component.ts:42:4:
[37m      42 Γöé     [32mNgOptionHighlightDirective[37m,
         Γò╡     [32m~~~~~~~~~~~~~~~~~~~~~~~~~~[0m


[33mΓû▓ [43;33m[[43;30mWARNING[43;33m][0m [1mNG8113: DecimalPipe is not used within the template of 
RelatedBlogsComponent[0m [1m[35m[plugin angular-compiler][0m

    src/app/pages/ecommerce/addproduct/related-blogs/related-blogs.component.ts:25:4:
[37m      25 Γöé     [32mDecimalPipe[37m,
         Γò╡     [32m~~~~~~~~~~~[0m


[33mΓû▓ [43;33m[[43;30mWARNING[43;33m][0m [1mNG8113: NgOptionHighlightDirective is not used within the template 
of RelatedBlogsComponent[0m [1m[35m[plugin angular-compiler][0m

    src/app/pages/ecommerce/addproduct/related-blogs/related-blogs.component.ts:41:4:
[37m      41 Γöé     [32mNgOptionHighlightDirective[37m,
         Γò╡     [32m~~~~~~~~~~~~~~~~~~~~~~~~~~[0m


[33mΓû▓ [43;33m[[43;30mWARNING[43;33m][0m [1mNG8113: AsyncPipe is not used within the template of 
RelatedProductsComponent[0m [1m[35m[plugin angular-compiler][0m

    src/app/pages/ecommerce/addproduct/related-products/related-products.component.ts:20:4:
[37m      20 Γöé     [32mAsyncPipe[37m,
         Γò╡     [32m~~~~~~~~~[0m


[33mΓû▓ [43;33m[[43;30mWARNING[43;33m][0m [1mNG8113: DecimalPipe is not used within the template of 
RelatedProductsComponent[0m [1m[35m[plugin angular-compiler][0m

    src/app/pages/ecommerce/addproduct/related-products/related-products.component.ts:21:4:
[37m      21 Γöé     [32mDecimalPipe[37m,
         Γò╡     [32m~~~~~~~~~~~[0m


[33mΓû▓ [43;33m[[43;30mWARNING[43;33m][0m [1mNG8113: NgbHighlight is not used within the template of 
RelatedProductsComponent[0m [1m[35m[plugin angular-compiler][0m

    src/app/pages/ecommerce/addproduct/related-products/related-products.component.ts:30:4:
[37m      30 Γöé     [32mNgbHighlight[37m,
         Γò╡     [32m~~~~~~~~~~~~[0m


[33mΓû▓ [43;33m[[43;30mWARNING[43;33m][0m [1mNG8113: NgOptionHighlightDirective is not used within the template 
of RelatedProductsComponent[0m [1m[35m[plugin angular-compiler][0m

    src/app/pages/ecommerce/addproduct/related-products/related-products.component.ts:37:4:
[37m      37 Γöé     [32mNgOptionHighlightDirective[37m,
         Γò╡     [32m~~~~~~~~~~~~~~~~~~~~~~~~~~[0m


[33mΓû▓ [43;33m[[43;30mWARNING[43;33m][0m [1mNG8113: AsyncPipe is not used within the template of 
AwaitedOrderComponent[0m [1m[35m[plugin angular-compiler][0m

    src/app/pages/ecommerce/awaited-order/awaited-order.component.ts:35:4:
[37m      35 Γöé     [32mAsyncPipe[37m,
         Γò╡     [32m~~~~~~~~~[0m


[33mΓû▓ [43;33m[[43;30mWARNING[43;33m][0m [1mNG8113: DecimalPipe is not used within the template of 
AwaitedOrderComponent[0m [1m[35m[plugin angular-compiler][0m

    src/app/pages/ecommerce/awaited-order/awaited-order.component.ts:36:4:
[37m      36 Γöé     [32mDecimalPipe[37m,
         Γò╡     [32m~~~~~~~~~~~[0m


[33mΓû▓ [43;33m[[43;30mWARNING[43;33m][0m [1mNG8113: NgOptionHighlightDirective is not used within the template 
of AwaitedOrderComponent[0m [1m[35m[plugin angular-compiler][0m

    src/app/pages/ecommerce/awaited-order/awaited-order.component.ts:52:4:
[37m      52 Γöé     [32mNgOptionHighlightDirective[37m,
         Γò╡     [32m~~~~~~~~~~~~~~~~~~~~~~~~~~[0m


[33mΓû▓ [43;33m[[43;30mWARNING[43;33m][0m [1mNG8113: AsyncPipe is not used within the template of 
AddBannerComponent[0m [1m[35m[plugin angular-compiler][0m

    src/app/pages/ecommerce/banners/add-banner/add-banner.component.ts:25:4:
[37m      25 Γöé     [32mAsyncPipe[37m,
         Γò╡     [32m~~~~~~~~~[0m


[33mΓû▓ [43;33m[[43;30mWARNING[43;33m][0m [1mNG8113: DecimalPipe is not used within the template of 
AddBannerComponent[0m [1m[35m[plugin angular-compiler][0m

    src/app/pages/ecommerce/banners/add-banner/add-banner.component.ts:26:4:
[37m      26 Γöé     [32mDecimalPipe[37m,
         Γò╡     [32m~~~~~~~~~~~[0m


[33mΓû▓ [43;33m[[43;30mWARNING[43;33m][0m [1mNG8113: NgbHighlight is not used within the template of 
AddBannerComponent[0m [1m[35m[plugin angular-compiler][0m

    src/app/pages/ecommerce/banners/add-banner/add-banner.component.ts:35:4:
[37m      35 Γöé     [32mNgbHighlight[37m,
         Γò╡     [32m~~~~~~~~~~~~[0m


[33mΓû▓ [43;33m[[43;30mWARNING[43;33m][0m [1mNG8113: NgOptionHighlightDirective is not used within the template 
of AddBannerComponent[0m [1m[35m[plugin angular-compiler][0m

    src/app/pages/ecommerce/banners/add-banner/add-banner.component.ts:42:4:
[37m      42 Γöé     [32mNgOptionHighlightDirective[37m,
         Γò╡     [32m~~~~~~~~~~~~~~~~~~~~~~~~~~[0m


[33mΓû▓ [43;33m[[43;30mWARNING[43;33m][0m [1mNG8113: AsyncPipe is not used within the template of 
BannersComponent[0m [1m[35m[plugin angular-compiler][0m

    src/app/pages/ecommerce/banners/banners.component.ts:23:4:
[37m      23 Γöé     [32mAsyncPipe[37m,
         Γò╡     [32m~~~~~~~~~[0m


[33mΓû▓ [43;33m[[43;30mWARNING[43;33m][0m [1mNG8113: DecimalPipe is not used within the template of 
BannersComponent[0m [1m[35m[plugin angular-compiler][0m

    src/app/pages/ecommerce/banners/banners.component.ts:24:4:
[37m      24 Γöé     [32mDecimalPipe[37m,
         Γò╡     [32m~~~~~~~~~~~[0m


[33mΓû▓ [43;33m[[43;30mWARNING[43;33m][0m [1mNG8113: NgOptionHighlightDirective is not used within the template 
of BannersComponent[0m [1m[35m[plugin angular-compiler][0m

    src/app/pages/ecommerce/banners/banners.component.ts:40:4:
[37m      40 Γöé     [32mNgOptionHighlightDirective[37m,
         Γò╡     [32m~~~~~~~~~~~~~~~~~~~~~~~~~~[0m


[33mΓû▓ [43;33m[[43;30mWARNING[43;33m][0m [1mNG8113: AsyncPipe is not used within the template of 
AddBrandComponent[0m [1m[35m[plugin angular-compiler][0m

    src/app/pages/ecommerce/brand/add-brand/add-brand.component.ts:25:4:
[37m      25 Γöé     [32mAsyncPipe[37m,
         Γò╡     [32m~~~~~~~~~[0m


[33mΓû▓ [43;33m[[43;30mWARNING[43;33m][0m [1mNG8113: DecimalPipe is not used within the template of 
AddBrandComponent[0m [1m[35m[plugin angular-compiler][0m

    src/app/pages/ecommerce/brand/add-brand/add-brand.component.ts:26:4:
[37m      26 Γöé     [32mDecimalPipe[37m,
         Γò╡     [32m~~~~~~~~~~~[0m


[33mΓû▓ [43;33m[[43;30mWARNING[43;33m][0m [1mNG8113: NgbHighlight is not used within the template of 
AddBrandComponent[0m [1m[35m[plugin angular-compiler][0m

    src/app/pages/ecommerce/brand/add-brand/add-brand.component.ts:35:4:
[37m      35 Γöé     [32mNgbHighlight[37m,
         Γò╡     [32m~~~~~~~~~~~~[0m


[33mΓû▓ [43;33m[[43;30mWARNING[43;33m][0m [1mNG8113: NgOptionHighlightDirective is not used within the template 
of AddBrandComponent[0m [1m[35m[plugin angular-compiler][0m

    src/app/pages/ecommerce/brand/add-brand/add-brand.component.ts:42:4:
[37m      42 Γöé     [32mNgOptionHighlightDirective[37m,
         Γò╡     [32m~~~~~~~~~~~~~~~~~~~~~~~~~~[0m


[33mΓû▓ [43;33m[[43;30mWARNING[43;33m][0m [1mNG8113: AsyncPipe is not used within the template of 
BrandComponent[0m [1m[35m[plugin angular-compiler][0m

    src/app/pages/ecommerce/brand/brand.component.ts:24:4:
[37m      24 Γöé     [32mAsyncPipe[37m,
         Γò╡     [32m~~~~~~~~~[0m


[33mΓû▓ [43;33m[[43;30mWARNING[43;33m][0m [1mNG8113: DecimalPipe is not used within the template of 
BrandComponent[0m [1m[35m[plugin angular-compiler][0m

    src/app/pages/ecommerce/brand/brand.component.ts:25:4:
[37m      25 Γöé     [32mDecimalPipe[37m,
         Γò╡     [32m~~~~~~~~~~~[0m


[33mΓû▓ [43;33m[[43;30mWARNING[43;33m][0m [1mNG8113: NgOptionHighlightDirective is not used within the template 
of BrandComponent[0m [1m[35m[plugin angular-compiler][0m

    src/app/pages/ecommerce/brand/brand.component.ts:41:4:
[37m      41 Γöé     [32mNgOptionHighlightDirective[37m,
         Γò╡     [32m~~~~~~~~~~~~~~~~~~~~~~~~~~[0m


[33mΓû▓ [43;33m[[43;30mWARNING[43;33m][0m [1mNG8113: AsyncPipe is not used within the template of 
CartComponent[0m [1m[35m[plugin angular-compiler][0m

    src/app/pages/ecommerce/cart/cart.component.ts:20:4:
[37m      20 Γöé     [32mAsyncPipe[37m,
         Γò╡     [32m~~~~~~~~~[0m


[33mΓû▓ [43;33m[[43;30mWARNING[43;33m][0m [1mNG8113: DecimalPipe is not used within the template of 
CartComponent[0m [1m[35m[plugin angular-compiler][0m

    src/app/pages/ecommerce/cart/cart.component.ts:21:4:
[37m      21 Γöé     [32mDecimalPipe[37m,
         Γò╡     [32m~~~~~~~~~~~[0m


[33mΓû▓ [43;33m[[43;30mWARNING[43;33m][0m [1mNG8113: NgbHighlight is not used within the template of 
CartComponent[0m [1m[35m[plugin angular-compiler][0m

    src/app/pages/ecommerce/cart/cart.component.ts:30:4:
[37m      30 Γöé     [32mNgbHighlight[37m,
         Γò╡     [32m~~~~~~~~~~~~[0m


[33mΓû▓ [43;33m[[43;30mWARNING[43;33m][0m [1mNG8113: NgOptionHighlightDirective is not used within the template 
of CartComponent[0m [1m[35m[plugin angular-compiler][0m

    src/app/pages/ecommerce/cart/cart.component.ts:37:4:
[37m      37 Γöé     [32mNgOptionHighlightDirective[37m,
         Γò╡     [32m~~~~~~~~~~~~~~~~~~~~~~~~~~[0m


[33mΓû▓ [43;33m[[43;30mWARNING[43;33m][0m [1mNG8113: AsyncPipe is not used within the template of 
AddCategoryComponent[0m [1m[35m[plugin angular-compiler][0m

    src/app/pages/ecommerce/category/add-category/add-category.component.ts:23:4:
[37m      23 Γöé     [32mAsyncPipe[37m,
         Γò╡     [32m~~~~~~~~~[0m


[33mΓû▓ [43;33m[[43;30mWARNING[43;33m][0m [1mNG8113: DecimalPipe is not used within the template of 
AddCategoryComponent[0m [1m[35m[plugin angular-compiler][0m

    src/app/pages/ecommerce/category/add-category/add-category.component.ts:24:4:
[37m      24 Γöé     [32mDecimalPipe[37m,
         Γò╡     [32m~~~~~~~~~~~[0m


[33mΓû▓ [43;33m[[43;30mWARNING[43;33m][0m [1mNG8113: NgbHighlight is not used within the template of 
AddCategoryComponent[0m [1m[35m[plugin angular-compiler][0m

    src/app/pages/ecommerce/category/add-category/add-category.component.ts:33:4:
[37m      33 Γöé     [32mNgbHighlight[37m,
         Γò╡     [32m~~~~~~~~~~~~[0m


[33mΓû▓ [43;33m[[43;30mWARNING[43;33m][0m [1mNG8113: NgOptionHighlightDirective is not used within the template 
of AddCategoryComponent[0m [1m[35m[plugin angular-compiler][0m

    src/app/pages/ecommerce/category/add-category/add-category.component.ts:40:4:
[37m      40 Γöé     [32mNgOptionHighlightDirective[37m,
         Γò╡     [32m~~~~~~~~~~~~~~~~~~~~~~~~~~[0m


[33mΓû▓ [43;33m[[43;30mWARNING[43;33m][0m [1mNG8113: AsyncPipe is not used within the template of 
CategoryComponent[0m [1m[35m[plugin angular-compiler][0m

    src/app/pages/ecommerce/category/category.component.ts:24:4:
[37m      24 Γöé     [32mAsyncPipe[37m,
         Γò╡     [32m~~~~~~~~~[0m


[33mΓû▓ [43;33m[[43;30mWARNING[43;33m][0m [1mNG8113: DecimalPipe is not used within the template of 
CategoryComponent[0m [1m[35m[plugin angular-compiler][0m

    src/app/pages/ecommerce/category/category.component.ts:25:4:
[37m      25 Γöé     [32mDecimalPipe[37m,
         Γò╡     [32m~~~~~~~~~~~[0m


[33mΓû▓ [43;33m[[43;30mWARNING[43;33m][0m [1mNG8113: NgOptionHighlightDirective is not used within the template 
of CategoryComponent[0m [1m[35m[plugin angular-compiler][0m

    src/app/pages/ecommerce/category/category.component.ts:41:4:
[37m      41 Γöé     [32mNgOptionHighlightDirective[37m,
         Γò╡     [32m~~~~~~~~~~~~~~~~~~~~~~~~~~[0m


[33mΓû▓ [43;33m[[43;30mWARNING[43;33m][0m [1mNG8113: AsyncPipe is not used within the template of 
CheckoutComponent[0m [1m[35m[plugin angular-compiler][0m

    src/app/pages/ecommerce/checkout/checkout.component.ts:18:4:
[37m      18 Γöé     [32mAsyncPipe[37m,
         Γò╡     [32m~~~~~~~~~[0m


[33mΓû▓ [43;33m[[43;30mWARNING[43;33m][0m [1mNG8113: DecimalPipe is not used within the template of 
CheckoutComponent[0m [1m[35m[plugin angular-compiler][0m

    src/app/pages/ecommerce/checkout/checkout.component.ts:19:4:
[37m      19 Γöé     [32mDecimalPipe[37m,
         Γò╡     [32m~~~~~~~~~~~[0m


[33mΓû▓ [43;33m[[43;30mWARNING[43;33m][0m [1mNG8113: NgbHighlight is not used within the template of 
CheckoutComponent[0m [1m[35m[plugin angular-compiler][0m

    src/app/pages/ecommerce/checkout/checkout.component.ts:28:4:
[37m      28 Γöé     [32mNgbHighlight[37m,
         Γò╡     [32m~~~~~~~~~~~~[0m


[33mΓû▓ [43;33m[[43;30mWARNING[43;33m][0m [1mNG8113: NgOptionHighlightDirective is not used within the template 
of CheckoutComponent[0m [1m[35m[plugin angular-compiler][0m

    src/app/pages/ecommerce/checkout/checkout.component.ts:35:4:
[37m      35 Γöé     [32mNgOptionHighlightDirective[37m,
         Γò╡     [32m~~~~~~~~~~~~~~~~~~~~~~~~~~[0m


[33mΓû▓ [43;33m[[43;30mWARNING[43;33m][0m [1mNG8113: AsyncPipe is not used within the template of 
AddCouponsComponent[0m [1m[35m[plugin angular-compiler][0m

    src/app/pages/ecommerce/coupons/add-coupons/add-coupons.component.ts:26:4:
[37m      26 Γöé     [32mAsyncPipe[37m,
         Γò╡     [32m~~~~~~~~~[0m


[33mΓû▓ [43;33m[[43;30mWARNING[43;33m][0m [1mNG8113: DecimalPipe is not used within the template of 
AddCouponsComponent[0m [1m[35m[plugin angular-compiler][0m

    src/app/pages/ecommerce/coupons/add-coupons/add-coupons.component.ts:27:4:
[37m      27 Γöé     [32mDecimalPipe[37m,
         Γò╡     [32m~~~~~~~~~~~[0m


[33mΓû▓ [43;33m[[43;30mWARNING[43;33m][0m [1mNG8113: NgbHighlight is not used within the template of 
AddCouponsComponent[0m [1m[35m[plugin angular-compiler][0m

    src/app/pages/ecommerce/coupons/add-coupons/add-coupons.component.ts:36:4:
[37m      36 Γöé     [32mNgbHighlight[37m,
         Γò╡     [32m~~~~~~~~~~~~[0m


[33mΓû▓ [43;33m[[43;30mWARNING[43;33m][0m [1mNG8113: NgOptionHighlightDirective is not used within the template 
of AddCouponsComponent[0m [1m[35m[plugin angular-compiler][0m

    src/app/pages/ecommerce/coupons/add-coupons/add-coupons.component.ts:43:4:
[37m      43 Γöé     [32mNgOptionHighlightDirective[37m,
         Γò╡     [32m~~~~~~~~~~~~~~~~~~~~~~~~~~[0m


[33mΓû▓ [43;33m[[43;30mWARNING[43;33m][0m [1mNG8113: AsyncPipe is not used within the template of 
CouponsComponent[0m [1m[35m[plugin angular-compiler][0m

    src/app/pages/ecommerce/coupons/coupons.component.ts:22:4:
[37m      22 Γöé     [32mAsyncPipe[37m,
         Γò╡     [32m~~~~~~~~~[0m


[33mΓû▓ [43;33m[[43;30mWARNING[43;33m][0m [1mNG8113: DecimalPipe is not used within the template of 
CouponsComponent[0m [1m[35m[plugin angular-compiler][0m

    src/app/pages/ecommerce/coupons/coupons.component.ts:23:4:
[37m      23 Γöé     [32mDecimalPipe[37m,
         Γò╡     [32m~~~~~~~~~~~[0m


[33mΓû▓ [43;33m[[43;30mWARNING[43;33m][0m [1mNG8113: NgOptionHighlightDirective is not used within the template 
of CouponsComponent[0m [1m[35m[plugin angular-compiler][0m

    src/app/pages/ecommerce/coupons/coupons.component.ts:39:4:
[37m      39 Γöé     [32mNgOptionHighlightDirective[37m,
         Γò╡     [32m~~~~~~~~~~~~~~~~~~~~~~~~~~[0m


[33mΓû▓ [43;33m[[43;30mWARNING[43;33m][0m [1mNG8113: DecimalPipe is not used within the template of 
CustomersComponent[0m [1m[35m[plugin angular-compiler][0m

    src/app/pages/ecommerce/customers/customers.component.ts:24:4:
[37m      24 Γöé     [32mDecimalPipe[37m,
         Γò╡     [32m~~~~~~~~~~~[0m


[33mΓû▓ [43;33m[[43;30mWARNING[43;33m][0m [1mNG8113: NgOptionHighlightDirective is not used within the template 
of CustomersComponent[0m [1m[35m[plugin angular-compiler][0m

    src/app/pages/ecommerce/customers/customers.component.ts:40:4:
[37m      40 Γöé     [32mNgOptionHighlightDirective[37m,
         Γò╡     [32m~~~~~~~~~~~~~~~~~~~~~~~~~~[0m


[33mΓû▓ [43;33m[[43;30mWARNING[43;33m][0m [1mNG8113: AsyncPipe is not used within the template of 
AddHealthConcernComponent[0m [1m[35m[plugin angular-compiler][0m

    src/app/pages/ecommerce/health-concern/add-health-concern/add-health-concern.component.ts:23:4:
[37m      23 Γöé     [32mAsyncPipe[37m,
         Γò╡     [32m~~~~~~~~~[0m


[33mΓû▓ [43;33m[[43;30mWARNING[43;33m][0m [1mNG8113: DecimalPipe is not used within the template of 
AddHealthConcernComponent[0m [1m[35m[plugin angular-compiler][0m

    src/app/pages/ecommerce/health-concern/add-health-concern/add-health-concern.component.ts:24:4:
[37m      24 Γöé     [32mDecimalPipe[37m,
         Γò╡     [32m~~~~~~~~~~~[0m


[33mΓû▓ [43;33m[[43;30mWARNING[43;33m][0m [1mNG8113: NgbHighlight is not used within the template of 
AddHealthConcernComponent[0m [1m[35m[plugin angular-compiler][0m

    src/app/pages/ecommerce/health-concern/add-health-concern/add-health-concern.component.ts:33:4:
[37m      33 Γöé     [32mNgbHighlight[37m,
         Γò╡     [32m~~~~~~~~~~~~[0m


[33mΓû▓ [43;33m[[43;30mWARNING[43;33m][0m [1mNG8113: NgOptionHighlightDirective is not used within the template 
of AddHealthConcernComponent[0m [1m[35m[plugin angular-compiler][0m

    src/app/pages/ecommerce/health-concern/add-health-concern/add-health-concern.component.ts:40:4:
[37m      40 Γöé     [32mNgOptionHighlightDirective[37m,
         Γò╡     [32m~~~~~~~~~~~~~~~~~~~~~~~~~~[0m


[33mΓû▓ [43;33m[[43;30mWARNING[43;33m][0m [1mNG8113: AsyncPipe is not used within the template of 
HealthConcernComponent[0m [1m[35m[plugin angular-compiler][0m

    src/app/pages/ecommerce/health-concern/health-concern.component.ts:24:4:
[37m      24 Γöé     [32mAsyncPipe[37m,
         Γò╡     [32m~~~~~~~~~[0m


[33mΓû▓ [43;33m[[43;30mWARNING[43;33m][0m [1mNG8113: DecimalPipe is not used within the template of 
HealthConcernComponent[0m [1m[35m[plugin angular-compiler][0m

    src/app/pages/ecommerce/health-concern/health-concern.component.ts:25:4:
[37m      25 Γöé     [32mDecimalPipe[37m,
         Γò╡     [32m~~~~~~~~~~~[0m


[33mΓû▓ [43;33m[[43;30mWARNING[43;33m][0m [1mNG8113: NgOptionHighlightDirective is not used within the template 
of HealthConcernComponent[0m [1m[35m[plugin angular-compiler][0m

    src/app/pages/ecommerce/health-concern/health-concern.component.ts:41:4:
[37m      41 Γöé     [32mNgOptionHighlightDirective[37m,
         Γò╡     [32m~~~~~~~~~~~~~~~~~~~~~~~~~~[0m


[33mΓû▓ [43;33m[[43;30mWARNING[43;33m][0m [1mNG8113: AsyncPipe is not used within the template of 
AddMenuComponent[0m [1m[35m[plugin angular-compiler][0m

    src/app/pages/ecommerce/menu/add-menu/add-menu.component.ts:24:4:
[37m      24 Γöé     [32mAsyncPipe[37m,
         Γò╡     [32m~~~~~~~~~[0m


[33mΓû▓ [43;33m[[43;30mWARNING[43;33m][0m [1mNG8113: DecimalPipe is not used within the template of 
AddMenuComponent[0m [1m[35m[plugin angular-compiler][0m

    src/app/pages/ecommerce/menu/add-menu/add-menu.component.ts:25:4:
[37m      25 Γöé     [32mDecimalPipe[37m,
         Γò╡     [32m~~~~~~~~~~~[0m


[33mΓû▓ [43;33m[[43;30mWARNING[43;33m][0m [1mNG8113: NgbHighlight is not used within the template of 
AddMenuComponent[0m [1m[35m[plugin angular-compiler][0m

    src/app/pages/ecommerce/menu/add-menu/add-menu.component.ts:34:4:
[37m      34 Γöé     [32mNgbHighlight[37m,
         Γò╡     [32m~~~~~~~~~~~~[0m


[33mΓû▓ [43;33m[[43;30mWARNING[43;33m][0m [1mNG8113: NgOptionHighlightDirective is not used within the template 
of AddMenuComponent[0m [1m[35m[plugin angular-compiler][0m

    src/app/pages/ecommerce/menu/add-menu/add-menu.component.ts:41:4:
[37m      41 Γöé     [32mNgOptionHighlightDirective[37m,
         Γò╡     [32m~~~~~~~~~~~~~~~~~~~~~~~~~~[0m


[33mΓû▓ [43;33m[[43;30mWARNING[43;33m][0m [1mNG8113: AsyncPipe is not used within the template of 
MenuComponent[0m [1m[35m[plugin angular-compiler][0m

    src/app/pages/ecommerce/menu/menu.component.ts:25:4:
[37m      25 Γöé     [32mAsyncPipe[37m,
         Γò╡     [32m~~~~~~~~~[0m


[33mΓû▓ [43;33m[[43;30mWARNING[43;33m][0m [1mNG8113: DecimalPipe is not used within the template of 
MenuComponent[0m [1m[35m[plugin angular-compiler][0m

    src/app/pages/ecommerce/menu/menu.component.ts:26:4:
[37m      26 Γöé     [32mDecimalPipe[37m,
         Γò╡     [32m~~~~~~~~~~~[0m


[33mΓû▓ [43;33m[[43;30mWARNING[43;33m][0m [1mNG8113: NgbHighlight is not used within the template of 
MenuComponent[0m [1m[35m[plugin angular-compiler][0m

    src/app/pages/ecommerce/menu/menu.component.ts:35:4:
[37m      35 Γöé     [32mNgbHighlight[37m,
         Γò╡     [32m~~~~~~~~~~~~[0m


[33mΓû▓ [43;33m[[43;30mWARNING[43;33m][0m [1mNG8113: NgOptionHighlightDirective is not used within the template 
of MenuComponent[0m [1m[35m[plugin angular-compiler][0m

    src/app/pages/ecommerce/menu/menu.component.ts:42:4:
[37m      42 Γöé     [32mNgOptionHighlightDirective[37m,
         Γò╡     [32m~~~~~~~~~~~~~~~~~~~~~~~~~~[0m


[33mΓû▓ [43;33m[[43;30mWARNING[43;33m][0m [1mNG8113: AsyncPipe is not used within the template of 
AddAttributeToSetComponent[0m [1m[35m[plugin angular-compiler][0m

    src/app/pages/ecommerce/modals/add-attribute-to-set/add-attribute-to-set.component.ts:20:4:
[37m      20 Γöé     [32mAsyncPipe[37m,
         Γò╡     [32m~~~~~~~~~[0m


[33mΓû▓ [43;33m[[43;30mWARNING[43;33m][0m [1mNG8113: DecimalPipe is not used within the template of 
AddAttributeToSetComponent[0m [1m[35m[plugin angular-compiler][0m

    src/app/pages/ecommerce/modals/add-attribute-to-set/add-attribute-to-set.component.ts:21:4:
[37m      21 Γöé     [32mDecimalPipe[37m,
         Γò╡     [32m~~~~~~~~~~~[0m


[33mΓû▓ [43;33m[[43;30mWARNING[43;33m][0m [1mNG8113: NgbHighlight is not used within the template of 
AddAttributeToSetComponent[0m [1m[35m[plugin angular-compiler][0m

    src/app/pages/ecommerce/modals/add-attribute-to-set/add-attribute-to-set.component.ts:30:4:
[37m      30 Γöé     [32mNgbHighlight[37m,
         Γò╡     [32m~~~~~~~~~~~~[0m


[33mΓû▓ [43;33m[[43;30mWARNING[43;33m][0m [1mNG8113: NgOptionHighlightDirective is not used within the template 
of AddAttributeToSetComponent[0m [1m[35m[plugin angular-compiler][0m

    src/app/pages/ecommerce/modals/add-attribute-to-set/add-attribute-to-set.component.ts:37:4:
[37m      37 Γöé     [32mNgOptionHighlightDirective[37m,
         Γò╡     [32m~~~~~~~~~~~~~~~~~~~~~~~~~~[0m


[33mΓû▓ [43;33m[[43;30mWARNING[43;33m][0m [1mNG8113: AsyncPipe is not used within the template of 
AddAttributeComponent[0m [1m[35m[plugin angular-compiler][0m

    src/app/pages/ecommerce/modals/add-attribute/add-attribute.component.ts:20:4:
[37m      20 Γöé     [32mAsyncPipe[37m,
         Γò╡     [32m~~~~~~~~~[0m


[33mΓû▓ [43;33m[[43;30mWARNING[43;33m][0m [1mNG8113: DecimalPipe is not used within the template of 
AddAttributeComponent[0m [1m[35m[plugin angular-compiler][0m

    src/app/pages/ecommerce/modals/add-attribute/add-attribute.component.ts:21:4:
[37m      21 Γöé     [32mDecimalPipe[37m,
         Γò╡     [32m~~~~~~~~~~~[0m


[33mΓû▓ [43;33m[[43;30mWARNING[43;33m][0m [1mNG8113: NgbHighlight is not used within the template of 
AddAttributeComponent[0m [1m[35m[plugin angular-compiler][0m

    src/app/pages/ecommerce/modals/add-attribute/add-attribute.component.ts:30:4:
[37m      30 Γöé     [32mNgbHighlight[37m,
         Γò╡     [32m~~~~~~~~~~~~[0m


[33mΓû▓ [43;33m[[43;30mWARNING[43;33m][0m [1mNG8113: NgOptionHighlightDirective is not used within the template 
of AddAttributeComponent[0m [1m[35m[plugin angular-compiler][0m

    src/app/pages/ecommerce/modals/add-attribute/add-attribute.component.ts:37:4:
[37m      37 Γöé     [32mNgOptionHighlightDirective[37m,
         Γò╡     [32m~~~~~~~~~~~~~~~~~~~~~~~~~~[0m


[33mΓû▓ [43;33m[[43;30mWARNING[43;33m][0m [1mNG8113: AsyncPipe is not used within the template of 
AddTypesComponent[0m [1m[35m[plugin angular-compiler][0m

    src/app/pages/ecommerce/modals/add-types/add-types.component.ts:20:4:
[37m      20 Γöé     [32mAsyncPipe[37m,
         Γò╡     [32m~~~~~~~~~[0m


[33mΓû▓ [43;33m[[43;30mWARNING[43;33m][0m [1mNG8113: DecimalPipe is not used within the template of 
AddTypesComponent[0m [1m[35m[plugin angular-compiler][0m

    src/app/pages/ecommerce/modals/add-types/add-types.component.ts:21:4:
[37m      21 Γöé     [32mDecimalPipe[37m,
         Γò╡     [32m~~~~~~~~~~~[0m


[33mΓû▓ [43;33m[[43;30mWARNING[43;33m][0m [1mNG8113: NgbHighlight is not used within the template of 
AddTypesComponent[0m [1m[35m[plugin angular-compiler][0m

    src/app/pages/ecommerce/modals/add-types/add-types.component.ts:30:4:
[37m      30 Γöé     [32mNgbHighlight[37m,
         Γò╡     [32m~~~~~~~~~~~~[0m


[33mΓû▓ [43;33m[[43;30mWARNING[43;33m][0m [1mNG8113: NgOptionHighlightDirective is not used within the template 
of AddTypesComponent[0m [1m[35m[plugin angular-compiler][0m

    src/app/pages/ecommerce/modals/add-types/add-types.component.ts:37:4:
[37m      37 Γöé     [32mNgOptionHighlightDirective[37m,
         Γò╡     [32m~~~~~~~~~~~~~~~~~~~~~~~~~~[0m


[33mΓû▓ [43;33m[[43;30mWARNING[43;33m][0m [1mNG8113: AsyncPipe is not used within the template of 
AddVariationComponent[0m [1m[35m[plugin angular-compiler][0m

    src/app/pages/ecommerce/modals/add-variation/add-variation.component.ts:20:4:
[37m      20 Γöé     [32mAsyncPipe[37m,
         Γò╡     [32m~~~~~~~~~[0m


[33mΓû▓ [43;33m[[43;30mWARNING[43;33m][0m [1mNG8113: DecimalPipe is not used within the template of 
AddVariationComponent[0m [1m[35m[plugin angular-compiler][0m

    src/app/pages/ecommerce/modals/add-variation/add-variation.component.ts:21:4:
[37m      21 Γöé     [32mDecimalPipe[37m,
         Γò╡     [32m~~~~~~~~~~~[0m


[33mΓû▓ [43;33m[[43;30mWARNING[43;33m][0m [1mNG8113: NgbHighlight is not used within the template of 
AddVariationComponent[0m [1m[35m[plugin angular-compiler][0m

    src/app/pages/ecommerce/modals/add-variation/add-variation.component.ts:30:4:
[37m      30 Γöé     [32mNgbHighlight[37m,
         Γò╡     [32m~~~~~~~~~~~~[0m


[33mΓû▓ [43;33m[[43;30mWARNING[43;33m][0m [1mNG8113: NgOptionHighlightDirective is not used within the template 
of AddVariationComponent[0m [1m[35m[plugin angular-compiler][0m

    src/app/pages/ecommerce/modals/add-variation/add-variation.component.ts:37:4:
[37m      37 Γöé     [32mNgOptionHighlightDirective[37m,
         Γò╡     [32m~~~~~~~~~~~~~~~~~~~~~~~~~~[0m


[33mΓû▓ [43;33m[[43;30mWARNING[43;33m][0m [1mNG8113: AsyncPipe is not used within the template of 
NewDateComponent[0m [1m[35m[plugin angular-compiler][0m

    src/app/pages/ecommerce/modals/new-date/new-date.component.ts:18:4:
[37m      18 Γöé     [32mAsyncPipe[37m,
         Γò╡     [32m~~~~~~~~~[0m


[33mΓû▓ [43;33m[[43;30mWARNING[43;33m][0m [1mNG8113: DecimalPipe is not used within the template of 
NewDateComponent[0m [1m[35m[plugin angular-compiler][0m

    src/app/pages/ecommerce/modals/new-date/new-date.component.ts:19:4:
[37m      19 Γöé     [32mDecimalPipe[37m,
         Γò╡     [32m~~~~~~~~~~~[0m


[33mΓû▓ [43;33m[[43;30mWARNING[43;33m][0m [1mNG8113: NgbHighlight is not used within the template of 
NewDateComponent[0m [1m[35m[plugin angular-compiler][0m

    src/app/pages/ecommerce/modals/new-date/new-date.component.ts:28:4:
[37m      28 Γöé     [32mNgbHighlight[37m,
         Γò╡     [32m~~~~~~~~~~~~[0m


[33mΓû▓ [43;33m[[43;30mWARNING[43;33m][0m [1mNG8113: NgOptionHighlightDirective is not used within the template 
of NewDateComponent[0m [1m[35m[plugin angular-compiler][0m

    src/app/pages/ecommerce/modals/new-date/new-date.component.ts:35:4:
[37m      35 Γöé     [32mNgOptionHighlightDirective[37m,
         Γò╡     [32m~~~~~~~~~~~~~~~~~~~~~~~~~~[0m


[33mΓû▓ [43;33m[[43;30mWARNING[43;33m][0m [1mNG8113: AsyncPipe is not used within the template of 
RefundModalComponent[0m [1m[35m[plugin angular-compiler][0m

    src/app/pages/ecommerce/modals/refund/refund-modal/refund-modal.component.ts:21:4:
[37m      21 Γöé     [32mAsyncPipe[37m,
         Γò╡     [32m~~~~~~~~~[0m


[33mΓû▓ [43;33m[[43;30mWARNING[43;33m][0m [1mNG8113: DecimalPipe is not used within the template of 
RefundModalComponent[0m [1m[35m[plugin angular-compiler][0m

    src/app/pages/ecommerce/modals/refund/refund-modal/refund-modal.component.ts:22:4:
[37m      22 Γöé     [32mDecimalPipe[37m,
         Γò╡     [32m~~~~~~~~~~~[0m


[33mΓû▓ [43;33m[[43;30mWARNING[43;33m][0m [1mNG8113: NgbHighlight is not used within the template of 
RefundModalComponent[0m [1m[35m[plugin angular-compiler][0m

    src/app/pages/ecommerce/modals/refund/refund-modal/refund-modal.component.ts:31:4:
[37m      31 Γöé     [32mNgbHighlight[37m,
         Γò╡     [32m~~~~~~~~~~~~[0m


[33mΓû▓ [43;33m[[43;30mWARNING[43;33m][0m [1mNG8113: NgOptionHighlightDirective is not used within the template 
of RefundModalComponent[0m [1m[35m[plugin angular-compiler][0m

    src/app/pages/ecommerce/modals/refund/refund-modal/refund-modal.component.ts:38:4:
[37m      38 Γöé     [32mNgOptionHighlightDirective[37m,
         Γò╡     [32m~~~~~~~~~~~~~~~~~~~~~~~~~~[0m


[33mΓû▓ [43;33m[[43;30mWARNING[43;33m][0m [1mNG8113: AsyncPipe is not used within the template of 
RemoveModalComponent[0m [1m[35m[plugin angular-compiler][0m

    src/app/pages/ecommerce/modals/remove/remove-modal/remove-modal.component.ts:18:4:
[37m      18 Γöé     [32mAsyncPipe[37m,
         Γò╡     [32m~~~~~~~~~[0m


[33mΓû▓ [43;33m[[43;30mWARNING[43;33m][0m [1mNG8113: DecimalPipe is not used within the template of 
RemoveModalComponent[0m [1m[35m[plugin angular-compiler][0m

    src/app/pages/ecommerce/modals/remove/remove-modal/remove-modal.component.ts:19:4:
[37m      19 Γöé     [32mDecimalPipe[37m,
         Γò╡     [32m~~~~~~~~~~~[0m


[33mΓû▓ [43;33m[[43;30mWARNING[43;33m][0m [1mNG8113: NgbHighlight is not used within the template of 
RemoveModalComponent[0m [1m[35m[plugin angular-compiler][0m

    src/app/pages/ecommerce/modals/remove/remove-modal/remove-modal.component.ts:28:4:
[37m      28 Γöé     [32mNgbHighlight[37m,
         Γò╡     [32m~~~~~~~~~~~~[0m


[33mΓû▓ [43;33m[[43;30mWARNING[43;33m][0m [1mNG8113: NgOptionHighlightDirective is not used within the template 
of RemoveModalComponent[0m [1m[35m[plugin angular-compiler][0m

    src/app/pages/ecommerce/modals/remove/remove-modal/remove-modal.component.ts:35:4:
[37m      35 Γöé     [32mNgOptionHighlightDirective[37m,
         Γò╡     [32m~~~~~~~~~~~~~~~~~~~~~~~~~~[0m


[33mΓû▓ [43;33m[[43;30mWARNING[43;33m][0m [1mNG8113: AsyncPipe is not used within the template of 
SeasonSpecialComponent[0m [1m[35m[plugin angular-compiler][0m

    src/app/pages/ecommerce/modals/season-special/season-special.component.ts:19:4:
[37m      19 Γöé     [32mAsyncPipe[37m,
         Γò╡     [32m~~~~~~~~~[0m


[33mΓû▓ [43;33m[[43;30mWARNING[43;33m][0m [1mNG8113: DecimalPipe is not used within the template of 
SeasonSpecialComponent[0m [1m[35m[plugin angular-compiler][0m

    src/app/pages/ecommerce/modals/season-special/season-special.component.ts:20:4:
[37m      20 Γöé     [32mDecimalPipe[37m,
         Γò╡     [32m~~~~~~~~~~~[0m


[33mΓû▓ [43;33m[[43;30mWARNING[43;33m][0m [1mNG8113: NgbHighlight is not used within the template of 
SeasonSpecialComponent[0m [1m[35m[plugin angular-compiler][0m

    src/app/pages/ecommerce/modals/season-special/season-special.component.ts:29:4:
[37m      29 Γöé     [32mNgbHighlight[37m,
         Γò╡     [32m~~~~~~~~~~~~[0m


[33mΓû▓ [43;33m[[43;30mWARNING[43;33m][0m [1mNG8113: NgOptionHighlightDirective is not used within the template 
of SeasonSpecialComponent[0m [1m[35m[plugin angular-compiler][0m

    src/app/pages/ecommerce/modals/season-special/season-special.component.ts:36:4:
[37m      36 Γöé     [32mNgOptionHighlightDirective[37m,
         Γò╡     [32m~~~~~~~~~~~~~~~~~~~~~~~~~~[0m


[33mΓû▓ [43;33m[[43;30mWARNING[43;33m][0m [1mNG8113: AsyncPipe is not used within the template of 
CreateOrderComponent[0m [1m[35m[plugin angular-compiler][0m

    src/app/pages/ecommerce/orders/create-order/create-order.component.ts:24:4:
[37m      24 Γöé     [32mAsyncPipe[37m,
         Γò╡     [32m~~~~~~~~~[0m


[33mΓû▓ [43;33m[[43;30mWARNING[43;33m][0m [1mNG8113: DecimalPipe is not used within the template of 
CreateOrderComponent[0m [1m[35m[plugin angular-compiler][0m

    src/app/pages/ecommerce/orders/create-order/create-order.component.ts:25:4:
[37m      25 Γöé     [32mDecimalPipe[37m,
         Γò╡     [32m~~~~~~~~~~~[0m


[33mΓû▓ [43;33m[[43;30mWARNING[43;33m][0m [1mNG8113: NgbHighlight is not used within the template of 
CreateOrderComponent[0m [1m[35m[plugin angular-compiler][0m

    src/app/pages/ecommerce/orders/create-order/create-order.component.ts:34:4:
[37m      34 Γöé     [32mNgbHighlight[37m,
         Γò╡     [32m~~~~~~~~~~~~[0m


[33mΓû▓ [43;33m[[43;30mWARNING[43;33m][0m [1mNG8113: NgOptionHighlightDirective is not used within the template 
of CreateOrderComponent[0m [1m[35m[plugin angular-compiler][0m

    src/app/pages/ecommerce/orders/create-order/create-order.component.ts:41:4:
[37m      41 Γöé     [32mNgOptionHighlightDirective[37m,
         Γò╡     [32m~~~~~~~~~~~~~~~~~~~~~~~~~~[0m


[33mΓû▓ [43;33m[[43;30mWARNING[43;33m][0m [1mNG8113: AsyncPipe is not used within the template of 
EnquiryDetailComponent[0m [1m[35m[plugin angular-compiler][0m

    src/app/pages/ecommerce/orders/enquiry-detail/enquiry-detail.component.ts:20:4:
[37m      20 Γöé     [32mAsyncPipe[37m,
         Γò╡     [32m~~~~~~~~~[0m


[33mΓû▓ [43;33m[[43;30mWARNING[43;33m][0m [1mNG8113: DecimalPipe is not used within the template of 
EnquiryDetailComponent[0m [1m[35m[plugin angular-compiler][0m

    src/app/pages/ecommerce/orders/enquiry-detail/enquiry-detail.component.ts:21:4:
[37m      21 Γöé     [32mDecimalPipe[37m,
         Γò╡     [32m~~~~~~~~~~~[0m


[33mΓû▓ [43;33m[[43;30mWARNING[43;33m][0m [1mNG8113: NgbHighlight is not used within the template of 
EnquiryDetailComponent[0m [1m[35m[plugin angular-compiler][0m

    src/app/pages/ecommerce/orders/enquiry-detail/enquiry-detail.component.ts:30:4:
[37m      30 Γöé     [32mNgbHighlight[37m,
         Γò╡     [32m~~~~~~~~~~~~[0m


[33mΓû▓ [43;33m[[43;30mWARNING[43;33m][0m [1mNG8113: NgOptionHighlightDirective is not used within the template 
of EnquiryDetailComponent[0m [1m[35m[plugin angular-compiler][0m

    src/app/pages/ecommerce/orders/enquiry-detail/enquiry-detail.component.ts:37:4:
[37m      37 Γöé     [32mNgOptionHighlightDirective[37m,
         Γò╡     [32m~~~~~~~~~~~~~~~~~~~~~~~~~~[0m


[33mΓû▓ [43;33m[[43;30mWARNING[43;33m][0m [1mNG8113: AsyncPipe is not used within the template of 
EnquiryListComponent[0m [1m[35m[plugin angular-compiler][0m

    src/app/pages/ecommerce/orders/enquiry-list/enquiry-list.component.ts:21:4:
[37m      21 Γöé     [32mAsyncPipe[37m,
         Γò╡     [32m~~~~~~~~~[0m


[33mΓû▓ [43;33m[[43;30mWARNING[43;33m][0m [1mNG8113: DecimalPipe is not used within the template of 
EnquiryListComponent[0m [1m[35m[plugin angular-compiler][0m

    src/app/pages/ecommerce/orders/enquiry-list/enquiry-list.component.ts:22:4:
[37m      22 Γöé     [32mDecimalPipe[37m,
         Γò╡     [32m~~~~~~~~~~~[0m


[33mΓû▓ [43;33m[[43;30mWARNING[43;33m][0m [1mNG8113: NgbHighlight is not used within the template of 
EnquiryListComponent[0m [1m[35m[plugin angular-compiler][0m

    src/app/pages/ecommerce/orders/enquiry-list/enquiry-list.component.ts:31:4:
[37m      31 Γöé     [32mNgbHighlight[37m,
         Γò╡     [32m~~~~~~~~~~~~[0m


[33mΓû▓ [43;33m[[43;30mWARNING[43;33m][0m [1mNG8113: NgOptionHighlightDirective is not used within the template 
of EnquiryListComponent[0m [1m[35m[plugin angular-compiler][0m

    src/app/pages/ecommerce/orders/enquiry-list/enquiry-list.component.ts:38:4:
[37m      38 Γöé     [32mNgOptionHighlightDirective[37m,
         Γò╡     [32m~~~~~~~~~~~~~~~~~~~~~~~~~~[0m


[33mΓû▓ [43;33m[[43;30mWARNING[43;33m][0m [1mNG8113: AsyncPipe is not used within the template of 
InternationalEnquiryDetailComponent[0m [1m[35m[plugin angular-compiler][0m

    src/app/pages/ecommerce/orders/international-enquiry-detail/international-enquiry-detail.component.ts:20:4:
[37m      20 Γöé     [32mAsyncPipe[37m,
         Γò╡     [32m~~~~~~~~~[0m


[33mΓû▓ [43;33m[[43;30mWARNING[43;33m][0m [1mNG8113: DecimalPipe is not used within the template of 
InternationalEnquiryDetailComponent[0m [1m[35m[plugin angular-compiler][0m

    src/app/pages/ecommerce/orders/international-enquiry-detail/international-enquiry-detail.component.ts:21:4:
[37m      21 Γöé     [32mDecimalPipe[37m,
         Γò╡     [32m~~~~~~~~~~~[0m


[33mΓû▓ [43;33m[[43;30mWARNING[43;33m][0m [1mNG8113: NgbHighlight is not used within the template of 
InternationalEnquiryDetailComponent[0m [1m[35m[plugin angular-compiler][0m

    src/app/pages/ecommerce/orders/international-enquiry-detail/international-enquiry-detail.component.ts:30:4:
[37m      30 Γöé     [32mNgbHighlight[37m,
         Γò╡     [32m~~~~~~~~~~~~[0m


[33mΓû▓ [43;33m[[43;30mWARNING[43;33m][0m [1mNG8113: NgOptionHighlightDirective is not used within the template 
of InternationalEnquiryDetailComponent[0m [1m[35m[plugin angular-compiler][0m

    src/app/pages/ecommerce/orders/international-enquiry-detail/international-enquiry-detail.component.ts:37:4:
[37m      37 Γöé     [32mNgOptionHighlightDirective[37m,
         Γò╡     [32m~~~~~~~~~~~~~~~~~~~~~~~~~~[0m


[33mΓû▓ [43;33m[[43;30mWARNING[43;33m][0m [1mNG8113: AsyncPipe is not used within the template of 
InternationalEnquiryListComponent[0m [1m[35m[plugin angular-compiler][0m

    src/app/pages/ecommerce/orders/international-enquiry-list/international-enquiry-list.component.ts:21:4:
[37m      21 Γöé     [32mAsyncPipe[37m,
         Γò╡     [32m~~~~~~~~~[0m


[33mΓû▓ [43;33m[[43;30mWARNING[43;33m][0m [1mNG8113: DecimalPipe is not used within the template of 
InternationalEnquiryListComponent[0m [1m[35m[plugin angular-compiler][0m

    src/app/pages/ecommerce/orders/international-enquiry-list/international-enquiry-list.component.ts:22:4:
[37m      22 Γöé     [32mDecimalPipe[37m,
         Γò╡     [32m~~~~~~~~~~~[0m


[33mΓû▓ [43;33m[[43;30mWARNING[43;33m][0m [1mNG8113: NgbHighlight is not used within the template of 
InternationalEnquiryListComponent[0m [1m[35m[plugin angular-compiler][0m

    src/app/pages/ecommerce/orders/international-enquiry-list/international-enquiry-list.component.ts:31:4:
[37m      31 Γöé     [32mNgbHighlight[37m,
         Γò╡     [32m~~~~~~~~~~~~[0m


[33mΓû▓ [43;33m[[43;30mWARNING[43;33m][0m [1mNG8113: NgOptionHighlightDirective is not used within the template 
of InternationalEnquiryListComponent[0m [1m[35m[plugin angular-compiler][0m

    src/app/pages/ecommerce/orders/international-enquiry-list/international-enquiry-list.component.ts:38:4:
[37m      38 Γöé     [32mNgOptionHighlightDirective[37m,
         Γò╡     [32m~~~~~~~~~~~~~~~~~~~~~~~~~~[0m


[33mΓû▓ [43;33m[[43;30mWARNING[43;33m][0m [1mNG8113: AsyncPipe is not used within the template of 
OrderDetailComponent[0m [1m[35m[plugin angular-compiler][0m

    src/app/pages/ecommerce/orders/order-detail/order-detail.component.ts:23:4:
[37m      23 Γöé     [32mAsyncPipe[37m,
         Γò╡     [32m~~~~~~~~~[0m


[33mΓû▓ [43;33m[[43;30mWARNING[43;33m][0m [1mNG8113: DecimalPipe is not used within the template of 
OrderDetailComponent[0m [1m[35m[plugin angular-compiler][0m

    src/app/pages/ecommerce/orders/order-detail/order-detail.component.ts:24:4:
[37m      24 Γöé     [32mDecimalPipe[37m,
         Γò╡     [32m~~~~~~~~~~~[0m


[33mΓû▓ [43;33m[[43;30mWARNING[43;33m][0m [1mNG8113: NgOptionHighlightDirective is not used within the template 
of OrderDetailComponent[0m [1m[35m[plugin angular-compiler][0m

    src/app/pages/ecommerce/orders/order-detail/order-detail.component.ts:40:4:
[37m      40 Γöé     [32mNgOptionHighlightDirective[37m,
         Γò╡     [32m~~~~~~~~~~~~~~~~~~~~~~~~~~[0m


[33mΓû▓ [43;33m[[43;30mWARNING[43;33m][0m [1mNG8113: AsyncPipe is not used within the template of 
OrdersComponent[0m [1m[35m[plugin angular-compiler][0m

    src/app/pages/ecommerce/orders/orders.component.ts:36:4:
[37m      36 Γöé     [32mAsyncPipe[37m,
         Γò╡     [32m~~~~~~~~~[0m


[33mΓû▓ [43;33m[[43;30mWARNING[43;33m][0m [1mNG8113: DecimalPipe is not used within the template of 
OrdersComponent[0m [1m[35m[plugin angular-compiler][0m

    src/app/pages/ecommerce/orders/orders.component.ts:37:4:
[37m      37 Γöé     [32mDecimalPipe[37m,
         Γò╡     [32m~~~~~~~~~~~[0m


[33mΓû▓ [43;33m[[43;30mWARNING[43;33m][0m [1mNG8113: NgOptionHighlightDirective is not used within the template 
of OrdersComponent[0m [1m[35m[plugin angular-compiler][0m

    src/app/pages/ecommerce/orders/orders.component.ts:53:4:
[37m      53 Γöé     [32mNgOptionHighlightDirective[37m,
         Γò╡     [32m~~~~~~~~~~~~~~~~~~~~~~~~~~[0m


[33mΓû▓ [43;33m[[43;30mWARNING[43;33m][0m [1mNG8113: AsyncPipe is not used within the template of 
ShippmentComponent[0m [1m[35m[plugin angular-compiler][0m

    src/app/pages/ecommerce/orders/shippment/shippment.component.ts:23:4:
[37m      23 Γöé     [32mAsyncPipe[37m,
         Γò╡     [32m~~~~~~~~~[0m


[33mΓû▓ [43;33m[[43;30mWARNING[43;33m][0m [1mNG8113: DecimalPipe is not used within the template of 
ShippmentComponent[0m [1m[35m[plugin angular-compiler][0m

    src/app/pages/ecommerce/orders/shippment/shippment.component.ts:24:4:
[37m      24 Γöé     [32mDecimalPipe[37m,
         Γò╡     [32m~~~~~~~~~~~[0m


[33mΓû▓ [43;33m[[43;30mWARNING[43;33m][0m [1mNG8113: NgbHighlight is not used within the template of 
ShippmentComponent[0m [1m[35m[plugin angular-compiler][0m

    src/app/pages/ecommerce/orders/shippment/shippment.component.ts:33:4:
[37m      33 Γöé     [32mNgbHighlight[37m,
         Γò╡     [32m~~~~~~~~~~~~[0m


[33mΓû▓ [43;33m[[43;30mWARNING[43;33m][0m [1mNG8113: NgOptionHighlightDirective is not used within the template 
of ShippmentComponent[0m [1m[35m[plugin angular-compiler][0m

    src/app/pages/ecommerce/orders/shippment/shippment.component.ts:40:4:
[37m      40 Γöé     [32mNgOptionHighlightDirective[37m,
         Γò╡     [32m~~~~~~~~~~~~~~~~~~~~~~~~~~[0m


[33mΓû▓ [43;33m[[43;30mWARNING[43;33m][0m [1mNG8113: AsyncPipe is not used within the template of 
ProductdetailComponent[0m [1m[35m[plugin angular-compiler][0m

    src/app/pages/ecommerce/productdetail/productdetail.component.ts:19:4:
[37m      19 Γöé     [32mAsyncPipe[37m,
         Γò╡     [32m~~~~~~~~~[0m


[33mΓû▓ [43;33m[[43;30mWARNING[43;33m][0m [1mNG8113: DecimalPipe is not used within the template of 
ProductdetailComponent[0m [1m[35m[plugin angular-compiler][0m

    src/app/pages/ecommerce/productdetail/productdetail.component.ts:20:4:
[37m      20 Γöé     [32mDecimalPipe[37m,
         Γò╡     [32m~~~~~~~~~~~[0m


[33mΓû▓ [43;33m[[43;30mWARNING[43;33m][0m [1mNG8113: NgbHighlight is not used within the template of 
ProductdetailComponent[0m [1m[35m[plugin angular-compiler][0m

    src/app/pages/ecommerce/productdetail/productdetail.component.ts:29:4:
[37m      29 Γöé     [32mNgbHighlight[37m,
         Γò╡     [32m~~~~~~~~~~~~[0m


[33mΓû▓ [43;33m[[43;30mWARNING[43;33m][0m [1mNG8113: NgOptionHighlightDirective is not used within the template 
of ProductdetailComponent[0m [1m[35m[plugin angular-compiler][0m

    src/app/pages/ecommerce/productdetail/productdetail.component.ts:36:4:
[37m      36 Γöé     [32mNgOptionHighlightDirective[37m,
         Γò╡     [32m~~~~~~~~~~~~~~~~~~~~~~~~~~[0m


[33mΓû▓ [43;33m[[43;30mWARNING[43;33m][0m [1mNG8113: AsyncPipe is not used within the template of 
AttributeListingComponent[0m [1m[35m[plugin angular-compiler][0m

    src/app/pages/ecommerce/products/attributes/attribute-listing/attribute-listing.component.ts:24:4:
[37m      24 Γöé     [32mAsyncPipe[37m,
         Γò╡     [32m~~~~~~~~~[0m


[33mΓû▓ [43;33m[[43;30mWARNING[43;33m][0m [1mNG8113: DecimalPipe is not used within the template of 
AttributeListingComponent[0m [1m[35m[plugin angular-compiler][0m

    src/app/pages/ecommerce/products/attributes/attribute-listing/attribute-listing.component.ts:25:4:
[37m      25 Γöé     [32mDecimalPipe[37m,
         Γò╡     [32m~~~~~~~~~~~[0m


[33mΓû▓ [43;33m[[43;30mWARNING[43;33m][0m [1mNG8113: NgOptionHighlightDirective is not used within the template 
of AttributeListingComponent[0m [1m[35m[plugin angular-compiler][0m

    src/app/pages/ecommerce/products/attributes/attribute-listing/attribute-listing.component.ts:41:4:
[37m      41 Γöé     [32mNgOptionHighlightDirective[37m,
         Γò╡     [32m~~~~~~~~~~~~~~~~~~~~~~~~~~[0m


[33mΓû▓ [43;33m[[43;30mWARNING[43;33m][0m [1mNG8113: DecimalPipe is not used within the template of 
AttributesComponent[0m [1m[35m[plugin angular-compiler][0m

    src/app/pages/ecommerce/products/attributes/attributes.component.ts:27:4:
[37m      27 Γöé     [32mDecimalPipe[37m,
         Γò╡     [32m~~~~~~~~~~~[0m


[33mΓû▓ [43;33m[[43;30mWARNING[43;33m][0m [1mNG8113: NgOptionHighlightDirective is not used within the template 
of AttributesComponent[0m [1m[35m[plugin angular-compiler][0m

    src/app/pages/ecommerce/products/attributes/attributes.component.ts:43:4:
[37m      43 Γöé     [32mNgOptionHighlightDirective[37m,
         Γò╡     [32m~~~~~~~~~~~~~~~~~~~~~~~~~~[0m


[33mΓû▓ [43;33m[[43;30mWARNING[43;33m][0m [1mNG8113: AsyncPipe is not used within the template of 
ProductsReviewsComponent[0m [1m[35m[plugin angular-compiler][0m

    src/app/pages/ecommerce/products/products-reviews/products-reviews.component.ts:21:4:
[37m      21 Γöé     [32mAsyncPipe[37m,
         Γò╡     [32m~~~~~~~~~[0m


[33mΓû▓ [43;33m[[43;30mWARNING[43;33m][0m [1mNG8113: DecimalPipe is not used within the template of 
ProductsReviewsComponent[0m [1m[35m[plugin angular-compiler][0m

    src/app/pages/ecommerce/products/products-reviews/products-reviews.component.ts:22:4:
[37m      22 Γöé     [32mDecimalPipe[37m,
         Γò╡     [32m~~~~~~~~~~~[0m


[33mΓû▓ [43;33m[[43;30mWARNING[43;33m][0m [1mNG8113: NgOptionHighlightDirective is not used within the template 
of ProductsReviewsComponent[0m [1m[35m[plugin angular-compiler][0m

    src/app/pages/ecommerce/products/products-reviews/products-reviews.component.ts:38:4:
[37m      38 Γöé     [32mNgOptionHighlightDirective[37m,
         Γò╡     [32m~~~~~~~~~~~~~~~~~~~~~~~~~~[0m


[33mΓû▓ [43;33m[[43;30mWARNING[43;33m][0m [1mNG8113: AsyncPipe is not used within the template of 
ProductsComponent[0m [1m[35m[plugin angular-compiler][0m

    src/app/pages/ecommerce/products/products.component.ts:31:4:
[37m      31 Γöé     [32mAsyncPipe[37m,
         Γò╡     [32m~~~~~~~~~[0m


[33mΓû▓ [43;33m[[43;30mWARNING[43;33m][0m [1mNG8113: DecimalPipe is not used within the template of 
ProductsComponent[0m [1m[35m[plugin angular-compiler][0m

    src/app/pages/ecommerce/products/products.component.ts:32:4:
[37m      32 Γöé     [32mDecimalPipe[37m,
         Γò╡     [32m~~~~~~~~~~~[0m


[33mΓû▓ [43;33m[[43;30mWARNING[43;33m][0m [1mNG8113: NgOptionHighlightDirective is not used within the template 
of ProductsComponent[0m [1m[35m[plugin angular-compiler][0m

    src/app/pages/ecommerce/products/products.component.ts:48:4:
[37m      48 Γöé     [32mNgOptionHighlightDirective[37m,
         Γò╡     [32m~~~~~~~~~~~~~~~~~~~~~~~~~~[0m


[33mΓû▓ [43;33m[[43;30mWARNING[43;33m][0m [1mNG8113: AsyncPipe is not used within the template of 
TaxesComponent[0m [1m[35m[plugin angular-compiler][0m

    src/app/pages/ecommerce/products/taxes/taxes.component.ts:20:4:
[37m      20 Γöé     [32mAsyncPipe[37m,
         Γò╡     [32m~~~~~~~~~[0m


[33mΓû▓ [43;33m[[43;30mWARNING[43;33m][0m [1mNG8113: DecimalPipe is not used within the template of 
TaxesComponent[0m [1m[35m[plugin angular-compiler][0m

    src/app/pages/ecommerce/products/taxes/taxes.component.ts:21:4:
[37m      21 Γöé     [32mDecimalPipe[37m,
         Γò╡     [32m~~~~~~~~~~~[0m


[33mΓû▓ [43;33m[[43;30mWARNING[43;33m][0m [1mNG8113: NgbHighlight is not used within the template of 
TaxesComponent[0m [1m[35m[plugin angular-compiler][0m

    src/app/pages/ecommerce/products/taxes/taxes.component.ts:30:4:
[37m      30 Γöé     [32mNgbHighlight[37m,
         Γò╡     [32m~~~~~~~~~~~~[0m


[33mΓû▓ [43;33m[[43;30mWARNING[43;33m][0m [1mNG8113: NgOptionHighlightDirective is not used within the template 
of TaxesComponent[0m [1m[35m[plugin angular-compiler][0m

    src/app/pages/ecommerce/products/taxes/taxes.component.ts:37:4:
[37m      37 Γöé     [32mNgOptionHighlightDirective[37m,
         Γò╡     [32m~~~~~~~~~~~~~~~~~~~~~~~~~~[0m


[33mΓû▓ [43;33m[[43;30mWARNING[43;33m][0m [1mNG8113: DecimalPipe is not used within the template of 
VariationsComponent[0m [1m[35m[plugin angular-compiler][0m

    src/app/pages/ecommerce/products/variations/variations.component.ts:26:4:
[37m      26 Γöé     [32mDecimalPipe[37m,
         Γò╡     [32m~~~~~~~~~~~[0m


[33mΓû▓ [43;33m[[43;30mWARNING[43;33m][0m [1mNG8113: NgOptionHighlightDirective is not used within the template 
of VariationsComponent[0m [1m[35m[plugin angular-compiler][0m

    src/app/pages/ecommerce/products/variations/variations.component.ts:42:4:
[37m      42 Γöé     [32mNgOptionHighlightDirective[37m,
         Γò╡     [32m~~~~~~~~~~~~~~~~~~~~~~~~~~[0m


[33mΓû▓ [43;33m[[43;30mWARNING[43;33m][0m [1mNG8113: AsyncPipe is not used within the template of 
AddPromotionalBannerComponent[0m [1m[35m[plugin angular-compiler][0m

    src/app/pages/ecommerce/promotional-banner/add-promotional-banner/add-promotional-banner.component.ts:24:4:
[37m      24 Γöé     [32mAsyncPipe[37m,
         Γò╡     [32m~~~~~~~~~[0m


[33mΓû▓ [43;33m[[43;30mWARNING[43;33m][0m [1mNG8113: DecimalPipe is not used within the template of 
AddPromotionalBannerComponent[0m [1m[35m[plugin angular-compiler][0m

    src/app/pages/ecommerce/promotional-banner/add-promotional-banner/add-promotional-banner.component.ts:25:4:
[37m      25 Γöé     [32mDecimalPipe[37m,
         Γò╡     [32m~~~~~~~~~~~[0m


[33mΓû▓ [43;33m[[43;30mWARNING[43;33m][0m [1mNG8113: NgbHighlight is not used within the template of 
AddPromotionalBannerComponent[0m [1m[35m[plugin angular-compiler][0m

    src/app/pages/ecommerce/promotional-banner/add-promotional-banner/add-promotional-banner.component.ts:34:4:
[37m      34 Γöé     [32mNgbHighlight[37m,
         Γò╡     [32m~~~~~~~~~~~~[0m


[33mΓû▓ [43;33m[[43;30mWARNING[43;33m][0m [1mNG8113: NgOptionHighlightDirective is not used within the template 
of AddPromotionalBannerComponent[0m [1m[35m[plugin angular-compiler][0m

    src/app/pages/ecommerce/promotional-banner/add-promotional-banner/add-promotional-banner.component.ts:41:4:
[37m      41 Γöé     [32mNgOptionHighlightDirective[37m,
         Γò╡     [32m~~~~~~~~~~~~~~~~~~~~~~~~~~[0m


[33mΓû▓ [43;33m[[43;30mWARNING[43;33m][0m [1mNG8113: AsyncPipe is not used within the template of 
PromotionalBannerComponent[0m [1m[35m[plugin angular-compiler][0m

    src/app/pages/ecommerce/promotional-banner/promotional-banner.component.ts:27:4:
[37m      27 Γöé     [32mAsyncPipe[37m,
         Γò╡     [32m~~~~~~~~~[0m


[33mΓû▓ [43;33m[[43;30mWARNING[43;33m][0m [1mNG8113: DecimalPipe is not used within the template of 
PromotionalBannerComponent[0m [1m[35m[plugin angular-compiler][0m

    src/app/pages/ecommerce/promotional-banner/promotional-banner.component.ts:28:4:
[37m      28 Γöé     [32mDecimalPipe[37m,
         Γò╡     [32m~~~~~~~~~~~[0m


[33mΓû▓ [43;33m[[43;30mWARNING[43;33m][0m [1mNG8113: NgOptionHighlightDirective is not used within the template 
of PromotionalBannerComponent[0m [1m[35m[plugin angular-compiler][0m

    src/app/pages/ecommerce/promotional-banner/promotional-banner.component.ts:44:4:
[37m      44 Γöé     [32mNgOptionHighlightDirective[37m,
         Γò╡     [32m~~~~~~~~~~~~~~~~~~~~~~~~~~[0m


[33mΓû▓ [43;33m[[43;30mWARNING[43;33m][0m [1mNG8113: AsyncPipe is not used within the template of 
AddSeasonComponent[0m [1m[35m[plugin angular-compiler][0m

    src/app/pages/ecommerce/seasons/add-season/add-season.component.ts:29:4:
[37m      29 Γöé     [32mAsyncPipe[37m,
         Γò╡     [32m~~~~~~~~~[0m


[33mΓû▓ [43;33m[[43;30mWARNING[43;33m][0m [1mNG8113: DecimalPipe is not used within the template of 
AddSeasonComponent[0m [1m[35m[plugin angular-compiler][0m

    src/app/pages/ecommerce/seasons/add-season/add-season.component.ts:30:4:
[37m      30 Γöé     [32mDecimalPipe[37m,
         Γò╡     [32m~~~~~~~~~~~[0m


[33mΓû▓ [43;33m[[43;30mWARNING[43;33m][0m [1mNG8113: NgbHighlight is not used within the template of 
AddSeasonComponent[0m [1m[35m[plugin angular-compiler][0m

    src/app/pages/ecommerce/seasons/add-season/add-season.component.ts:39:4:
[37m      39 Γöé     [32mNgbHighlight[37m,
         Γò╡     [32m~~~~~~~~~~~~[0m


[33mΓû▓ [43;33m[[43;30mWARNING[43;33m][0m [1mNG8113: NgOptionHighlightDirective is not used within the template 
of AddSeasonComponent[0m [1m[35m[plugin angular-compiler][0m

    src/app/pages/ecommerce/seasons/add-season/add-season.component.ts:46:4:
[37m      46 Γöé     [32mNgOptionHighlightDirective[37m,
         Γò╡     [32m~~~~~~~~~~~~~~~~~~~~~~~~~~[0m


[33mΓû▓ [43;33m[[43;30mWARNING[43;33m][0m [1mNG8113: AsyncPipe is not used within the template of 
SeasonsComponent[0m [1m[35m[plugin angular-compiler][0m

    src/app/pages/ecommerce/seasons/seasons.component.ts:24:4:
[37m      24 Γöé     [32mAsyncPipe[37m,
         Γò╡     [32m~~~~~~~~~[0m


[33mΓû▓ [43;33m[[43;30mWARNING[43;33m][0m [1mNG8113: DecimalPipe is not used within the template of 
SeasonsComponent[0m [1m[35m[plugin angular-compiler][0m

    src/app/pages/ecommerce/seasons/seasons.component.ts:25:4:
[37m      25 Γöé     [32mDecimalPipe[37m,
         Γò╡     [32m~~~~~~~~~~~[0m


[33mΓû▓ [43;33m[[43;30mWARNING[43;33m][0m [1mNG8113: NgOptionHighlightDirective is not used within the template 
of SeasonsComponent[0m [1m[35m[plugin angular-compiler][0m

    src/app/pages/ecommerce/seasons/seasons.component.ts:41:4:
[37m      41 Γöé     [32mNgOptionHighlightDirective[37m,
         Γò╡     [32m~~~~~~~~~~~~~~~~~~~~~~~~~~[0m


[33mΓû▓ [43;33m[[43;30mWARNING[43;33m][0m [1mNG8113: AsyncPipe is not used within the template of 
ShopsComponent[0m [1m[35m[plugin angular-compiler][0m

    src/app/pages/ecommerce/shops/shops.component.ts:20:4:
[37m      20 Γöé     [32mAsyncPipe[37m,
         Γò╡     [32m~~~~~~~~~[0m


[33mΓû▓ [43;33m[[43;30mWARNING[43;33m][0m [1mNG8113: DecimalPipe is not used within the template of 
ShopsComponent[0m [1m[35m[plugin angular-compiler][0m

    src/app/pages/ecommerce/shops/shops.component.ts:21:4:
[37m      21 Γöé     [32mDecimalPipe[37m,
         Γò╡     [32m~~~~~~~~~~~[0m


[33mΓû▓ [43;33m[[43;30mWARNING[43;33m][0m [1mNG8113: NgbHighlight is not used within the template of 
ShopsComponent[0m [1m[35m[plugin angular-compiler][0m

    src/app/pages/ecommerce/shops/shops.component.ts:30:4:
[37m      30 Γöé     [32mNgbHighlight[37m,
         Γò╡     [32m~~~~~~~~~~~~[0m


[33mΓû▓ [43;33m[[43;30mWARNING[43;33m][0m [1mNG8113: NgOptionHighlightDirective is not used within the template 
of ShopsComponent[0m [1m[35m[plugin angular-compiler][0m

    src/app/pages/ecommerce/shops/shops.component.ts:37:4:
[37m      37 Γöé     [32mNgOptionHighlightDirective[37m,
         Γò╡     [32m~~~~~~~~~~~~~~~~~~~~~~~~~~[0m


[33mΓû▓ [43;33m[[43;30mWARNING[43;33m][0m [1mCalling "saveAs" will crash at run-time because it's an import 
namespace object, not a function[0m [call-import-namespace]

    src/app/core/services/csv.service.ts:28:8:
[37m      28 Γöé         [32msaveAs[37m(blob, `HB-${filename}.csv`);
         Γò╡         [32m~~~~~~[0m

  Consider changing "saveAs" to a default import instead:

    src/app/core/services/csv.service.ts:2:7:
[37m      2 Γöé import [32m* as saveAs[37m from "file-saver";
        Γöé        [32m~~~~~~~~~~~[37m
        Γò╡        [32msaveAs[0m

  Make sure to enable TypeScript's "esModuleInterop" setting so that TypeScript's type checker generates an error when 
you try to do this. You can read more about this setting here: 
[4mhttps://www.typescriptlang.org/tsconfig#esModuleInterop[0m


[33mΓû▓ [43;33m[[43;30mWARNING[43;33m][0m [1mCalling "saveAs" will crash at run-time because it's an import 
namespace object, not a function[0m [call-import-namespace]

    src/app/core/services/sheets.service.ts:212:12:
[37m      212 Γöé             [32msaveAs[37m(blob, filename + '-' + new Date().valueOf() + ...
          Γò╡             [32m~~~~~~[0m

  Consider changing "saveAs" to a default import instead:

    src/app/core/services/sheets.service.ts:3:7:
[37m      3 Γöé import [32m* as saveAs[37m from "file-saver";
        Γöé        [32m~~~~~~~~~~~[37m
        Γò╡        [32msaveAs[0m

  Make sure to enable TypeScript's "esModuleInterop" setting so that TypeScript's type checker generates an error when 
you try to do this. You can read more about this setting here: 
[4mhttps://www.typescriptlang.org/tsconfig#esModuleInterop[0m


[33mΓû▓ [43;33m[[43;30mWARNING[43;33m][0m [1mCalling "saveAs" will crash at run-time because it's an import 
namespace object, not a function[0m [call-import-namespace]

    src/app/pages/contacts/userlist/userlist.component.ts:254:16:
[37m      254 Γöé                 [32msaveAs[37m(blob, "UserList.csv");
          Γò╡                 [32m~~~~~~[0m

  Consider changing "saveAs" to a default import instead:

    src/app/pages/contacts/userlist/userlist.component.ts:13:7:
[37m      13 Γöé import [32m* as saveAs[37m from "file-saver";
         Γöé        [32m~~~~~~~~~~~[37m
         Γò╡        [32msaveAs[0m

  Make sure to enable TypeScript's "esModuleInterop" setting so that TypeScript's type checker generates an error when 
you try to do this. You can read more about this setting here: 
[4mhttps://www.typescriptlang.org/tsconfig#esModuleInterop[0m


[33mΓû▓ [43;33m[[43;30mWARNING[43;33m][0m [1mCalling "html2pdf" will crash at run-time because it's an import 
namespace object, not a function[0m [call-import-namespace]

    src/app/pages/ecommerce/awaited-order/awaited-order.component.ts:941:8:
[37m      941 Γöé         [32mhtml2pdf[37m()
          Γò╡         [32m~~~~~~~~[0m

  Consider changing "html2pdf" to a default import instead:

    src/app/pages/ecommerce/awaited-order/awaited-order.component.ts:29:7:
[37m      29 Γöé import [32m* as html2pdf[37m from 'html2pdf.js';
         Γöé        [32m~~~~~~~~~~~~~[37m
         Γò╡        [32mhtml2pdf[0m

  Make sure to enable TypeScript's "esModuleInterop" setting so that TypeScript's type checker generates an error when 
you try to do this. You can read more about this setting here: 
[4mhttps://www.typescriptlang.org/tsconfig#esModuleInterop[0m


[33mΓû▓ [43;33m[[43;30mWARNING[43;33m][0m [1mCalling "html2pdf" will crash at run-time because it's an import 
namespace object, not a function[0m [call-import-namespace]

    src/app/pages/ecommerce/orders/orders.component.ts:1071:8:
[37m      1071 Γöé         [32mhtml2pdf[37m()
           Γò╡         [32m~~~~~~~~[0m

  Consider changing "html2pdf" to a default import instead:

    src/app/pages/ecommerce/orders/orders.component.ts:30:7:
[37m      30 Γöé import [32m* as html2pdf[37m from 'html2pdf.js';
         Γöé        [32m~~~~~~~~~~~~~[37m
         Γò╡        [32mhtml2pdf[0m

  Make sure to enable TypeScript's "esModuleInterop" setting so that TypeScript's type checker generates an error when 
you try to do this. You can read more about this setting here: 
[4mhttps://www.typescriptlang.org/tsconfig#esModuleInterop[0m


[33mΓû▓ [43;33m[[43;30mWARNING[43;33m][0m [1mDeprecation[0m [1m[35m[plugin angular-sass][0m

    src/app/components/subscribed-health-packages/subscribed-health-package-notifications/subscribed-health-package-not
ifications.component.scss:1:8:
[37m      1 Γöé @import [32m[37m"~src/assets/scss/fullcalendar.scss";
        Γò╡         [32m^[0m


  Sass @import rules are deprecated and will be removed in Dart Sass 3.0.0.
  
  More info and automated migrator: [4mhttps://sass-lang.com/d/import[0m


[33mΓû▓ [43;33m[[43;30mWARNING[43;33m][0m [1mDeprecation[0m [1m[35m[plugin angular-sass][0m

    
src/app/components/subscribed-health-packages/subscribed-health-package/subscribed-health-package.component.scss:1:8:
[37m      1 Γöé @import [32m[37m"~src/assets/scss/fullcalendar.scss";
        Γò╡         [32m^[0m


  Sass @import rules are deprecated and will be removed in Dart Sass 3.0.0.
  
  More info and automated migrator: [4mhttps://sass-lang.com/d/import[0m


[33mΓû▓ [43;33m[[43;30mWARNING[43;33m][0m [1mDeprecation[0m [1m[35m[plugin angular-sass][0m

    src/app/components/view-appointment/view-appointment.component.scss:1:8:
[37m      1 Γöé @import [32m[37m"~src/app/components/select-product/select-product.componen...
        Γò╡         [32m^[0m


  Sass @import rules are deprecated and will be removed in Dart Sass 3.0.0.
  
  More info and automated migrator: [4mhttps://sass-lang.com/d/import[0m


[33mΓû▓ [43;33m[[43;30mWARNING[43;33m][0m [1mDeprecation[0m [1m[35m[plugin angular-sass][0m

    src/app/pages/role/consultant/consultant-appointments/consultant-appointments.component.scss:1:8:
[37m      1 Γöé @import [32m[37m'~src/assets/scss/fullcalendar.scss';
        Γò╡         [32m^[0m


  Sass @import rules are deprecated and will be removed in Dart Sass 3.0.0.
  
  More info and automated migrator: [4mhttps://sass-lang.com/d/import[0m


[33mΓû▓ [43;33m[[43;30mWARNING[43;33m][0m [1mDeprecation[0m [1m[35m[plugin angular-sass][0m

    src/assets/scss/_variables.scss:104:8:
[37m      104 Γöé $grays: [32m[37mmap-merge(
          Γò╡         [32m^[0m

  (
    "100": $gray-100,
    "200": $gray-200,
    "300": $gray-300,
    "400": $gray-400,
    "500": $gray-500,
    "600": $gray-600,
    "700": $gray-700,
    "800": $gray-800,
    "900": $gray-900
  ),
  $grays
);

  Global built-in functions are deprecated and will be removed in Dart Sass 3.0.0.
  Use map.merge instead.
  
  More info and automated migrator: [4mhttps://sass-lang.com/d/import[0m

  The plugin "angular-sass" was triggered by this import

    angular:styles/global:styles:4:8:
[37m      4 Γöé @import [32m'src/assets/scss/app.scss'[37m;
        Γò╡         [32m~~~~~~~~~~~~~~~~~~~~~~~~~~[0m


[33mΓû▓ [43;33m[[43;30mWARNING[43;33m][0m [1mDeprecation[0m [1m[35m[plugin angular-sass][0m

    src/assets/scss/_variables.scss:104:8:
[37m      104 Γöé $grays: [32m[37mmap-merge(
          Γò╡         [32m^[0m

  (
    "100": $gray-100,
    "200": $gray-200,
    "300": $gray-300,
    "400": $gray-400,
    "500": $gray-500,
    "600": $gray-600,
    "700": $gray-700,
    "800": $gray-800,
    "900": $gray-900
  ),
  $grays
);

  Global built-in functions are deprecated and will be removed in Dart Sass 3.0.0.
  Use map.merge instead.
  
  More info and automated migrator: [4mhttps://sass-lang.com/d/import[0m

  The plugin "angular-sass" was triggered by this import

    angular:styles/global:styles:3:8:
[37m      3 Γöé @import [32m'src/assets/scss/bootstrap.scss'[37m;
        Γò╡         [32m~~~~~~~~~~~~~~~~~~~~~~~~~~~~~~~~[0m


[33mΓû▓ [43;33m[[43;30mWARNING[43;33m][0m [1mDeprecation[0m [1m[35m[plugin angular-sass][0m

    src/assets/scss/_variables.scss:132:9:
[37m      132 Γöé $colors: [32m[37mmap-merge(
          Γò╡          [32m^[0m

  (
    "blue":       $blue,
    "indigo":     $indigo,
    "purple":     $purple,
    "pink":       $pink,
    "red":        $red,
    "orange":     $orange,
    "yellow":     $yellow,
    "green":      $green,
    "teal":       $teal,
    "cyan":       $cyan,
    "white":      $white,
    "gray":       $gray-600,
    "gray-dark":  $gray-800
  ),
  $colors
);

  Global built-in functions are deprecated and will be removed in Dart Sass 3.0.0.
  Use map.merge instead.
  
  More info and automated migrator: [4mhttps://sass-lang.com/d/import[0m

  The plugin "angular-sass" was triggered by this import

    angular:styles/global:styles:4:8:
[37m      4 Γöé @import [32m'src/assets/scss/app.scss'[37m;
        Γò╡         [32m~~~~~~~~~~~~~~~~~~~~~~~~~~[0m


[33mΓû▓ [43;33m[[43;30mWARNING[43;33m][0m [1mDeprecation[0m [1m[35m[plugin angular-sass][0m

    src/assets/scss/_variables.scss:132:9:
[37m      132 Γöé $colors: [32m[37mmap-merge(
          Γò╡          [32m^[0m

  (
    "blue":       $blue,
    "indigo":     $indigo,
    "purple":     $purple,
    "pink":       $pink,
    "red":        $red,
    "orange":     $orange,
    "yellow":     $yellow,
    "green":      $green,
    "teal":       $teal,
    "cyan":       $cyan,
    "white":      $white,
    "gray":       $gray-600,
    "gray-dark":  $gray-800
  ),
  $colors
);

  Global built-in functions are deprecated and will be removed in Dart Sass 3.0.0.
  Use map.merge instead.
  
  More info and automated migrator: [4mhttps://sass-lang.com/d/import[0m

  The plugin "angular-sass" was triggered by this import

    angular:styles/global:styles:3:8:
[37m      3 Γöé @import [32m'src/assets/scss/bootstrap.scss'[37m;
        Γò╡         [32m~~~~~~~~~~~~~~~~~~~~~~~~~~~~~~~~[0m


[33mΓû▓ [43;33m[[43;30mWARNING[43;33m][0m [1mDeprecation[0m [1m[35m[plugin angular-sass][0m

    src/assets/scss/_variables.scss:163:15:
[37m      163 Γöé $theme-colors: [32m[37mmap-merge(
          Γò╡                [32m^[0m

  (
    "primary":    $primary,
    "secondary":  $secondary,
    "success":    $success,
    "info":       $info,
    "warning":    $warning,
    "danger":     $danger,
    "pink":       $pink,
    "light":      $light,
    "dark":       $dark,
    "purple":       $purple
  ),
  $theme-colors
);

  Global built-in functions are deprecated and will be removed in Dart Sass 3.0.0.
  Use map.merge instead.
  
  More info and automated migrator: [4mhttps://sass-lang.com/d/import[0m

  The plugin "angular-sass" was triggered by this import

    angular:styles/global:styles:4:8:
[37m      4 Γöé @import [32m'src/assets/scss/app.scss'[37m;
        Γò╡         [32m~~~~~~~~~~~~~~~~~~~~~~~~~~[0m


[33mΓû▓ [43;33m[[43;30mWARNING[43;33m][0m [1mDeprecation[0m [1m[35m[plugin angular-sass][0m

    src/assets/scss/_variables.scss:163:15:
[37m      163 Γöé $theme-colors: [32m[37mmap-merge(
          Γò╡                [32m^[0m

  (
    "primary":    $primary,
    "secondary":  $secondary,
    "success":    $success,
    "info":       $info,
    "warning":    $warning,
    "danger":     $danger,
    "pink":       $pink,
    "light":      $light,
    "dark":       $dark,
    "purple":       $purple
  ),
  $theme-colors
);

  Global built-in functions are deprecated and will be removed in Dart Sass 3.0.0.
  Use map.merge instead.
  
  More info and automated migrator: [4mhttps://sass-lang.com/d/import[0m

  The plugin "angular-sass" was triggered by this import

    angular:styles/global:styles:3:8:
[37m      3 Γöé @import [32m'src/assets/scss/bootstrap.scss'[37m;
        Γò╡         [32m~~~~~~~~~~~~~~~~~~~~~~~~~~~~~~~~[0m


[33mΓû▓ [43;33m[[43;30mWARNING[43;33m][0m [1mDeprecation[0m [1m[35m[plugin angular-sass][0m

    src/assets/scss/_variables.scss:338:5:
[37m      338 Γöé   1: [32m[37m$spacer / 4,
          Γò╡      [32m^[0m


  Using / for division outside of calc() is deprecated and will be removed in Dart Sass 2.0.0.
  
  Recommendation: math.div($spacer, 4) or calc($spacer / 4)
  
  More info and automated migrator: [4mhttps://sass-lang.com/d/slash-div[0m

  The plugin "angular-sass" was triggered by this import

    angular:styles/global:styles:4:8:
[37m      4 Γöé @import [32m'src/assets/scss/app.scss'[37m;
        Γò╡         [32m~~~~~~~~~~~~~~~~~~~~~~~~~~[0m


[33mΓû▓ [43;33m[[43;30mWARNING[43;33m][0m [1mDeprecation[0m [1m[35m[plugin angular-sass][0m

    src/assets/scss/_variables.scss:338:5:
[37m      338 Γöé   1: [32m[37m$spacer / 4,
          Γò╡      [32m^[0m


  Using / for division outside of calc() is deprecated and will be removed in Dart Sass 2.0.0.
  
  Recommendation: math.div($spacer, 4) or calc($spacer / 4)
  
  More info and automated migrator: [4mhttps://sass-lang.com/d/slash-div[0m

  The plugin "angular-sass" was triggered by this import

    angular:styles/global:styles:3:8:
[37m      3 Γöé @import [32m'src/assets/scss/bootstrap.scss'[37m;
        Γò╡         [32m~~~~~~~~~~~~~~~~~~~~~~~~~~~~~~~~[0m


[33mΓû▓ [43;33m[[43;30mWARNING[43;33m][0m [1mDeprecation[0m [1m[35m[plugin angular-sass][0m

    src/assets/scss/_variables.scss:339:5:
[37m      339 Γöé   2: [32m[37m$spacer / 2,
          Γò╡      [32m^[0m


  Using / for division outside of calc() is deprecated and will be removed in Dart Sass 2.0.0.
  
  Recommendation: math.div($spacer, 2) or calc($spacer / 2)
  
  More info and automated migrator: [4mhttps://sass-lang.com/d/slash-div[0m

  The plugin "angular-sass" was triggered by this import

    angular:styles/global:styles:4:8:
[37m      4 Γöé @import [32m'src/assets/scss/app.scss'[37m;
        Γò╡         [32m~~~~~~~~~~~~~~~~~~~~~~~~~~[0m


[33mΓû▓ [43;33m[[43;30mWARNING[43;33m][0m [1mDeprecation[0m [1m[35m[plugin angular-sass][0m

    src/assets/scss/_variables.scss:339:5:
[37m      339 Γöé   2: [32m[37m$spacer / 2,
          Γò╡      [32m^[0m


  Using / for division outside of calc() is deprecated and will be removed in Dart Sass 2.0.0.
  
  Recommendation: math.div($spacer, 2) or calc($spacer / 2)
  
  More info and automated migrator: [4mhttps://sass-lang.com/d/slash-div[0m

  The plugin "angular-sass" was triggered by this import

    angular:styles/global:styles:3:8:
[37m      3 Γöé @import [32m'src/assets/scss/bootstrap.scss'[37m;
        Γò╡         [32m~~~~~~~~~~~~~~~~~~~~~~~~~~~~~~~~[0m


[33mΓû▓ [43;33m[[43;30mWARNING[43;33m][0m [1mDeprecation[0m [1m[35m[plugin angular-sass][0m

    src/assets/scss/_variables.scss:345:19:
[37m      345 Γöé $negative-spacers: [32m[37mif($enable-negative-margins, negativify-map($s...
          Γò╡                    [32m^[0m


  The Sass if() syntax is deprecated in favor of the modern CSS syntax.
  
  Suggestion: if(sass($enable-negative-margins): negativify-map($spacers))
  
  More info: [4mhttps://sass-lang.com/d/if-function[0m

  The plugin "angular-sass" was triggered by this import

    angular:styles/global:styles:4:8:
[37m      4 Γöé @import [32m'src/assets/scss/app.scss'[37m;
        Γò╡         [32m~~~~~~~~~~~~~~~~~~~~~~~~~~[0m


[33mΓû▓ [43;33m[[43;30mWARNING[43;33m][0m [1mDeprecation[0m [1m[35m[plugin angular-sass][0m

    src/assets/scss/_variables.scss:345:19:
[37m      345 Γöé $negative-spacers: [32m[37mif($enable-negative-margins, negativify-map($s...
          Γò╡                    [32m^[0m


  The Sass if() syntax is deprecated in favor of the modern CSS syntax.
  
  Suggestion: if(sass($enable-negative-margins): negativify-map($spacers))
  
  More info: [4mhttps://sass-lang.com/d/if-function[0m

  The plugin "angular-sass" was triggered by this import

    angular:styles/global:styles:3:8:
[37m      3 Γöé @import [32m'src/assets/scss/bootstrap.scss'[37m;
        Γò╡         [32m~~~~~~~~~~~~~~~~~~~~~~~~~~~~~~~~[0m


[33mΓû▓ [43;33m[[43;30mWARNING[43;33m][0m [1mDeprecation[0m [1m[35m[plugin angular-sass][0m

    src/assets/scss/_variables.scss:374:42:
[37m      374 Γöé $link-hover-color:                        [32m[37mdarken($link-color, 15%);
          Γò╡                                           [32m^[0m


  Global built-in functions are deprecated and will be removed in Dart Sass 3.0.0.
  Use color.adjust instead.
  
  More info and automated migrator: [4mhttps://sass-lang.com/d/import[0m

  The plugin "angular-sass" was triggered by this import

    angular:styles/global:styles:4:8:
[37m      4 Γöé @import [32m'src/assets/scss/app.scss'[37m;
        Γò╡         [32m~~~~~~~~~~~~~~~~~~~~~~~~~~[0m


[33mΓû▓ [43;33m[[43;30mWARNING[43;33m][0m [1mDeprecation[0m [1m[35m[plugin angular-sass][0m

    src/assets/scss/_variables.scss:374:42:
[37m      374 Γöé $link-hover-color:                        [32m[37mdarken($link-color, 15%);
          Γò╡                                           [32m^[0m


  darken() is deprecated. Suggestions:
  
  color.scale($color, $lightness: -23.6842105263%)
  color.adjust($color, $lightness: -15%)
  
  More info: [4mhttps://sass-lang.com/d/color-functions[0m

  The plugin "angular-sass" was triggered by this import

    angular:styles/global:styles:4:8:
[37m      4 Γöé @import [32m'src/assets/scss/app.scss'[37m;
        Γò╡         [32m~~~~~~~~~~~~~~~~~~~~~~~~~~[0m


[33mΓû▓ [43;33m[[43;30mWARNING[43;33m][0m [1mDeprecation[0m [1m[35m[plugin angular-sass][0m

    src/assets/scss/_variables.scss:374:42:
[37m      374 Γöé $link-hover-color:                        [32m[37mdarken($link-color, 15%);
          Γò╡                                           [32m^[0m


  Global built-in functions are deprecated and will be removed in Dart Sass 3.0.0.
  Use color.adjust instead.
  
  More info and automated migrator: [4mhttps://sass-lang.com/d/import[0m

  The plugin "angular-sass" was triggered by this import

    angular:styles/global:styles:3:8:
[37m      3 Γöé @import [32m'src/assets/scss/bootstrap.scss'[37m;
        Γò╡         [32m~~~~~~~~~~~~~~~~~~~~~~~~~~~~~~~~[0m


[33mΓû▓ [43;33m[[43;30mWARNING[43;33m][0m [1mDeprecation[0m [1m[35m[plugin angular-sass][0m

    src/assets/scss/_variables.scss:374:42:
[37m      374 Γöé $link-hover-color:                        [32m[37mdarken($link-color, 15%);
          Γò╡                                           [32m^[0m


  darken() is deprecated. Suggestions:
  
  color.scale($color, $lightness: -23.6842105263%)
  color.adjust($color, $lightness: -15%)
  
  More info: [4mhttps://sass-lang.com/d/color-functions[0m

  The plugin "angular-sass" was triggered by this import

    angular:styles/global:styles:3:8:
[37m      3 Γöé @import [32m'src/assets/scss/bootstrap.scss'[37m;
        Γò╡         [32m~~~~~~~~~~~~~~~~~~~~~~~~~~~~~~~~[0m


[33mΓû▓ [43;33m[[43;30mWARNING[43;33m][0m [1mDeprecation[0m [1m[35m[plugin angular-sass][0m

    src/assets/scss/_variables.scss:436:22:
[37m      436 Γöé $container-padding-x: [32m[37m$grid-gutter-width / 2;
          Γò╡                       [32m^[0m


  Using / for division outside of calc() is deprecated and will be removed in Dart Sass 2.0.0.
  
  Recommendation: math.div($grid-gutter-width, 2) or calc($grid-gutter-width / 2)
  
  More info and automated migrator: [4mhttps://sass-lang.com/d/slash-div[0m

  The plugin "angular-sass" was triggered by this import

    angular:styles/global:styles:4:8:
[37m      4 Γöé @import [32m'src/assets/scss/app.scss'[37m;
        Γò╡         [32m~~~~~~~~~~~~~~~~~~~~~~~~~~[0m


[33mΓû▓ [43;33m[[43;30mWARNING[43;33m][0m [1mDeprecation[0m [1m[35m[plugin angular-sass][0m

    src/assets/scss/_variables.scss:436:22:
[37m      436 Γöé $container-padding-x: [32m[37m$grid-gutter-width / 2;
          Γò╡                       [32m^[0m


  Using / for division outside of calc() is deprecated and will be removed in Dart Sass 2.0.0.
  
  Recommendation: math.div($grid-gutter-width, 2) or calc($grid-gutter-width / 2)
  
  More info and automated migrator: [4mhttps://sass-lang.com/d/slash-div[0m

  The plugin "angular-sass" was triggered by this import

    angular:styles/global:styles:3:8:
[37m      3 Γöé @import [32m'src/assets/scss/bootstrap.scss'[37m;
        Γò╡         [32m~~~~~~~~~~~~~~~~~~~~~~~~~~~~~~~~[0m


[33mΓû▓ [43;33m[[43;30mWARNING[43;33m][0m [1mDeprecation[0m [1m[35m[plugin angular-sass][0m

    src/assets/scss/_variables.scss:535:30:
[37m      535 Γöé $headings-margin-bottom:      [32m[37m$spacer / 2;
          Γò╡                               [32m^[0m


  Using / for division outside of calc() is deprecated and will be removed in Dart Sass 2.0.0.
  
  Recommendation: math.div($spacer, 2) or calc($spacer / 2)
  
  More info and automated migrator: [4mhttps://sass-lang.com/d/slash-div[0m

  The plugin "angular-sass" was triggered by this import

    angular:styles/global:styles:4:8:
[37m      4 Γöé @import [32m'src/assets/scss/app.scss'[37m;
        Γò╡         [32m~~~~~~~~~~~~~~~~~~~~~~~~~~[0m


[33mΓû▓ [43;33m[[43;30mWARNING[43;33m][0m [1mDeprecation[0m [1m[35m[plugin angular-sass][0m

    src/assets/scss/_variables.scss:535:30:
[37m      535 Γöé $headings-margin-bottom:      [32m[37m$spacer / 2;
          Γò╡                               [32m^[0m


  Using / for division outside of calc() is deprecated and will be removed in Dart Sass 2.0.0.
  
  Recommendation: math.div($spacer, 2) or calc($spacer / 2)
  
  More info and automated migrator: [4mhttps://sass-lang.com/d/slash-div[0m

  The plugin "angular-sass" was triggered by this import

    angular:styles/global:styles:3:8:
[37m      3 Γöé @import [32m'src/assets/scss/bootstrap.scss'[37m;
        Γò╡         [32m~~~~~~~~~~~~~~~~~~~~~~~~~~~~~~~~[0m


[33mΓû▓ [43;33m[[43;30mWARNING[43;33m][0m [1mDeprecation[0m [1m[35m[plugin angular-sass][0m

    src/assets/scss/_variables.scss:770:72:
[37m      770 Γöé ...          add($input-line-height * .25em, [32m[37m$input-padding-y / 2);
          Γò╡                                              [32m^[0m


  Using / for division outside of calc() is deprecated and will be removed in Dart Sass 2.0.0.
  
  Recommendation: math.div($input-padding-y, 2) or calc($input-padding-y / 2)
  
  More info and automated migrator: [4mhttps://sass-lang.com/d/slash-div[0m

  The plugin "angular-sass" was triggered by this import

    angular:styles/global:styles:4:8:
[37m      4 Γöé @import [32m'src/assets/scss/app.scss'[37m;
        Γò╡         [32m~~~~~~~~~~~~~~~~~~~~~~~~~~[0m


[33mΓû▓ [43;33m[[43;30mWARNING[43;33m][0m [1mDeprecation[0m [1m[35m[plugin angular-sass][0m

    src/assets/scss/_variables.scss:770:72:
[37m      770 Γöé ...          add($input-line-height * .25em, [32m[37m$input-padding-y / 2);
          Γò╡                                              [32m^[0m


  Using / for division outside of calc() is deprecated and will be removed in Dart Sass 2.0.0.
  
  Recommendation: math.div($input-padding-y, 2) or calc($input-padding-y / 2)
  
  More info and automated migrator: [4mhttps://sass-lang.com/d/slash-div[0m

  The plugin "angular-sass" was triggered by this import

    angular:styles/global:styles:3:8:
[37m      3 Γöé @import [32m'src/assets/scss/bootstrap.scss'[37m;
        Γò╡         [32m~~~~~~~~~~~~~~~~~~~~~~~~~~~~~~~~[0m


[33mΓû▓ [43;33m[[43;30mWARNING[43;33m][0m [1mDeprecation[0m [1m[35m[plugin angular-sass][0m

    src/assets/scss/_variables.scss:1198:36:
[37m      1198 Γöé ...ver-arrow-outer-color:         [32m[37mfade-in($popover-border-color,...
           Γò╡                                   [32m^[0m


  Global built-in functions are deprecated and will be removed in Dart Sass 3.0.0.
  Use color.adjust instead.
  
  More info and automated migrator: [4mhttps://sass-lang.com/d/import[0m

  The plugin "angular-sass" was triggered by this import

    angular:styles/global:styles:4:8:
[37m      4 Γöé @import [32m'src/assets/scss/app.scss'[37m;
        Γò╡         [32m~~~~~~~~~~~~~~~~~~~~~~~~~~[0m


[33mΓû▓ [43;33m[[43;30mWARNING[43;33m][0m [1mDeprecation[0m [1m[35m[plugin angular-sass][0m

    src/assets/scss/_variables.scss:1198:36:
[37m      1198 Γöé ...ver-arrow-outer-color:         [32m[37mfade-in($popover-border-color,...
           Γò╡                                   [32m^[0m


  fade-in() is deprecated. Suggestions:
  
  color.scale($color, $alpha: 5.5555555556%)
  color.adjust($color, $alpha: 0.05)
  
  More info: [4mhttps://sass-lang.com/d/color-functions[0m

  The plugin "angular-sass" was triggered by this import

    angular:styles/global:styles:4:8:
[37m      4 Γöé @import [32m'src/assets/scss/app.scss'[37m;
        Γò╡         [32m~~~~~~~~~~~~~~~~~~~~~~~~~~[0m


[33mΓû▓ [43;33m[[43;30mWARNING[43;33m][0m [1mDeprecation[0m [1m[35m[plugin angular-sass][0m

    src/assets/scss/_variables.scss:1198:36:
[37m      1198 Γöé ...ver-arrow-outer-color:         [32m[37mfade-in($popover-border-color,...
           Γò╡                                   [32m^[0m


  Global built-in functions are deprecated and will be removed in Dart Sass 3.0.0.
  Use color.adjust instead.
  
  More info and automated migrator: [4mhttps://sass-lang.com/d/import[0m

  The plugin "angular-sass" was triggered by this import

    angular:styles/global:styles:3:8:
[37m      3 Γöé @import [32m'src/assets/scss/bootstrap.scss'[37m;
        Γò╡         [32m~~~~~~~~~~~~~~~~~~~~~~~~~~~~~~~~[0m


[33mΓû▓ [43;33m[[43;30mWARNING[43;33m][0m [1mDeprecation[0m [1m[35m[plugin angular-sass][0m

    src/assets/scss/_variables.scss:1198:36:
[37m      1198 Γöé ...ver-arrow-outer-color:         [32m[37mfade-in($popover-border-color,...
           Γò╡                                   [32m^[0m


  fade-in() is deprecated. Suggestions:
  
  color.scale($color, $alpha: 5.5555555556%)
  color.adjust($color, $alpha: 0.05)
  
  More info: [4mhttps://sass-lang.com/d/color-functions[0m

  The plugin "angular-sass" was triggered by this import

    angular:styles/global:styles:3:8:
[37m      3 Γöé @import [32m'src/assets/scss/bootstrap.scss'[37m;
        Γò╡         [32m~~~~~~~~~~~~~~~~~~~~~~~~~~~~~~~~[0m


[33mΓû▓ [43;33m[[43;30mWARNING[43;33m][0m [1mDeprecation[0m [1m[35m[plugin angular-sass][0m

    src/assets/scss/app.scss:11:8:
[37m      11 Γöé @import [32m[37m"custom/fonts/fonts";
         Γò╡         [32m^[0m


  Sass @import rules are deprecated and will be removed in Dart Sass 3.0.0.
  
  More info and automated migrator: [4mhttps://sass-lang.com/d/import[0m

  The plugin "angular-sass" was triggered by this import

    angular:styles/global:styles:4:8:
[37m      4 Γöé @import [32m'src/assets/scss/app.scss'[37m;
        Γò╡         [32m~~~~~~~~~~~~~~~~~~~~~~~~~~[0m


[33mΓû▓ [43;33m[[43;30mWARNING[43;33m][0m [1mDeprecation[0m [1m[35m[plugin angular-sass][0m

    src/assets/scss/app.scss:14:8:
[37m      14 Γöé @import [32m[37m"bootstrap/scss/functions";
         Γò╡         [32m^[0m


  Sass @import rules are deprecated and will be removed in Dart Sass 3.0.0.
  
  More info and automated migrator: [4mhttps://sass-lang.com/d/import[0m

  The plugin "angular-sass" was triggered by this import

    angular:styles/global:styles:4:8:
[37m      4 Γöé @import [32m'src/assets/scss/app.scss'[37m;
        Γò╡         [32m~~~~~~~~~~~~~~~~~~~~~~~~~~[0m


[33mΓû▓ [43;33m[[43;30mWARNING[43;33m][0m [1mDeprecation[0m [1m[35m[plugin angular-sass][0m

    src/assets/scss/app.scss:15:8:
[37m      15 Γöé @import [32m[37m"bootstrap/scss/variables";
         Γò╡         [32m^[0m


  Sass @import rules are deprecated and will be removed in Dart Sass 3.0.0.
  
  More info and automated migrator: [4mhttps://sass-lang.com/d/import[0m

  The plugin "angular-sass" was triggered by this import

    angular:styles/global:styles:4:8:
[37m      4 Γöé @import [32m'src/assets/scss/app.scss'[37m;
        Γò╡         [32m~~~~~~~~~~~~~~~~~~~~~~~~~~[0m


[33mΓû▓ [43;33m[[43;30mWARNING[43;33m][0m [1mDeprecation[0m [1m[35m[plugin angular-sass][0m

    src/assets/scss/app.scss:16:8:
[37m      16 Γöé @import [32m[37m"variables";
         Γò╡         [32m^[0m


  Sass @import rules are deprecated and will be removed in Dart Sass 3.0.0.
  
  More info and automated migrator: [4mhttps://sass-lang.com/d/import[0m

  The plugin "angular-sass" was triggered by this import

    angular:styles/global:styles:4:8:
[37m      4 Γöé @import [32m'src/assets/scss/app.scss'[37m;
        Γò╡         [32m~~~~~~~~~~~~~~~~~~~~~~~~~~[0m


[33mΓû▓ [43;33m[[43;30mWARNING[43;33m][0m [1mDeprecation[0m [1m[35m[plugin angular-sass][0m

    src/assets/scss/app.scss:17:8:
[37m      17 Γöé @import [32m[37m"bootstrap/scss/mixins";
         Γò╡         [32m^[0m


  Sass @import rules are deprecated and will be removed in Dart Sass 3.0.0.
  
  More info and automated migrator: [4mhttps://sass-lang.com/d/import[0m

  The plugin "angular-sass" was triggered by this import

    angular:styles/global:styles:4:8:
[37m      4 Γöé @import [32m'src/assets/scss/app.scss'[37m;
        Γò╡         [32m~~~~~~~~~~~~~~~~~~~~~~~~~~[0m


[33mΓû▓ [43;33m[[43;30mWARNING[43;33m][0m [1mDeprecation[0m [1m[35m[plugin angular-sass][0m

    src/assets/scss/bootstrap.scss:12:8:
[37m      12 Γöé @import [32m[37m"bootstrap/scss/functions";
         Γò╡         [32m^[0m


  Sass @import rules are deprecated and will be removed in Dart Sass 3.0.0.
  
  More info and automated migrator: [4mhttps://sass-lang.com/d/import[0m

  The plugin "angular-sass" was triggered by this import

    angular:styles/global:styles:3:8:
[37m      3 Γöé @import [32m'src/assets/scss/bootstrap.scss'[37m;
        Γò╡         [32m~~~~~~~~~~~~~~~~~~~~~~~~~~~~~~~~[0m


[33mΓû▓ [43;33m[[43;30mWARNING[43;33m][0m [1mDeprecation[0m [1m[35m[plugin angular-sass][0m

    src/assets/scss/bootstrap.scss:13:8:
[37m      13 Γöé @import [32m[37m"bootstrap/scss/variables";
         Γò╡         [32m^[0m


  Sass @import rules are deprecated and will be removed in Dart Sass 3.0.0.
  
  More info and automated migrator: [4mhttps://sass-lang.com/d/import[0m

  The plugin "angular-sass" was triggered by this import

    angular:styles/global:styles:3:8:
[37m      3 Γöé @import [32m'src/assets/scss/bootstrap.scss'[37m;
        Γò╡         [32m~~~~~~~~~~~~~~~~~~~~~~~~~~~~~~~~[0m


[33mΓû▓ [43;33m[[43;30mWARNING[43;33m][0m [1mDeprecation[0m [1m[35m[plugin angular-sass][0m

    src/assets/scss/bootstrap.scss:14:8:
[37m      14 Γöé @import [32m[37m"variables";
         Γò╡         [32m^[0m


  Sass @import rules are deprecated and will be removed in Dart Sass 3.0.0.
  
  More info and automated migrator: [4mhttps://sass-lang.com/d/import[0m

  The plugin "angular-sass" was triggered by this import

    angular:styles/global:styles:3:8:
[37m      3 Γöé @import [32m'src/assets/scss/bootstrap.scss'[37m;
        Γò╡         [32m~~~~~~~~~~~~~~~~~~~~~~~~~~~~~~~~[0m


[33mΓû▓ [43;33m[[43;30mWARNING[43;33m][0m [1mDeprecation[0m [1m[35m[plugin angular-sass][0m

    src/assets/scss/bootstrap.scss:15:8:
[37m      15 Γöé @import [32m[37m"bootstrap/scss/bootstrap";
         Γò╡         [32m^[0m


  Sass @import rules are deprecated and will be removed in Dart Sass 3.0.0.
  
  More info and automated migrator: [4mhttps://sass-lang.com/d/import[0m

  The plugin "angular-sass" was triggered by this import

    angular:styles/global:styles:3:8:
[37m      3 Γöé @import [32m'src/assets/scss/bootstrap.scss'[37m;
        Γò╡         [32m~~~~~~~~~~~~~~~~~~~~~~~~~~~~~~~~[0m


[33mΓû▓ [43;33m[[43;30mWARNING[43;33m][0m [1mDeprecation[0m [1m[35m[plugin angular-sass][0m

    src/assets/scss/bootstrap.scss:17:8:
[37m      17 Γöé @import [32m[37m"custom/components/reboot";
         Γò╡         [32m^[0m


  Sass @import rules are deprecated and will be removed in Dart Sass 3.0.0.
  
  More info and automated migrator: [4mhttps://sass-lang.com/d/import[0m

  The plugin "angular-sass" was triggered by this import

    angular:styles/global:styles:3:8:
[37m      3 Γöé @import [32m'src/assets/scss/bootstrap.scss'[37m;
        Γò╡         [32m~~~~~~~~~~~~~~~~~~~~~~~~~~~~~~~~[0m


[33mΓû▓ [43;33m[[43;30mWARNING[43;33m][0m [1mDeprecation[0m [1m[35m[plugin angular-sass][0m

    src/assets/scss/custom/components/_badge.scss:38:28:
[37m      38 Γöé           background-color: [32m[37mdarken($value, 4%) !important;
         Γò╡                             [32m^[0m


  darken() is deprecated. Suggestions:
  
  color.scale($color, $lightness: -6.3157894737%)
  color.adjust($color, $lightness: -4%)
  
  More info: [4mhttps://sass-lang.com/d/color-functions[0m

  The plugin "angular-sass" was triggered by this import

    angular:styles/global:styles:3:8:
[37m      3 Γöé @import [32m'src/assets/scss/bootstrap.scss'[37m;
        Γò╡         [32m~~~~~~~~~~~~~~~~~~~~~~~~~~~~~~~~[0m


[33mΓû▓ [43;33m[[43;30mWARNING[43;33m][0m [1mDeprecation[0m [1m[35m[plugin angular-sass][0m

    src/assets/scss/custom/components/_badge.scss:38:28:
[37m      38 Γöé           background-color: [32m[37mdarken($value, 4%) !important;
         Γò╡                             [32m^[0m


  darken() is deprecated. Suggestions:
  
  color.scale($color, $lightness: -7.9377431907%)
  color.adjust($color, $lightness: -4%)
  
  More info: [4mhttps://sass-lang.com/d/color-functions[0m

  The plugin "angular-sass" was triggered by this import

    angular:styles/global:styles:3:8:
[37m      3 Γöé @import [32m'src/assets/scss/bootstrap.scss'[37m;
        Γò╡         [32m~~~~~~~~~~~~~~~~~~~~~~~~~~~~~~~~[0m


[33mΓû▓ [43;33m[[43;30mWARNING[43;33m][0m [1mDeprecation[0m [1m[35m[plugin angular-sass][0m

    src/assets/scss/custom/components/_badge.scss:38:28:
[37m      38 Γöé           background-color: [32m[37mdarken($value, 4%) !important;
         Γò╡                             [32m^[0m


  darken() is deprecated. Suggestions:
  
  color.scale($color, $lightness: -8.2591093117%)
  color.adjust($color, $lightness: -4%)
  
  More info: [4mhttps://sass-lang.com/d/color-functions[0m

  The plugin "angular-sass" was triggered by this import

    angular:styles/global:styles:3:8:
[37m      3 Γöé @import [32m'src/assets/scss/bootstrap.scss'[37m;
        Γò╡         [32m~~~~~~~~~~~~~~~~~~~~~~~~~~~~~~~~[0m


[33mΓû▓ [43;33m[[43;30mWARNING[43;33m][0m [1mDeprecation[0m [1m[35m[plugin angular-sass][0m

    src/assets/scss/custom/plugins/_icons.scss:5:8:
[37m      5 Γöé @import [32m[37m"icons/materialdesignicons";
        Γò╡         [32m^[0m


  Sass @import rules are deprecated and will be removed in Dart Sass 3.0.0.
  
  More info and automated migrator: [4mhttps://sass-lang.com/d/import[0m

  The plugin "angular-sass" was triggered by this import

    angular:styles/global:styles:5:8:
[37m      5 Γöé @import [32m'src/assets/scss/icons.scss'[37m;
        Γò╡         [32m~~~~~~~~~~~~~~~~~~~~~~~~~~~~[0m


[33mΓû▓ [43;33m[[43;30mWARNING[43;33m][0m [1mDeprecation[0m [1m[35m[plugin angular-sass][0m

    src/assets/scss/custom/plugins/_icons.scss:6:8:
[37m      6 Γöé @import [32m[37m"icons/boxicons";
        Γò╡         [32m^[0m


  Sass @import rules are deprecated and will be removed in Dart Sass 3.0.0.
  
  More info and automated migrator: [4mhttps://sass-lang.com/d/import[0m

  The plugin "angular-sass" was triggered by this import

    angular:styles/global:styles:5:8:
[37m      5 Γöé @import [32m'src/assets/scss/icons.scss'[37m;
        Γò╡         [32m~~~~~~~~~~~~~~~~~~~~~~~~~~~~[0m


[33mΓû▓ [43;33m[[43;30mWARNING[43;33m][0m [1mDeprecation[0m [1m[35m[plugin angular-sass][0m

    src/assets/scss/custom/plugins/_icons.scss:7:8:
[37m      7 Γöé @import [32m[37m"icons/fontawesome-all";
        Γò╡         [32m^[0m


  Sass @import rules are deprecated and will be removed in Dart Sass 3.0.0.
  
  More info and automated migrator: [4mhttps://sass-lang.com/d/import[0m

  The plugin "angular-sass" was triggered by this import

    angular:styles/global:styles:5:8:
[37m      5 Γöé @import [32m'src/assets/scss/icons.scss'[37m;
        Γò╡         [32m~~~~~~~~~~~~~~~~~~~~~~~~~~~~[0m


[33mΓû▓ [43;33m[[43;30mWARNING[43;33m][0m [1mDeprecation[0m [1m[35m[plugin angular-sass][0m

    src/assets/scss/custom/plugins/_icons.scss:8:8:
[37m      8 Γöé @import [32m[37m"icons/dripicons";
        Γò╡         [32m^[0m


  Sass @import rules are deprecated and will be removed in Dart Sass 3.0.0.
  
  More info and automated migrator: [4mhttps://sass-lang.com/d/import[0m

  The plugin "angular-sass" was triggered by this import

    angular:styles/global:styles:5:8:
[37m      5 Γöé @import [32m'src/assets/scss/icons.scss'[37m;
        Γò╡         [32m~~~~~~~~~~~~~~~~~~~~~~~~~~~~[0m


[33mΓû▓ [43;33m[[43;30mWARNING[43;33m][0m [1mDeprecation[0m [1m[35m[plugin angular-sass][0m

    src/assets/scss/custom/structure/_right-sidebar.scss:19:26:
[37m      19 Γöé         background-color: [32m[37mlighten($dark, 7%);
         Γò╡                           [32m^[0m


  lighten() is deprecated. Suggestions:
  
  color.scale($color, $lightness: 9.0609137056%)
  color.adjust($color, $lightness: 7%)
  
  More info: [4mhttps://sass-lang.com/d/color-functions[0m

  The plugin "angular-sass" was triggered by this import

    angular:styles/global:styles:4:8:
[37m      4 Γöé @import [32m'src/assets/scss/app.scss'[37m;
        Γò╡         [32m~~~~~~~~~~~~~~~~~~~~~~~~~~[0m


[33mΓû▓ [43;33m[[43;30mWARNING[43;33m][0m [1mDeprecation[0m [1m[35m[plugin angular-sass][0m

    src/assets/scss/custom/structure/_right-sidebar.scss:28:30:
[37m      28 Γöé             background-color: [32m[37mlighten($dark, 10%);
         Γò╡                               [32m^[0m


  lighten() is deprecated. Suggestions:
  
  color.scale($color, $lightness: 12.9441624365%)
  color.adjust($color, $lightness: 10%)
  
  More info: [4mhttps://sass-lang.com/d/color-functions[0m

  The plugin "angular-sass" was triggered by this import

    angular:styles/global:styles:4:8:
[37m      4 Γöé @import [32m'src/assets/scss/app.scss'[37m;
        Γò╡         [32m~~~~~~~~~~~~~~~~~~~~~~~~~~[0m


[33mΓû▓ [43;33m[[43;30mWARNING[43;33m][0m [1mDeprecation[0m [1m[35m[plugin angular-sass][0m

    src/assets/scss/custom/structure/_topbar.scss:276:30:
[37m      276 Γöé             background-color: [32m[37mlighten($header-dark-bg,4%);
          Γò╡                               [32m^[0m


  lighten() is deprecated. Suggestions:
  
  color.scale($color, $lightness: 5.2987012987%)
  color.adjust($color, $lightness: 4%)
  
  More info: [4mhttps://sass-lang.com/d/color-functions[0m

  The plugin "angular-sass" was triggered by this import

    angular:styles/global:styles:4:8:
[37m      4 Γöé @import [32m'src/assets/scss/app.scss'[37m;
        Γò╡         [32m~~~~~~~~~~~~~~~~~~~~~~~~~~[0m


[33mΓû▓ [43;33m[[43;30mWARNING[43;33m][0m [1mDeprecation[0m [1m[35m[plugin angular-sass][0m

    src/assets/scss/icons.scss:11:8:
[37m      11 Γöé @import [32m[37m"custom/plugins/icons";
         Γò╡         [32m^[0m

  Sass @import rules are deprecated and will be removed in Dart Sass 3.0.0.
  
  More info and automated migrator: [4mhttps://sass-lang.com/d/import[0m

  The plugin "angular-sass" was triggered by this import

    angular:styles/global:styles:5:8:
[37m      5 Γöé @import [32m'src/assets/scss/icons.scss'[37m;
        Γò╡         [32m~~~~~~~~~~~~~~~~~~~~~~~~~~~~[0m


[33mΓû▓ [43;33m[[43;30mWARNING[43;33m][0m [1mDeprecation[0m [1m[35m[plugin angular-sass][0m

    src/styles.scss:10:8:
[37m      10 Γöé @import [32m[37m"ngx-owl-carousel-o/lib/styles/scss/owl.carousel";
         Γò╡         [32m^[0m


  Sass @import rules are deprecated and will be removed in Dart Sass 3.0.0.
  
  More info and automated migrator: [4mhttps://sass-lang.com/d/import[0m

  The plugin "angular-sass" was triggered by this import

    angular:styles/global:styles:2:8:
[37m      2 Γöé @import [32m'src/styles.scss'[37m;
        Γò╡         [32m~~~~~~~~~~~~~~~~~[0m


[33mΓû▓ [43;33m[[43;30mWARNING[43;33m][0m [1mDeprecation[0m [1m[35m[plugin angular-sass][0m

    src/styles.scss:11:8:
[37m      11 Γöé @import [32m[37m"ngx-owl-carousel-o/lib/styles/scss/owl.theme.default";
         Γò╡         [32m^[0m


  Sass @import rules are deprecated and will be removed in Dart Sass 3.0.0.
  
  More info and automated migrator: [4mhttps://sass-lang.com/d/import[0m

  The plugin "angular-sass" was triggered by this import

    angular:styles/global:styles:2:8:
[37m      2 Γöé @import [32m'src/styles.scss'[37m;
        Γò╡         [32m~~~~~~~~~~~~~~~~~[0m


[33mΓû▓ [43;33m[[43;30mWARNING[43;33m][0m [1mDeprecation[0m [1m[35m[plugin angular-sass][0m

    src/styles.scss:12:8:
[37m      12 Γöé @import [32m[37m"swiper/swiper-bundle";
         Γò╡         [32m^[0m


  Sass @import rules are deprecated and will be removed in Dart Sass 3.0.0.
  
  More info and automated migrator: [4mhttps://sass-lang.com/d/import[0m

  The plugin "angular-sass" was triggered by this import

    angular:styles/global:styles:2:8:
[37m      2 Γöé @import [32m'src/styles.scss'[37m;
        Γò╡         [32m~~~~~~~~~~~~~~~~~[0m


[33mΓû▓ [43;33m[[43;30mWARNING[43;33m][0m [1m24 repetitive deprecation warnings omitted.
Run in verbose mode to see all warnings.[0m [1m[35m[plugin angular-sass][0m

    angular:styles/global:styles:3:8:
[37m      3 Γöé @import [32m'src/assets/scss/bootstrap.scss'[37m;
        Γò╡         [32m~~~~~~~~~~~~~~~~~~~~~~~~~~~~~~~~[0m

  null


[33mΓû▓ [43;33m[[43;30mWARNING[43;33m][0m [1m81 repetitive deprecation warnings omitted.
Run in verbose mode to see all warnings.[0m [1m[35m[plugin angular-sass][0m

    angular:styles/global:styles:4:8:
[37m      4 Γöé @import [32m'src/assets/scss/app.scss'[37m;
        Γò╡         [32m~~~~~~~~~~~~~~~~~~~~~~~~~~[0m

  null


[33mΓû▓ [43;33m[[43;30mWARNING[43;33m][0m [1m1 repetitive deprecation warnings omitted.
Run in verbose mode to see all warnings.[0m [1m[35m[plugin angular-sass][0m

    angular:styles/global:styles:5:8:
[37m      5 Γöé @import [32m'src/assets/scss/icons.scss'[37m;
        Γò╡         [32m~~~~~~~~~~~~~~~~~~~~~~~~~~~~[0m

  null

[39m[22m
[1m[31m[31mX [41;31m[[41;97mERROR[41;31m][0m [1mCan't find stylesheet to import.
  Γò╖
1 Γöé @import "~src/assets/scss/fullcalendar.scss";
  Γöé         ^^^^^^^^^^^^^^^^^^^^^^^^^^^^^^^^^^^^
  Γò╡
  src\app\components\subscribed-health-packages\subscribed-health-package-notifications\subscribed-health-package-notif
ications.component.scss 1:9  root stylesheet[0m [1m[35m[plugin angular-sass][0m


[31mX [41;31m[[41;97mERROR[41;31m][0m [1mCan't find stylesheet to import.
  Γò╖
1 Γöé @import "~src/app/components/select-product/select-product.component.scss";
  Γöé         ^^^^^^^^^^^^^^^^^^^^^^^^^^^^^^^^^^^^^^^^^^^^^^^^^^^^^^^^^^^^^^^^^^
  Γò╡
  src\app\components\view-appointment\view-appointment.component.scss 1:9  root stylesheet[0m [1m[35m[plugin 
angular-sass][0m


[31mX [41;31m[[41;97mERROR[41;31m][0m [1mCan't find stylesheet to import.
  Γò╖
1 Γöé @import "~src/assets/scss/fullcalendar.scss";
  Γöé         ^^^^^^^^^^^^^^^^^^^^^^^^^^^^^^^^^^^^
  Γò╡
  src\app\components\subscribed-health-packages\subscribed-health-package\subscribed-health-package.component.scss 1:9 
 root stylesheet[0m [1m[35m[plugin angular-sass][0m


[31mX [41;31m[[41;97mERROR[41;31m][0m [1mCan't find stylesheet to import.
  Γò╖
1 Γöé @import '~src/assets/scss/fullcalendar.scss';
  Γöé         ^^^^^^^^^^^^^^^^^^^^^^^^^^^^^^^^^^^^
  Γò╡
  src\app\pages\role\consultant\consultant-appointments\consultant-appointments.component.scss 1:9  root 
stylesheet[0m [1m[35m[plugin angular-sass][0m


[31mX [41;31m[[41;97mERROR[41;31m][0m [1mTS2353: Object literal may only specify known properties, and 
'relativeLinkResolution' does not exist in type 'ExtraOptions'.[0m [1m[35m[plugin angular-compiler][0m

    src/app/app-routing.module.ts:16:77:
[37m      16 Γöé ...lPositionRestoration: 'top', [32mrelativeLinkResolution[37m: 'legacy' })],
         Γò╡                                 [32m~~~~~~~~~~~~~~~~~~~~~~[0m


[31mX [41;31m[[41;97mERROR[41;31m][0m [1mTS2554: Expected 0 arguments, but got 3.[0m [1m[35m[plugin 
angular-compiler][0m

    src/app/app.module.ts:36:33:
[37m      36 Γöé   return new TranslateHttpLoader([32mhttp, 'assets/i18n/', '.json'[37m);
         Γò╡                                  [32m~~~~~~~~~~~~~~~~~~~~~~~~~~~~~[0m


[31mX [41;31m[[41;97mERROR[41;31m][0m [1mNG6002: 'ToastrModule' does not appear to be an NgModule class.[0m 
[1m[35m[plugin angular-compiler][0m

    src/app/app.module.ts:43:11:
[37m      43 Γöé   imports: [32m[[37m
         Γò╡            [32m^[0m

  This likely means that the library (ngx-toastr) which declares ToastrModule is not compatible with Angular Ivy. 
Check if a newer version of the library is available, and update if so. Also consider checking with the library's 
authors to see if the library is expected to be compatible with Ivy.

    node_modules/ngx-toastr/toastr/toastr.module.d.ts:4:21:
[37m      4 Γöé export declare class [32mToastrModule[37m {
        Γò╡                      [32m~~~~~~~~~~~~[0m


[31mX [41;31m[[41;97mERROR[41;31m][0m [1mNG6002: 'NgxSpinnerModule' does not appear to be an NgModule class.[0m 
[1m[35m[plugin angular-compiler][0m

    src/app/app.module.ts:65:4:
[37m      65 Γöé     [32mNgxSpinnerModule[37m,
         Γò╡     [32m~~~~~~~~~~~~~~~~[0m

  This likely means that the library (ngx-spinner) which declares NgxSpinnerModule is not compatible with Angular Ivy. 
Check if a newer version of the library is available, and update if so. Also consider checking with the library's 
authors to see if the library is expected to be compatible with Ivy.

    node_modules/ngx-spinner/lib/ngx-spinner.module.d.ts:1:21:
[37m      1 Γöé export declare class [32mNgxSpinnerModule[37m {
        Γò╡                      [32m~~~~~~~~~~~~~~~~[0m


[31mX [41;31m[[41;97mERROR[41;31m][0m [1mTS7030: Not all code paths return a value.[0m [1m[35m[plugin 
angular-compiler][0m

    src/app/components/notification-templates/add-notification-template/add-notification-template.component.ts:138:20:
[37m      138 Γöé       req.subscribe([32mres => {[37m
          Γò╡                     [32m~~~~~~~~[0m


[31mX [41;31m[[41;97mERROR[41;31m][0m [1mTS2531: Object is possibly 'null'.[0m [1m[35m[plugin 
angular-compiler][0m

    src/app/components/subscribed-health-packages/create-health-package-subscription/create-health-package-subscription
.component.html:57:41:
[37m      57 Γöé ...     <div *ngIf="form.value.testsId.[32mlength[37m" class="col-md-4 mb-3">
         Γò╡                                        [32m~~~~~~[0m

  Error occurs in the template of component CreateHealthPackageSubscriptionComponent.

    src/app/components/subscribed-health-packages/create-health-package-subscription/create-health-package-subscription
.component.ts:15:15:
[37m      15 Γöé   templateUrl: [32m'./create-health-package-subscription.component.html'[37m,
         Γò╡                [32m~~~~~~~~~~~~~~~~~~~~~~~~~~~~~~~~~~~~~~~~~~~~~~~~~~~~~[0m


[31mX [41;31m[[41;97mERROR[41;31m][0m [1mTS2322: Type 'undefined[]' is not assignable to type 'null'.[0m 
[1m[35m[plugin angular-compiler][0m

    src/app/components/subscribed-health-packages/create-health-package-subscription/create-health-package-subscription
.component.ts:135:46:
[37m      135 Γöé     this.form.patchValue({ variationId: null, [32mtestsId[37m: [] });
          Γò╡                                               [32m~~~~~~~[0m

  The expected type comes from property 'testsId' which is declared here on type 'Partial<{ userId: null; 
healthPackageId: null; variationId: any; consultant: null; pincode: string; testsId: null; healthPackagePrice: string; 
adminPaymentStatus: string; paymentType: string; paymentMethod: string; paymentDate: string; txnId: string; }>'

    src/app/components/subscribed-health-packages/create-health-package-subscription/create-health-package-subscription
.component.ts:59:4:
[37m      59 Γöé     [32mtestsId: [[]][37m,
         Γò╡     [32m~~~~~~~~~~~~~[0m


[31mX [41;31m[[41;97mERROR[41;31m][0m [1mTS18047: 'testsId' is possibly 'null'.[0m [1m[35m[plugin 
angular-compiler][0m

    src/app/components/subscribed-health-packages/create-health-package-subscription/create-health-package-subscription
.component.ts:200:55:
[37m      200 Γöé ...edLabTests = this.labTests.filter(el => [32mtestsId[37m.includes(el._id))
          Γò╡                                            [32m~~~~~~~[0m


[31mX [41;31m[[41;97mERROR[41;31m][0m [1mTS18047: 'value.testsId' is possibly 'null'.[0m [1m[35m[plugin 
angular-compiler][0m

    src/app/components/subscribed-health-packages/create-health-package-subscription/create-health-package-subscription
.component.ts:220:17:
[37m      220 Γöé     if (valid && [32mvalue.testsId[37m.length && this.isPincodeServiceabl...
          Γò╡                  [32m~~~~~~~~~~~~~[0m


[31mX [41;31m[[41;97mERROR[41;31m][0m [1mTS18047: 'value.testsId' is possibly 'null'.[0m [1m[35m[plugin 
angular-compiler][0m

    src/app/components/subscribed-health-packages/create-health-package-subscription/create-health-package-subscription
.component.ts:223:18:
[37m      223 Γöé     if (valid && ([32mvalue.testsId[37m.length ? this.isPincodeServiceabl...
          Γò╡                   [32m~~~~~~~~~~~~~[0m


[31mX [41;31m[[41;97mERROR[41;31m][0m [1mTS7030: Not all code paths return a value.[0m [1m[35m[plugin 
angular-compiler][0m

    src/app/components/view-appointment/view-appointment.component.ts:335:2:
[37m      335 Γöé   [32mopenModal[37m(content: any, type: 'reschedule' | 'followUp', appt) {
          Γò╡   [32m~~~~~~~~~[0m


[31mX [41;31m[[41;97mERROR[41;31m][0m [1mTS7030: Not all code paths return a value.[0m [1m[35m[plugin 
angular-compiler][0m

    src/app/components/view-appointment/view-appointment.component.ts:915:2:
[37m      915 Γöé   [32msubmitPrescription[37m() {
          Γò╡   [32m~~~~~~~~~~~~~~~~~~[0m


[31mX [41;31m[[41;97mERROR[41;31m][0m [1mTS7030: Not all code paths return a value.[0m [1m[35m[plugin 
angular-compiler][0m

    src/app/components/view-appointment/view-appointment.component.ts:1004:2:
[37m      1004 Γöé   [32monAttachment[37m(event) {
           Γò╡   [32m~~~~~~~~~~~~[0m


[31mX [41;31m[[41;97mERROR[41;31m][0m [1mTS2322: Type 'File' is not assignable to type 'string'.[0m 
[1m[35m[plugin angular-compiler][0m

    src/app/components/view-appointment/view-appointment.component.ts:1013:35:
[37m      1013 Γöé       this.recordForm.patchValue({ [32mattachment[37m: file });
           Γò╡                                    [32m~~~~~~~~~~[0m

  The expected type comes from property 'attachment' which is declared here on type 'Partial<{ date: string; 
description: string; attachment: string; }>'

    src/app/components/view-appointment/view-appointment.component.ts:168:4:
[37m      168 Γöé     [32mattachment: ["", Validators.required][37m,
          Γò╡     [32m~~~~~~~~~~~~~~~~~~~~~~~~~~~~~~~~~~~~~[0m


[31mX [41;31m[[41;97mERROR[41;31m][0m [1mTS2322: Type 'string' is not assignable to type 'File'.[0m 
[1m[35m[plugin angular-compiler][0m

    src/app/components/view-appointment/view-appointment.component.ts:1028:19:
[37m      1028 Γöé       .fileUpload([[32mthis.recordForm.value.attachment[37m], "")
           Γò╡                    [32m~~~~~~~~~~~~~~~~~~~~~~~~~~~~~~~~[0m


[31mX [41;31m[[41;97mERROR[41;31m][0m [1mTS2322: Type 'string' is not assignable to type 'null'.[0m 
[1m[35m[plugin angular-compiler][0m

    src/app/pages/assessments/add-assessment/add-assessment.component.ts:116:10:
[37m      116 Γöé           [32mvalue.image[37m = res.data[0];
          Γò╡           [32m~~~~~~~~~~~[0m


[31mX [41;31m[[41;97mERROR[41;31m][0m [1mTS2698: Spread types may only be created from object types.[0m 
[1m[35m[plugin angular-compiler][0m

    src/app/pages/assessments/add-assessment/add-assessment.component.ts:154:15:
[37m      154 Γöé         el = { [32m...el[37m }
          Γò╡                [32m~~~~~[0m


[31mX [41;31m[[41;97mERROR[41;31m][0m [1mTS2339: Property '_id' does not exist on type 'unknown'.[0m 
[1m[35m[plugin angular-compiler][0m

    src/app/pages/assessments/add-assessment/add-assessment.component.ts:155:16:
[37m      155 Γöé         if (!el.[32m_id[37m) delete el._id;
          Γò╡                 [32m~~~[0m


[31mX [41;31m[[41;97mERROR[41;31m][0m [1mTS2339: Property '_id' does not exist on type 'unknown'.[0m 
[1m[35m[plugin angular-compiler][0m

    src/app/pages/assessments/add-assessment/add-assessment.component.ts:155:31:
[37m      155 Γöé         if (!el._id) delete el.[32m_id[37m;
          Γò╡                                [32m~~~[0m


[31mX [41;31m[[41;97mERROR[41;31m][0m [1mTS2698: Spread types may only be created from object types.[0m 
[1m[35m[plugin angular-compiler][0m

    src/app/pages/assessments/add-assessment/add-assessment.component.ts:158:10:
[37m      158 Γöé           [32m...el[37m,
          Γò╡           [32m~~~~~[0m


[31mX [41;31m[[41;97mERROR[41;31m][0m [1mTS2698: Spread types may only be created from object types.[0m 
[1m[35m[plugin angular-compiler][0m

    src/app/pages/assessments/add-assessment/add-assessment.component.ts:180:15:
[37m      180 Γöé         el = { [32m...el[37m }
          Γò╡                [32m~~~~~[0m


[31mX [41;31m[[41;97mERROR[41;31m][0m [1mTS2339: Property 'type' does not exist on type 'unknown'.[0m 
[1m[35m[plugin angular-compiler][0m

    src/app/pages/assessments/add-assessment/add-assessment.component.ts:182:11:
[37m      182 Γöé         el.[32mtype[37m = el[typeKey]
          Γò╡            [32m~~~~[0m


[31mX [41;31m[[41;97mERROR[41;31m][0m [1mTS2339: Property '_id' does not exist on type 'unknown'.[0m 
[1m[35m[plugin angular-compiler][0m

    src/app/pages/assessments/add-assessment/add-assessment.component.ts:184:16:
[37m      184 Γöé         if (!el.[32m_id[37m) delete el._id;
          Γò╡                 [32m~~~[0m


[31mX [41;31m[[41;97mERROR[41;31m][0m [1mTS2339: Property '_id' does not exist on type 'unknown'.[0m 
[1m[35m[plugin angular-compiler][0m

    src/app/pages/assessments/add-assessment/add-assessment.component.ts:184:31:
[37m      184 Γöé         if (!el._id) delete el.[32m_id[37m;
          Γò╡                                [32m~~~[0m


[31mX [41;31m[[41;97mERROR[41;31m][0m [1mTS2345: Argument of type '{ name: any; time_limit: any; image: any[]; 
active: any; }' is not assignable to parameter of type 'Partial<{ name: string; time_limit: string; image: null; 
isActive: boolean; }>'.
  Types of property 'image' are incompatible.
    Type 'any[]' is not assignable to type 'null'.[0m [1m[35m[plugin angular-compiler][0m

    src/app/pages/assessments/add-assessment/add-assessment.component.ts:210:27:
[37m      210 Γöé       this.form.patchValue([32mpatchData[37m);
          Γò╡                            [32m~~~~~~~~~[0m


[31mX [41;31m[[41;97mERROR[41;31m][0m [1mNG8001: 'lib-ngx-chartist' is not a known element:
1. If 'lib-ngx-chartist' is an Angular component, then verify that it is part of this module.
2. If 'lib-ngx-chartist' is a Web Component then add 'CUSTOM_ELEMENTS_SCHEMA' to the '@NgModule.schemas' of this 
component to suppress this message.[0m [1m[35m[plugin angular-compiler][0m

    src/app/pages/chart/chartist/chartist.component.html:10:10:
[37m      10 Γöé           [32m<lib-ngx-chartist class="ct-chart" [data]="simpleLineCha[37m...
         Γò╡           [32m~~~~~~~~~~~~~~~~~~~~~~~~~~~~~~~~~~~~~~~~~~~~~~~~~~~~~~~~[0m

  Error occurs in the template of component ChartistComponent.

    src/app/pages/chart/chartist/chartist.component.ts:14:15:
[37m      14 Γöé   templateUrl: [32m'./chartist.component.html'[37m,
         Γò╡                [32m~~~~~~~~~~~~~~~~~~~~~~~~~~~[0m


[31mX [41;31m[[41;97mERROR[41;31m][0m [1mNG8002: Can't bind to 'data' since it isn't a known property of 
'lib-ngx-chartist'.
1. If 'lib-ngx-chartist' is an Angular component and it has 'data' input, then verify that it is part of this module.
2. If 'lib-ngx-chartist' is a Web Component then add 'CUSTOM_ELEMENTS_SCHEMA' to the '@NgModule.schemas' of this 
component to suppress this message.
3. To allow any property add 'NO_ERRORS_SCHEMA' to the '@NgModule.schemas' of this component.[0m [1m[35m[plugin 
angular-compiler][0m

    src/app/pages/chart/chartist/chartist.component.html:10:45:
[37m      10 Γöé ...class="ct-chart" [32m[data]="simpleLineChart.data"[37m [options]="simpl...
         Γò╡                     [32m~~~~~~~~~~~~~~~~~~~~~~~~~~~~~[0m

  Error occurs in the template of component ChartistComponent.

    src/app/pages/chart/chartist/chartist.component.ts:14:15:
[37m      14 Γöé   templateUrl: [32m'./chartist.component.html'[37m,
         Γò╡                [32m~~~~~~~~~~~~~~~~~~~~~~~~~~~[0m


[31mX [41;31m[[41;97mERROR[41;31m][0m [1mNG8002: Can't bind to 'options' since it isn't a known property of 
'lib-ngx-chartist'.
1. If 'lib-ngx-chartist' is an Angular component and it has 'options' input, then verify that it is part of this 
module.
2. If 'lib-ngx-chartist' is a Web Component then add 'CUSTOM_ELEMENTS_SCHEMA' to the '@NgModule.schemas' of this 
component to suppress this message.
3. To allow any property add 'NO_ERRORS_SCHEMA' to the '@NgModule.schemas' of this component.[0m [1m[35m[plugin 
angular-compiler][0m

    src/app/pages/chart/chartist/chartist.component.html:10:75:
[37m      10 Γöé ... [data]="simpleLineChart.data" [32m[options]="simpleLineChart.options"[37m
         Γò╡                                   [32m~~~~~~~~~~~~~~~~~~~~~~~~~~~~~~~~~~~[0m

  Error occurs in the template of component ChartistComponent.

    src/app/pages/chart/chartist/chartist.component.ts:14:15:
[37m      14 Γöé   templateUrl: [32m'./chartist.component.html'[37m,
         Γò╡                [32m~~~~~~~~~~~~~~~~~~~~~~~~~~~[0m


[31mX [41;31m[[41;97mERROR[41;31m][0m [1mNG8002: Can't bind to 'type' since it isn't a known property of 
'lib-ngx-chartist'.
1. If 'lib-ngx-chartist' is an Angular component and it has 'type' input, then verify that it is part of this module.
2. If 'lib-ngx-chartist' is a Web Component then add 'CUSTOM_ELEMENTS_SCHEMA' to the '@NgModule.schemas' of this 
component to suppress this message.
3. To allow any property add 'NO_ERRORS_SCHEMA' to the '@NgModule.schemas' of this component.[0m [1m[35m[plugin 
angular-compiler][0m

    src/app/pages/chart/chartist/chartist.component.html:11:12:
[37m      11 Γöé             [32m[type]="simpleLineChart.type"[37m></lib-ngx-chartist>
         Γò╡             [32m~~~~~~~~~~~~~~~~~~~~~~~~~~~~~[0m

  Error occurs in the template of component ChartistComponent.

    src/app/pages/chart/chartist/chartist.component.ts:14:15:
[37m      14 Γöé   templateUrl: [32m'./chartist.component.html'[37m,
         Γò╡                [32m~~~~~~~~~~~~~~~~~~~~~~~~~~~[0m


[31mX [41;31m[[41;97mERROR[41;31m][0m [1mNG8001: 'lib-ngx-chartist' is not a known element:
1. If 'lib-ngx-chartist' is an Angular component, then verify that it is part of this module.
2. If 'lib-ngx-chartist' is a Web Component then add 'CUSTOM_ELEMENTS_SCHEMA' to the '@NgModule.schemas' of this 
component to suppress this message.[0m [1m[35m[plugin angular-compiler][0m

    src/app/pages/chart/chartist/chartist.component.html:20:10:
[37m      20 Γöé           [32m<lib-ngx-chartist class="ct-chart" [data]="areaLineChart[37m...
         Γò╡           [32m~~~~~~~~~~~~~~~~~~~~~~~~~~~~~~~~~~~~~~~~~~~~~~~~~~~~~~~~[0m

  Error occurs in the template of component ChartistComponent.

    src/app/pages/chart/chartist/chartist.component.ts:14:15:
[37m      14 Γöé   templateUrl: [32m'./chartist.component.html'[37m,
         Γò╡                [32m~~~~~~~~~~~~~~~~~~~~~~~~~~~[0m


[31mX [41;31m[[41;97mERROR[41;31m][0m [1mNG8002: Can't bind to 'data' since it isn't a known property of 
'lib-ngx-chartist'.
1. If 'lib-ngx-chartist' is an Angular component and it has 'data' input, then verify that it is part of this module.
2. If 'lib-ngx-chartist' is a Web Component then add 'CUSTOM_ELEMENTS_SCHEMA' to the '@NgModule.schemas' of this 
component to suppress this message.
3. To allow any property add 'NO_ERRORS_SCHEMA' to the '@NgModule.schemas' of this component.[0m [1m[35m[plugin 
angular-compiler][0m

    src/app/pages/chart/chartist/chartist.component.html:20:45:
[37m      20 Γöé ... class="ct-chart" [32m[data]="areaLineChart.data"[37m [options]="areaLi...
         Γò╡                      [32m~~~~~~~~~~~~~~~~~~~~~~~~~~~[0m

  Error occurs in the template of component ChartistComponent.

    src/app/pages/chart/chartist/chartist.component.ts:14:15:
[37m      14 Γöé   templateUrl: [32m'./chartist.component.html'[37m,
         Γò╡                [32m~~~~~~~~~~~~~~~~~~~~~~~~~~~[0m


[31mX [41;31m[[41;97mERROR[41;31m][0m [1mNG8002: Can't bind to 'options' since it isn't a known property of 
'lib-ngx-chartist'.
1. If 'lib-ngx-chartist' is an Angular component and it has 'options' input, then verify that it is part of this 
module.
2. If 'lib-ngx-chartist' is a Web Component then add 'CUSTOM_ELEMENTS_SCHEMA' to the '@NgModule.schemas' of this 
component to suppress this message.
3. To allow any property add 'NO_ERRORS_SCHEMA' to the '@NgModule.schemas' of this component.[0m [1m[35m[plugin 
angular-compiler][0m

    src/app/pages/chart/chartist/chartist.component.html:20:73:
[37m      20 Γöé ...ineChart.data" [32m[options]="areaLineChart.options"[37m [type]="areaLi...
         Γò╡                   [32m~~~~~~~~~~~~~~~~~~~~~~~~~~~~~~~~~[0m

  Error occurs in the template of component ChartistComponent.

    src/app/pages/chart/chartist/chartist.component.ts:14:15:
[37m      14 Γöé   templateUrl: [32m'./chartist.component.html'[37m,
         Γò╡                [32m~~~~~~~~~~~~~~~~~~~~~~~~~~~[0m


[31mX [41;31m[[41;97mERROR[41;31m][0m [1mNG8002: Can't bind to 'type' since it isn't a known property of 
'lib-ngx-chartist'.
1. If 'lib-ngx-chartist' is an Angular component and it has 'type' input, then verify that it is part of this module.
2. If 'lib-ngx-chartist' is a Web Component then add 'CUSTOM_ELEMENTS_SCHEMA' to the '@NgModule.schemas' of this 
component to suppress this message.
3. To allow any property add 'NO_ERRORS_SCHEMA' to the '@NgModule.schemas' of this component.[0m [1m[35m[plugin 
angular-compiler][0m

    src/app/pages/chart/chartist/chartist.component.html:20:107:
[37m      20 Γöé ...ta" [options]="areaLineChart.options" [32m[type]="areaLineChart.type"[37m>
         Γò╡                                          [32m~~~~~~~~~~~~~~~~~~~~~~~~~~~[0m

  Error occurs in the template of component ChartistComponent.

    src/app/pages/chart/chartist/chartist.component.ts:14:15:
[37m      14 Γöé   templateUrl: [32m'./chartist.component.html'[37m,
         Γò╡                [32m~~~~~~~~~~~~~~~~~~~~~~~~~~~[0m


[31mX [41;31m[[41;97mERROR[41;31m][0m [1mNG8001: 'lib-ngx-chartist' is not a known element:
1. If 'lib-ngx-chartist' is an Angular component, then verify that it is part of this module.
2. If 'lib-ngx-chartist' is a Web Component then add 'CUSTOM_ELEMENTS_SCHEMA' to the '@NgModule.schemas' of this 
component to suppress this message.[0m [1m[35m[plugin angular-compiler][0m

    src/app/pages/chart/chartist/chartist.component.html:33:10:
[37m      33 Γöé           [32m<lib-ngx-chartist class="ct-chart" [data]="stackBarChart[37m...
         Γò╡           [32m~~~~~~~~~~~~~~~~~~~~~~~~~~~~~~~~~~~~~~~~~~~~~~~~~~~~~~~~[0m

  Error occurs in the template of component ChartistComponent.

    src/app/pages/chart/chartist/chartist.component.ts:14:15:
[37m      14 Γöé   templateUrl: [32m'./chartist.component.html'[37m,
         Γò╡                [32m~~~~~~~~~~~~~~~~~~~~~~~~~~~[0m


[31mX [41;31m[[41;97mERROR[41;31m][0m [1mNG8002: Can't bind to 'data' since it isn't a known property of 
'lib-ngx-chartist'.
1. If 'lib-ngx-chartist' is an Angular component and it has 'data' input, then verify that it is part of this module.
2. If 'lib-ngx-chartist' is a Web Component then add 'CUSTOM_ELEMENTS_SCHEMA' to the '@NgModule.schemas' of this 
component to suppress this message.
3. To allow any property add 'NO_ERRORS_SCHEMA' to the '@NgModule.schemas' of this component.[0m [1m[35m[plugin 
angular-compiler][0m

    src/app/pages/chart/chartist/chartist.component.html:33:45:
[37m      33 Γöé ... class="ct-chart" [32m[data]="stackBarChart.data"[37m [options]="stackB...
         Γò╡                      [32m~~~~~~~~~~~~~~~~~~~~~~~~~~~[0m

  Error occurs in the template of component ChartistComponent.

    src/app/pages/chart/chartist/chartist.component.ts:14:15:
[37m      14 Γöé   templateUrl: [32m'./chartist.component.html'[37m,
         Γò╡                [32m~~~~~~~~~~~~~~~~~~~~~~~~~~~[0m


[31mX [41;31m[[41;97mERROR[41;31m][0m [1mNG8002: Can't bind to 'options' since it isn't a known property of 
'lib-ngx-chartist'.
1. If 'lib-ngx-chartist' is an Angular component and it has 'options' input, then verify that it is part of this 
module.
2. If 'lib-ngx-chartist' is a Web Component then add 'CUSTOM_ELEMENTS_SCHEMA' to the '@NgModule.schemas' of this 
component to suppress this message.
3. To allow any property add 'NO_ERRORS_SCHEMA' to the '@NgModule.schemas' of this component.[0m [1m[35m[plugin 
angular-compiler][0m

    src/app/pages/chart/chartist/chartist.component.html:33:73:
[37m      33 Γöé ...BarChart.data" [32m[options]="stackBarChart.options"[37m [type]="stackB...
         Γò╡                   [32m~~~~~~~~~~~~~~~~~~~~~~~~~~~~~~~~~[0m

  Error occurs in the template of component ChartistComponent.

    src/app/pages/chart/chartist/chartist.component.ts:14:15:
[37m      14 Γöé   templateUrl: [32m'./chartist.component.html'[37m,
         Γò╡                [32m~~~~~~~~~~~~~~~~~~~~~~~~~~~[0m


[31mX [41;31m[[41;97mERROR[41;31m][0m [1mNG8002: Can't bind to 'type' since it isn't a known property of 
'lib-ngx-chartist'.
1. If 'lib-ngx-chartist' is an Angular component and it has 'type' input, then verify that it is part of this module.
2. If 'lib-ngx-chartist' is a Web Component then add 'CUSTOM_ELEMENTS_SCHEMA' to the '@NgModule.schemas' of this 
component to suppress this message.
3. To allow any property add 'NO_ERRORS_SCHEMA' to the '@NgModule.schemas' of this component.[0m [1m[35m[plugin 
angular-compiler][0m

    src/app/pages/chart/chartist/chartist.component.html:33:107:
[37m      33 Γöé ...ata" [options]="stackBarChart.options" [32m[type]="stackBarChart.type"[37m
         Γò╡                                           [32m~~~~~~~~~~~~~~~~~~~~~~~~~~~[0m

  Error occurs in the template of component ChartistComponent.

    src/app/pages/chart/chartist/chartist.component.ts:14:15:
[37m      14 Γöé   templateUrl: [32m'./chartist.component.html'[37m,
         Γò╡                [32m~~~~~~~~~~~~~~~~~~~~~~~~~~~[0m


[31mX [41;31m[[41;97mERROR[41;31m][0m [1mNG8002: Can't bind to 'events' since it isn't a known property of 
'lib-ngx-chartist'.
1. If 'lib-ngx-chartist' is an Angular component and it has 'events' input, then verify that it is part of this module.
2. If 'lib-ngx-chartist' is a Web Component then add 'CUSTOM_ELEMENTS_SCHEMA' to the '@NgModule.schemas' of this 
component to suppress this message.
3. To allow any property add 'NO_ERRORS_SCHEMA' to the '@NgModule.schemas' of this component.[0m [1m[35m[plugin 
angular-compiler][0m

    src/app/pages/chart/chartist/chartist.component.html:34:12:
[37m      34 Γöé             [32m[events]="stackBarChart.events"[37m>
         Γò╡             [32m~~~~~~~~~~~~~~~~~~~~~~~~~~~~~~~[0m

  Error occurs in the template of component ChartistComponent.

    src/app/pages/chart/chartist/chartist.component.ts:14:15:
[37m      14 Γöé   templateUrl: [32m'./chartist.component.html'[37m,
         Γò╡                [32m~~~~~~~~~~~~~~~~~~~~~~~~~~~[0m


[31mX [41;31m[[41;97mERROR[41;31m][0m [1mNG8001: 'lib-ngx-chartist' is not a known element:
1. If 'lib-ngx-chartist' is an Angular component, then verify that it is part of this module.
2. If 'lib-ngx-chartist' is a Web Component then add 'CUSTOM_ELEMENTS_SCHEMA' to the '@NgModule.schemas' of this 
component to suppress this message.[0m [1m[35m[plugin angular-compiler][0m

    src/app/pages/chart/chartist/chartist.component.html:45:10:
[37m      45 Γöé           [32m<lib-ngx-chartist class="ct-chart" [data]="horizontalBar[37m...
         Γò╡           [32m~~~~~~~~~~~~~~~~~~~~~~~~~~~~~~~~~~~~~~~~~~~~~~~~~~~~~~~~[0m

  Error occurs in the template of component ChartistComponent.

    src/app/pages/chart/chartist/chartist.component.ts:14:15:
[37m      14 Γöé   templateUrl: [32m'./chartist.component.html'[37m,
         Γò╡                [32m~~~~~~~~~~~~~~~~~~~~~~~~~~~[0m


[31mX [41;31m[[41;97mERROR[41;31m][0m [1mNG8002: Can't bind to 'data' since it isn't a known property of 
'lib-ngx-chartist'.
1. If 'lib-ngx-chartist' is an Angular component and it has 'data' input, then verify that it is part of this module.
2. If 'lib-ngx-chartist' is a Web Component then add 'CUSTOM_ELEMENTS_SCHEMA' to the '@NgModule.schemas' of this 
component to suppress this message.
3. To allow any property add 'NO_ERRORS_SCHEMA' to the '@NgModule.schemas' of this component.[0m [1m[35m[plugin 
angular-compiler][0m

    src/app/pages/chart/chartist/chartist.component.html:45:45:
[37m      45 Γöé ...lass="ct-chart" [32m[data]="horizontalBarChart.data"[37m [options]="hor...
         Γò╡                    [32m~~~~~~~~~~~~~~~~~~~~~~~~~~~~~~~~[0m

  Error occurs in the template of component ChartistComponent.

    src/app/pages/chart/chartist/chartist.component.ts:14:15:
[37m      14 Γöé   templateUrl: [32m'./chartist.component.html'[37m,
         Γò╡                [32m~~~~~~~~~~~~~~~~~~~~~~~~~~~[0m


[31mX [41;31m[[41;97mERROR[41;31m][0m [1mNG8002: Can't bind to 'options' since it isn't a known property of 
'lib-ngx-chartist'.
1. If 'lib-ngx-chartist' is an Angular component and it has 'options' input, then verify that it is part of this 
module.
2. If 'lib-ngx-chartist' is a Web Component then add 'CUSTOM_ELEMENTS_SCHEMA' to the '@NgModule.schemas' of this 
component to suppress this message.
3. To allow any property add 'NO_ERRORS_SCHEMA' to the '@NgModule.schemas' of this component.[0m [1m[35m[plugin 
angular-compiler][0m

    src/app/pages/chart/chartist/chartist.component.html:45:78:
[37m      45 Γöé ...]="horizontalBarChart.data" [32m[options]="horizontalBarChart.options"[37m
         Γò╡                                [32m~~~~~~~~~~~~~~~~~~~~~~~~~~~~~~~~~~~~~~[0m

  Error occurs in the template of component ChartistComponent.

    src/app/pages/chart/chartist/chartist.component.ts:14:15:
[37m      14 Γöé   templateUrl: [32m'./chartist.component.html'[37m,
         Γò╡                [32m~~~~~~~~~~~~~~~~~~~~~~~~~~~[0m


[31mX [41;31m[[41;97mERROR[41;31m][0m [1mNG8002: Can't bind to 'type' since it isn't a known property of 
'lib-ngx-chartist'.
1. If 'lib-ngx-chartist' is an Angular component and it has 'type' input, then verify that it is part of this module.
2. If 'lib-ngx-chartist' is a Web Component then add 'CUSTOM_ELEMENTS_SCHEMA' to the '@NgModule.schemas' of this 
component to suppress this message.
3. To allow any property add 'NO_ERRORS_SCHEMA' to the '@NgModule.schemas' of this component.[0m [1m[35m[plugin 
angular-compiler][0m

    src/app/pages/chart/chartist/chartist.component.html:46:12:
[37m      46 Γöé             [32m[type]="horizontalBarChart.type"[37m [events]="horizontalB...
         Γò╡             [32m~~~~~~~~~~~~~~~~~~~~~~~~~~~~~~~~[0m

  Error occurs in the template of component ChartistComponent.

    src/app/pages/chart/chartist/chartist.component.ts:14:15:
[37m      14 Γöé   templateUrl: [32m'./chartist.component.html'[37m,
         Γò╡                [32m~~~~~~~~~~~~~~~~~~~~~~~~~~~[0m


[31mX [41;31m[[41;97mERROR[41;31m][0m [1mNG8002: Can't bind to 'events' since it isn't a known property of 
'lib-ngx-chartist'.
1. If 'lib-ngx-chartist' is an Angular component and it has 'events' input, then verify that it is part of this module.
2. If 'lib-ngx-chartist' is a Web Component then add 'CUSTOM_ELEMENTS_SCHEMA' to the '@NgModule.schemas' of this 
component to suppress this message.
3. To allow any property add 'NO_ERRORS_SCHEMA' to the '@NgModule.schemas' of this component.[0m [1m[35m[plugin 
angular-compiler][0m

    src/app/pages/chart/chartist/chartist.component.html:46:45:
[37m      46 Γöé ...e]="horizontalBarChart.type" [32m[events]="horizontalBarChart.events"[37m>
         Γò╡                                 [32m~~~~~~~~~~~~~~~~~~~~~~~~~~~~~~~~~~~~[0m

  Error occurs in the template of component ChartistComponent.

    src/app/pages/chart/chartist/chartist.component.ts:14:15:
[37m      14 Γöé   templateUrl: [32m'./chartist.component.html'[37m,
         Γò╡                [32m~~~~~~~~~~~~~~~~~~~~~~~~~~~[0m


[31mX [41;31m[[41;97mERROR[41;31m][0m [1mNG8001: 'lib-ngx-chartist' is not a known element:
1. If 'lib-ngx-chartist' is an Angular component, then verify that it is part of this module.
2. If 'lib-ngx-chartist' is a Web Component then add 'CUSTOM_ELEMENTS_SCHEMA' to the '@NgModule.schemas' of this 
component to suppress this message.[0m [1m[35m[plugin angular-compiler][0m

    src/app/pages/chart/chartist/chartist.component.html:59:10:
[37m      59 Γöé           [32m<lib-ngx-chartist class="ct-chart" [data]="overlappingBa[37m...
         Γò╡           [32m~~~~~~~~~~~~~~~~~~~~~~~~~~~~~~~~~~~~~~~~~~~~~~~~~~~~~~~~[0m

  Error occurs in the template of component ChartistComponent.

    src/app/pages/chart/chartist/chartist.component.ts:14:15:
[37m      14 Γöé   templateUrl: [32m'./chartist.component.html'[37m,
         Γò╡                [32m~~~~~~~~~~~~~~~~~~~~~~~~~~~[0m


[31mX [41;31m[[41;97mERROR[41;31m][0m [1mNG8002: Can't bind to 'data' since it isn't a known property of 
'lib-ngx-chartist'.
1. If 'lib-ngx-chartist' is an Angular component and it has 'data' input, then verify that it is part of this module.
2. If 'lib-ngx-chartist' is a Web Component then add 'CUSTOM_ELEMENTS_SCHEMA' to the '@NgModule.schemas' of this 
component to suppress this message.
3. To allow any property add 'NO_ERRORS_SCHEMA' to the '@NgModule.schemas' of this component.[0m [1m[35m[plugin 
angular-compiler][0m

    src/app/pages/chart/chartist/chartist.component.html:59:45:
[37m      59 Γöé ...ass="ct-chart" [32m[data]="overlappingBarChart.data"[37m [options]="ove...
         Γò╡                   [32m~~~~~~~~~~~~~~~~~~~~~~~~~~~~~~~~~[0m

  Error occurs in the template of component ChartistComponent.

    src/app/pages/chart/chartist/chartist.component.ts:14:15:
[37m      14 Γöé   templateUrl: [32m'./chartist.component.html'[37m,
         Γò╡                [32m~~~~~~~~~~~~~~~~~~~~~~~~~~~[0m


[31mX [41;31m[[41;97mERROR[41;31m][0m [1mNG8002: Can't bind to 'options' since it isn't a known property of 
'lib-ngx-chartist'.
1. If 'lib-ngx-chartist' is an Angular component and it has 'options' input, then verify that it is part of this 
module.
2. If 'lib-ngx-chartist' is a Web Component then add 'CUSTOM_ELEMENTS_SCHEMA' to the '@NgModule.schemas' of this 
component to suppress this message.
3. To allow any property add 'NO_ERRORS_SCHEMA' to the '@NgModule.schemas' of this component.[0m [1m[35m[plugin 
angular-compiler][0m

    src/app/pages/chart/chartist/chartist.component.html:59:79:
[37m      59 Γöé ..."overlappingBarChart.data" [32m[options]="overlappingBarChart.options"[37m
         Γò╡                               [32m~~~~~~~~~~~~~~~~~~~~~~~~~~~~~~~~~~~~~~~[0m

  Error occurs in the template of component ChartistComponent.

    src/app/pages/chart/chartist/chartist.component.ts:14:15:
[37m      14 Γöé   templateUrl: [32m'./chartist.component.html'[37m,
         Γò╡                [32m~~~~~~~~~~~~~~~~~~~~~~~~~~~[0m


[31mX [41;31m[[41;97mERROR[41;31m][0m [1mNG8002: Can't bind to 'type' since it isn't a known property of 
'lib-ngx-chartist'.
1. If 'lib-ngx-chartist' is an Angular component and it has 'type' input, then verify that it is part of this module.
2. If 'lib-ngx-chartist' is a Web Component then add 'CUSTOM_ELEMENTS_SCHEMA' to the '@NgModule.schemas' of this 
component to suppress this message.
3. To allow any property add 'NO_ERRORS_SCHEMA' to the '@NgModule.schemas' of this component.[0m [1m[35m[plugin 
angular-compiler][0m

    src/app/pages/chart/chartist/chartist.component.html:60:12:
[37m      60 Γöé             [32m[type]="overlappingBarChart.type"[37m [responsiveOptions]=...
         Γò╡             [32m~~~~~~~~~~~~~~~~~~~~~~~~~~~~~~~~~[0m

  Error occurs in the template of component ChartistComponent.

    src/app/pages/chart/chartist/chartist.component.ts:14:15:
[37m      14 Γöé   templateUrl: [32m'./chartist.component.html'[37m,
         Γò╡                [32m~~~~~~~~~~~~~~~~~~~~~~~~~~~[0m


[31mX [41;31m[[41;97mERROR[41;31m][0m [1mNG8002: Can't bind to 'responsiveOptions' since it isn't a known 
property of 'lib-ngx-chartist'.
1. If 'lib-ngx-chartist' is an Angular component and it has 'responsiveOptions' input, then verify that it is part of 
this module.
2. If 'lib-ngx-chartist' is a Web Component then add 'CUSTOM_ELEMENTS_SCHEMA' to the '@NgModule.schemas' of this 
component to suppress this message.
3. To allow any property add 'NO_ERRORS_SCHEMA' to the '@NgModule.schemas' of this component.[0m [1m[35m[plugin 
angular-compiler][0m

    src/app/pages/chart/chartist/chartist.component.html:60:46:
[37m      60 Γöé ...art.type" [32m[responsiveOptions]="overlappingBarChart.responsiveOp[37m...
         Γò╡              [32m~~~~~~~~~~~~~~~~~~~~~~~~~~~~~~~~~~~~~~~~~~~~~~~~~~~~~[0m

  Error occurs in the template of component ChartistComponent.

    src/app/pages/chart/chartist/chartist.component.ts:14:15:
[37m      14 Γöé   templateUrl: [32m'./chartist.component.html'[37m,
         Γò╡                [32m~~~~~~~~~~~~~~~~~~~~~~~~~~~[0m


[31mX [41;31m[[41;97mERROR[41;31m][0m [1mNG8001: 'lib-ngx-chartist' is not a known element:
1. If 'lib-ngx-chartist' is an Angular component, then verify that it is part of this module.
2. If 'lib-ngx-chartist' is a Web Component then add 'CUSTOM_ELEMENTS_SCHEMA' to the '@NgModule.schemas' of this 
component to suppress this message.[0m [1m[35m[plugin angular-compiler][0m

    src/app/pages/chart/chartist/chartist.component.html:70:10:
[37m      70 Γöé           [32m<lib-ngx-chartist class="ct-chart" [data]="lineScatter.d[37m...
         Γò╡           [32m~~~~~~~~~~~~~~~~~~~~~~~~~~~~~~~~~~~~~~~~~~~~~~~~~~~~~~~~[0m

  Error occurs in the template of component ChartistComponent.

    src/app/pages/chart/chartist/chartist.component.ts:14:15:
[37m      14 Γöé   templateUrl: [32m'./chartist.component.html'[37m,
         Γò╡                [32m~~~~~~~~~~~~~~~~~~~~~~~~~~~[0m


[31mX [41;31m[[41;97mERROR[41;31m][0m [1mNG8002: Can't bind to 'data' since it isn't a known property of 
'lib-ngx-chartist'.
1. If 'lib-ngx-chartist' is an Angular component and it has 'data' input, then verify that it is part of this module.
2. If 'lib-ngx-chartist' is a Web Component then add 'CUSTOM_ELEMENTS_SCHEMA' to the '@NgModule.schemas' of this 
component to suppress this message.
3. To allow any property add 'NO_ERRORS_SCHEMA' to the '@NgModule.schemas' of this component.[0m [1m[35m[plugin 
angular-compiler][0m

    src/app/pages/chart/chartist/chartist.component.html:70:45:
[37m      70 Γöé ...t class="ct-chart" [32m[data]="lineScatter.data"[37m [options]="lineSca...
         Γò╡                       [32m~~~~~~~~~~~~~~~~~~~~~~~~~[0m

  Error occurs in the template of component ChartistComponent.

    src/app/pages/chart/chartist/chartist.component.ts:14:15:
[37m      14 Γöé   templateUrl: [32m'./chartist.component.html'[37m,
         Γò╡                [32m~~~~~~~~~~~~~~~~~~~~~~~~~~~[0m


[31mX [41;31m[[41;97mERROR[41;31m][0m [1mNG8002: Can't bind to 'options' since it isn't a known property of 
'lib-ngx-chartist'.
1. If 'lib-ngx-chartist' is an Angular component and it has 'options' input, then verify that it is part of this 
module.
2. If 'lib-ngx-chartist' is a Web Component then add 'CUSTOM_ELEMENTS_SCHEMA' to the '@NgModule.schemas' of this 
component to suppress this message.
3. To allow any property add 'NO_ERRORS_SCHEMA' to the '@NgModule.schemas' of this component.[0m [1m[35m[plugin 
angular-compiler][0m

    src/app/pages/chart/chartist/chartist.component.html:70:71:
[37m      70 Γöé ...t-chart" [data]="lineScatter.data" [32m[options]="lineScatter.options"[37m
         Γò╡                                       [32m~~~~~~~~~~~~~~~~~~~~~~~~~~~~~~~[0m

  Error occurs in the template of component ChartistComponent.

    src/app/pages/chart/chartist/chartist.component.ts:14:15:
[37m      14 Γöé   templateUrl: [32m'./chartist.component.html'[37m,
         Γò╡                [32m~~~~~~~~~~~~~~~~~~~~~~~~~~~[0m


[31mX [41;31m[[41;97mERROR[41;31m][0m [1mNG8002: Can't bind to 'type' since it isn't a known property of 
'lib-ngx-chartist'.
1. If 'lib-ngx-chartist' is an Angular component and it has 'type' input, then verify that it is part of this module.
2. If 'lib-ngx-chartist' is a Web Component then add 'CUSTOM_ELEMENTS_SCHEMA' to the '@NgModule.schemas' of this 
component to suppress this message.
3. To allow any property add 'NO_ERRORS_SCHEMA' to the '@NgModule.schemas' of this component.[0m [1m[35m[plugin 
angular-compiler][0m

    src/app/pages/chart/chartist/chartist.component.html:71:12:
[37m      71 Γöé             [32m[type]="lineScatter.type ? lineScatter.type: 'Line'"[37m [...
         Γò╡             [32m~~~~~~~~~~~~~~~~~~~~~~~~~~~~~~~~~~~~~~~~~~~~~~~~~~~~[0m

  Error occurs in the template of component ChartistComponent.

    src/app/pages/chart/chartist/chartist.component.ts:14:15:
[37m      14 Γöé   templateUrl: [32m'./chartist.component.html'[37m,
         Γò╡                [32m~~~~~~~~~~~~~~~~~~~~~~~~~~~[0m


[31mX [41;31m[[41;97mERROR[41;31m][0m [1mNG8002: Can't bind to 'responsiveOptions' since it isn't a known 
property of 'lib-ngx-chartist'.
1. If 'lib-ngx-chartist' is an Angular component and it has 'responsiveOptions' input, then verify that it is part of 
this module.
2. If 'lib-ngx-chartist' is a Web Component then add 'CUSTOM_ELEMENTS_SCHEMA' to the '@NgModule.schemas' of this 
component to suppress this message.
3. To allow any property add 'NO_ERRORS_SCHEMA' to the '@NgModule.schemas' of this component.[0m [1m[35m[plugin 
angular-compiler][0m

    src/app/pages/chart/chartist/chartist.component.html:71:65:
[37m      71 Γöé ....type: 'Line'" [32m[responsiveOptions]="lineScatter.responsiveOptions"[37m
         Γò╡                   [32m~~~~~~~~~~~~~~~~~~~~~~~~~~~~~~~~~~~~~~~~~~~~~~~~~~~[0m

  Error occurs in the template of component ChartistComponent.

    src/app/pages/chart/chartist/chartist.component.ts:14:15:
[37m      14 Γöé   templateUrl: [32m'./chartist.component.html'[37m,
         Γò╡                [32m~~~~~~~~~~~~~~~~~~~~~~~~~~~[0m


[31mX [41;31m[[41;97mERROR[41;31m][0m [1mNG8002: Can't bind to 'events' since it isn't a known property of 
'lib-ngx-chartist'.
1. If 'lib-ngx-chartist' is an Angular component and it has 'events' input, then verify that it is part of this module.
2. If 'lib-ngx-chartist' is a Web Component then add 'CUSTOM_ELEMENTS_SCHEMA' to the '@NgModule.schemas' of this 
component to suppress this message.
3. To allow any property add 'NO_ERRORS_SCHEMA' to the '@NgModule.schemas' of this component.[0m [1m[35m[plugin 
angular-compiler][0m

    src/app/pages/chart/chartist/chartist.component.html:72:12:
[37m      72 Γöé             [32m[events]="lineScatter.events"[37m [lineSmooth]="lineScatte...
         Γò╡             [32m~~~~~~~~~~~~~~~~~~~~~~~~~~~~~[0m

  Error occurs in the template of component ChartistComponent.

    src/app/pages/chart/chartist/chartist.component.ts:14:15:
[37m      14 Γöé   templateUrl: [32m'./chartist.component.html'[37m,
         Γò╡                [32m~~~~~~~~~~~~~~~~~~~~~~~~~~~[0m


[31mX [41;31m[[41;97mERROR[41;31m][0m [1mNG8002: Can't bind to 'lineSmooth' since it isn't a known property of 
'lib-ngx-chartist'.
1. If 'lib-ngx-chartist' is an Angular component and it has 'lineSmooth' input, then verify that it is part of this 
module.
2. If 'lib-ngx-chartist' is a Web Component then add 'CUSTOM_ELEMENTS_SCHEMA' to the '@NgModule.schemas' of this 
component to suppress this message.
3. To allow any property add 'NO_ERRORS_SCHEMA' to the '@NgModule.schemas' of this component.[0m [1m[35m[plugin 
angular-compiler][0m

    src/app/pages/chart/chartist/chartist.component.html:72:42:
[37m      72 Γöé ...vents]="lineScatter.events" [32m[lineSmooth]="lineScatter.lineSmooth"[37m>
         Γò╡                                [32m~~~~~~~~~~~~~~~~~~~~~~~~~~~~~~~~~~~~~[0m

  Error occurs in the template of component ChartistComponent.

    src/app/pages/chart/chartist/chartist.component.ts:14:15:
[37m      14 Γöé   templateUrl: [32m'./chartist.component.html'[37m,
         Γò╡                [32m~~~~~~~~~~~~~~~~~~~~~~~~~~~[0m


[31mX [41;31m[[41;97mERROR[41;31m][0m [1mNG8001: 'lib-ngx-chartist' is not a known element:
1. If 'lib-ngx-chartist' is an Angular component, then verify that it is part of this module.
2. If 'lib-ngx-chartist' is a Web Component then add 'CUSTOM_ELEMENTS_SCHEMA' to the '@NgModule.schemas' of this 
component to suppress this message.[0m [1m[35m[plugin angular-compiler][0m

    src/app/pages/chart/chartist/chartist.component.html:85:10:
[37m      85 Γöé           [32m<lib-ngx-chartist [data]="donutAnimateChart.data" [optio[37m...
         Γò╡           [32m~~~~~~~~~~~~~~~~~~~~~~~~~~~~~~~~~~~~~~~~~~~~~~~~~~~~~~~~[0m

  Error occurs in the template of component ChartistComponent.

    src/app/pages/chart/chartist/chartist.component.ts:14:15:
[37m      14 Γöé   templateUrl: [32m'./chartist.component.html'[37m,
         Γò╡                [32m~~~~~~~~~~~~~~~~~~~~~~~~~~~[0m


[31mX [41;31m[[41;97mERROR[41;31m][0m [1mNG8002: Can't bind to 'data' since it isn't a known property of 
'lib-ngx-chartist'.
1. If 'lib-ngx-chartist' is an Angular component and it has 'data' input, then verify that it is part of this module.
2. If 'lib-ngx-chartist' is a Web Component then add 'CUSTOM_ELEMENTS_SCHEMA' to the '@NgModule.schemas' of this 
component to suppress this message.
3. To allow any property add 'NO_ERRORS_SCHEMA' to the '@NgModule.schemas' of this component.[0m [1m[35m[plugin 
angular-compiler][0m

    src/app/pages/chart/chartist/chartist.component.html:85:28:
[37m      85 Γöé ...ib-ngx-chartist [32m[data]="donutAnimateChart.data"[37m [options]="donu...
         Γò╡                    [32m~~~~~~~~~~~~~~~~~~~~~~~~~~~~~~~[0m

  Error occurs in the template of component ChartistComponent.

    src/app/pages/chart/chartist/chartist.component.ts:14:15:
[37m      14 Γöé   templateUrl: [32m'./chartist.component.html'[37m,
         Γò╡                [32m~~~~~~~~~~~~~~~~~~~~~~~~~~~[0m


[31mX [41;31m[[41;97mERROR[41;31m][0m [1mNG8002: Can't bind to 'options' since it isn't a known property of 
'lib-ngx-chartist'.
1. If 'lib-ngx-chartist' is an Angular component and it has 'options' input, then verify that it is part of this 
module.
2. If 'lib-ngx-chartist' is a Web Component then add 'CUSTOM_ELEMENTS_SCHEMA' to the '@NgModule.schemas' of this 
component to suppress this message.
3. To allow any property add 'NO_ERRORS_SCHEMA' to the '@NgModule.schemas' of this component.[0m [1m[35m[plugin 
angular-compiler][0m

    src/app/pages/chart/chartist/chartist.component.html:85:60:
[37m      85 Γöé ...ta]="donutAnimateChart.data" [32m[options]="donutAnimateChart.options"[37m
         Γò╡                                 [32m~~~~~~~~~~~~~~~~~~~~~~~~~~~~~~~~~~~~~[0m

  Error occurs in the template of component ChartistComponent.

    src/app/pages/chart/chartist/chartist.component.ts:14:15:
[37m      14 Γöé   templateUrl: [32m'./chartist.component.html'[37m,
         Γò╡                [32m~~~~~~~~~~~~~~~~~~~~~~~~~~~[0m


[31mX [41;31m[[41;97mERROR[41;31m][0m [1mNG8002: Can't bind to 'type' since it isn't a known property of 
'lib-ngx-chartist'.
1. If 'lib-ngx-chartist' is an Angular component and it has 'type' input, then verify that it is part of this module.
2. If 'lib-ngx-chartist' is a Web Component then add 'CUSTOM_ELEMENTS_SCHEMA' to the '@NgModule.schemas' of this 
component to suppress this message.
3. To allow any property add 'NO_ERRORS_SCHEMA' to the '@NgModule.schemas' of this component.[0m [1m[35m[plugin 
angular-compiler][0m

    src/app/pages/chart/chartist/chartist.component.html:86:12:
[37m      86 Γöé             [32m[type]="donutAnimateChart.type"[37m [events]="donutAnimate...
         Γò╡             [32m~~~~~~~~~~~~~~~~~~~~~~~~~~~~~~~[0m

  Error occurs in the template of component ChartistComponent.

    src/app/pages/chart/chartist/chartist.component.ts:14:15:
[37m      14 Γöé   templateUrl: [32m'./chartist.component.html'[37m,
         Γò╡                [32m~~~~~~~~~~~~~~~~~~~~~~~~~~~[0m


[31mX [41;31m[[41;97mERROR[41;31m][0m [1mNG8002: Can't bind to 'events' since it isn't a known property of 
'lib-ngx-chartist'.
1. If 'lib-ngx-chartist' is an Angular component and it has 'events' input, then verify that it is part of this module.
2. If 'lib-ngx-chartist' is a Web Component then add 'CUSTOM_ELEMENTS_SCHEMA' to the '@NgModule.schemas' of this 
component to suppress this message.
3. To allow any property add 'NO_ERRORS_SCHEMA' to the '@NgModule.schemas' of this component.[0m [1m[35m[plugin 
angular-compiler][0m

    src/app/pages/chart/chartist/chartist.component.html:86:44:
[37m      86 Γöé ...ype]="donutAnimateChart.type" [32m[events]="donutAnimateChart.events"[37m>
         Γò╡                                  [32m~~~~~~~~~~~~~~~~~~~~~~~~~~~~~~~~~~~[0m

  Error occurs in the template of component ChartistComponent.

    src/app/pages/chart/chartist/chartist.component.ts:14:15:
[37m      14 Γöé   templateUrl: [32m'./chartist.component.html'[37m,
         Γò╡                [32m~~~~~~~~~~~~~~~~~~~~~~~~~~~[0m


[31mX [41;31m[[41;97mERROR[41;31m][0m [1mNG8001: 'lib-ngx-chartist' is not a known element:
1. If 'lib-ngx-chartist' is an Angular component, then verify that it is part of this module.
2. If 'lib-ngx-chartist' is a Web Component then add 'CUSTOM_ELEMENTS_SCHEMA' to the '@NgModule.schemas' of this 
component to suppress this message.[0m [1m[35m[plugin angular-compiler][0m

    src/app/pages/chart/chartist/chartist.component.html:97:10:
[37m      97 Γöé           [32m<lib-ngx-chartist [data]="simplePieChart.data" [options][37m...
         Γò╡           [32m~~~~~~~~~~~~~~~~~~~~~~~~~~~~~~~~~~~~~~~~~~~~~~~~~~~~~~~~[0m

  Error occurs in the template of component ChartistComponent.

    src/app/pages/chart/chartist/chartist.component.ts:14:15:
[37m      14 Γöé   templateUrl: [32m'./chartist.component.html'[37m,
         Γò╡                [32m~~~~~~~~~~~~~~~~~~~~~~~~~~~[0m


[31mX [41;31m[[41;97mERROR[41;31m][0m [1mNG8002: Can't bind to 'data' since it isn't a known property of 
'lib-ngx-chartist'.
1. If 'lib-ngx-chartist' is an Angular component and it has 'data' input, then verify that it is part of this module.
2. If 'lib-ngx-chartist' is a Web Component then add 'CUSTOM_ELEMENTS_SCHEMA' to the '@NgModule.schemas' of this 
component to suppress this message.
3. To allow any property add 'NO_ERRORS_SCHEMA' to the '@NgModule.schemas' of this component.[0m [1m[35m[plugin 
angular-compiler][0m

    src/app/pages/chart/chartist/chartist.component.html:97:28:
[37m      97 Γöé ...<lib-ngx-chartist [32m[data]="simplePieChart.data"[37m [options]="simpl...
         Γò╡                      [32m~~~~~~~~~~~~~~~~~~~~~~~~~~~~[0m

  Error occurs in the template of component ChartistComponent.

    src/app/pages/chart/chartist/chartist.component.ts:14:15:
[37m      14 Γöé   templateUrl: [32m'./chartist.component.html'[37m,
         Γò╡                [32m~~~~~~~~~~~~~~~~~~~~~~~~~~~[0m


[31mX [41;31m[[41;97mERROR[41;31m][0m [1mNG8002: Can't bind to 'options' since it isn't a known property of 
'lib-ngx-chartist'.
1. If 'lib-ngx-chartist' is an Angular component and it has 'options' input, then verify that it is part of this 
module.
2. If 'lib-ngx-chartist' is a Web Component then add 'CUSTOM_ELEMENTS_SCHEMA' to the '@NgModule.schemas' of this 
component to suppress this message.
3. To allow any property add 'NO_ERRORS_SCHEMA' to the '@NgModule.schemas' of this component.[0m [1m[35m[plugin 
angular-compiler][0m

    src/app/pages/chart/chartist/chartist.component.html:97:57:
[37m      97 Γöé ...PieChart.data" [32m[options]="simplePieChart.options"[37m [type]="simpl...
         Γò╡                   [32m~~~~~~~~~~~~~~~~~~~~~~~~~~~~~~~~~~[0m

  Error occurs in the template of component ChartistComponent.

    src/app/pages/chart/chartist/chartist.component.ts:14:15:
[37m      14 Γöé   templateUrl: [32m'./chartist.component.html'[37m,
         Γò╡                [32m~~~~~~~~~~~~~~~~~~~~~~~~~~~[0m


[31mX [41;31m[[41;97mERROR[41;31m][0m [1mNG8002: Can't bind to 'type' since it isn't a known property of 
'lib-ngx-chartist'.
1. If 'lib-ngx-chartist' is an Angular component and it has 'type' input, then verify that it is part of this module.
2. If 'lib-ngx-chartist' is a Web Component then add 'CUSTOM_ELEMENTS_SCHEMA' to the '@NgModule.schemas' of this 
component to suppress this message.
3. To allow any property add 'NO_ERRORS_SCHEMA' to the '@NgModule.schemas' of this component.[0m [1m[35m[plugin 
angular-compiler][0m

    src/app/pages/chart/chartist/chartist.component.html:97:92:
[37m      97 Γöé ...a" [options]="simplePieChart.options" [32m[type]="simplePieChart.type"[37m
         Γò╡                                          [32m~~~~~~~~~~~~~~~~~~~~~~~~~~~~[0m

  Error occurs in the template of component ChartistComponent.

    src/app/pages/chart/chartist/chartist.component.ts:14:15:
[37m      14 Γöé   templateUrl: [32m'./chartist.component.html'[37m,
         Γò╡                [32m~~~~~~~~~~~~~~~~~~~~~~~~~~~[0m


[31mX [41;31m[[41;97mERROR[41;31m][0m [1mNG8002: Can't bind to 'events' since it isn't a known property of 
'lib-ngx-chartist'.
1. If 'lib-ngx-chartist' is an Angular component and it has 'events' input, then verify that it is part of this module.
2. If 'lib-ngx-chartist' is a Web Component then add 'CUSTOM_ELEMENTS_SCHEMA' to the '@NgModule.schemas' of this 
component to suppress this message.
3. To allow any property add 'NO_ERRORS_SCHEMA' to the '@NgModule.schemas' of this component.[0m [1m[35m[plugin 
angular-compiler][0m

    src/app/pages/chart/chartist/chartist.component.html:98:12:
[37m      98 Γöé             [32m[events]="simplePieChart.events"[37m>
         Γò╡             [32m~~~~~~~~~~~~~~~~~~~~~~~~~~~~~~~~[0m

  Error occurs in the template of component ChartistComponent.

    src/app/pages/chart/chartist/chartist.component.ts:14:15:
[37m      14 Γöé   templateUrl: [32m'./chartist.component.html'[37m,
         Γò╡                [32m~~~~~~~~~~~~~~~~~~~~~~~~~~~[0m


[31mX [41;31m[[41;97mERROR[41;31m][0m [1mNG8002: Can't bind to 'datasets' since it isn't a known property of 
'canvas'.[0m [1m[35m[plugin angular-compiler][0m

    src/app/pages/chart/chartjs/chartjs.component.html:14:43:
[37m      14 Γöé ... height="300" [32m[datasets]="lineAreaChart.datasets"[37m [labels]="lin...
         Γò╡                  [32m~~~~~~~~~~~~~~~~~~~~~~~~~~~~~~~~~~~[0m

  Error occurs in the template of component ChartjsComponent.

    src/app/pages/chart/chartjs/chartjs.component.ts:10:15:
[37m      10 Γöé   templateUrl: [32m'./chartjs.component.html'[37m,
         Γò╡                [32m~~~~~~~~~~~~~~~~~~~~~~~~~~[0m


[31mX [41;31m[[41;97mERROR[41;31m][0m [1mNG8002: Can't bind to 'labels' since it isn't a known property of 
'canvas'.[0m [1m[35m[plugin angular-compiler][0m

    src/app/pages/chart/chartjs/chartjs.component.html:14:79:
[37m      14 Γöé ...datasets]="lineAreaChart.datasets" [32m[labels]="lineAreaChart.labels"[37m
         Γò╡                                       [32m~~~~~~~~~~~~~~~~~~~~~~~~~~~~~~~[0m

  Error occurs in the template of component ChartjsComponent.

    src/app/pages/chart/chartjs/chartjs.component.ts:10:15:
[37m      10 Γöé   templateUrl: [32m'./chartjs.component.html'[37m,
         Γò╡                [32m~~~~~~~~~~~~~~~~~~~~~~~~~~[0m


[31mX [41;31m[[41;97mERROR[41;31m][0m [1mNG8002: Can't bind to 'options' since it isn't a known property of 
'canvas'.[0m [1m[35m[plugin angular-compiler][0m

    src/app/pages/chart/chartjs/chartjs.component.html:15:14:
[37m      15 Γöé               [32m[options]="lineAreaChart.options"[37m chartType="line">
         Γò╡               [32m~~~~~~~~~~~~~~~~~~~~~~~~~~~~~~~~~[0m

  Error occurs in the template of component ChartjsComponent.

    src/app/pages/chart/chartjs/chartjs.component.ts:10:15:
[37m      10 Γöé   templateUrl: [32m'./chartjs.component.html'[37m,
         Γò╡                [32m~~~~~~~~~~~~~~~~~~~~~~~~~~[0m


[31mX [41;31m[[41;97mERROR[41;31m][0m [1mNG8002: Can't bind to 'datasets' since it isn't a known property of 
'canvas'.[0m [1m[35m[plugin angular-compiler][0m

    src/app/pages/chart/chartjs/chartjs.component.html:27:30:
[37m      27 Γöé ...nvas baseChart [32m[datasets]="lineBarChart.datasets"[37m chartType="ba...
         Γò╡                   [32m~~~~~~~~~~~~~~~~~~~~~~~~~~~~~~~~~~[0m

  Error occurs in the template of component ChartjsComponent.

    src/app/pages/chart/chartjs/chartjs.component.ts:10:15:
[37m      10 Γöé   templateUrl: [32m'./chartjs.component.html'[37m,
         Γò╡                [32m~~~~~~~~~~~~~~~~~~~~~~~~~~[0m


[31mX [41;31m[[41;97mERROR[41;31m][0m [1mNG8002: Can't bind to 'options' since it isn't a known property of 
'canvas'.[0m [1m[35m[plugin angular-compiler][0m

    src/app/pages/chart/chartjs/chartjs.component.html:27:81:
[37m      27 Γöé ...arChart.datasets" chartType="bar" [32m[options]="lineBarChart.options"[37m
         Γò╡                                      [32m~~~~~~~~~~~~~~~~~~~~~~~~~~~~~~~~[0m

  Error occurs in the template of component ChartjsComponent.

    src/app/pages/chart/chartjs/chartjs.component.ts:10:15:
[37m      10 Γöé   templateUrl: [32m'./chartjs.component.html'[37m,
         Γò╡                [32m~~~~~~~~~~~~~~~~~~~~~~~~~~[0m


[31mX [41;31m[[41;97mERROR[41;31m][0m [1mNG8002: Can't bind to 'labels' since it isn't a known property of 
'canvas'.[0m [1m[35m[plugin angular-compiler][0m

    src/app/pages/chart/chartjs/chartjs.component.html:28:27:
[37m      28 Γöé               height="300" [32m[labels]="lineBarChart.labels"[37m>
         Γò╡                            [32m~~~~~~~~~~~~~~~~~~~~~~~~~~~~~~[0m

  Error occurs in the template of component ChartjsComponent.

    src/app/pages/chart/chartjs/chartjs.component.ts:10:15:
[37m      10 Γöé   templateUrl: [32m'./chartjs.component.html'[37m,
         Γò╡                [32m~~~~~~~~~~~~~~~~~~~~~~~~~~[0m


[31mX [41;31m[[41;97mERROR[41;31m][0m [1mNG8002: Can't bind to 'datasets' since it isn't a known property of 
'canvas'.[0m [1m[35m[plugin angular-compiler][0m

    src/app/pages/chart/chartjs/chartjs.component.html:43:30:
[37m      43 Γöé ...canvas baseChart [32m[datasets]="pieChart.datasets"[37m chartType="pie"...
         Γò╡                     [32m~~~~~~~~~~~~~~~~~~~~~~~~~~~~~~[0m

  Error occurs in the template of component ChartjsComponent.

    src/app/pages/chart/chartjs/chartjs.component.ts:10:15:
[37m      10 Γöé   templateUrl: [32m'./chartjs.component.html'[37m,
         Γò╡                [32m~~~~~~~~~~~~~~~~~~~~~~~~~~[0m


[31mX [41;31m[[41;97mERROR[41;31m][0m [1mNG8002: Can't bind to 'options' since it isn't a known property of 
'canvas'.[0m [1m[35m[plugin angular-compiler][0m

    src/app/pages/chart/chartjs/chartjs.component.html:43:77:
[37m      43 Γöé ..." chartType="pie" [32m[options]="pieChart.options"[37m [labels]="pieCha...
         Γò╡                      [32m~~~~~~~~~~~~~~~~~~~~~~~~~~~~[0m

  Error occurs in the template of component ChartjsComponent.

    src/app/pages/chart/chartjs/chartjs.component.ts:10:15:
[37m      10 Γöé   templateUrl: [32m'./chartjs.component.html'[37m,
         Γò╡                [32m~~~~~~~~~~~~~~~~~~~~~~~~~~[0m


[31mX [41;31m[[41;97mERROR[41;31m][0m [1mNG8002: Can't bind to 'labels' since it isn't a known property of 
'canvas'.[0m [1m[35m[plugin angular-compiler][0m

    src/app/pages/chart/chartjs/chartjs.component.html:43:106:
[37m      43 Γöé ...tions]="pieChart.options" [32m[labels]="pieChart.labels"[37m height="260">
         Γò╡                              [32m~~~~~~~~~~~~~~~~~~~~~~~~~~[0m

  Error occurs in the template of component ChartjsComponent.

    src/app/pages/chart/chartjs/chartjs.component.ts:10:15:
[37m      10 Γöé   templateUrl: [32m'./chartjs.component.html'[37m,
         Γò╡                [32m~~~~~~~~~~~~~~~~~~~~~~~~~~[0m


[31mX [41;31m[[41;97mERROR[41;31m][0m [1mNG8002: Can't bind to 'datasets' since it isn't a known property of 
'canvas'.[0m [1m[35m[plugin angular-compiler][0m

    src/app/pages/chart/chartjs/chartjs.component.html:55:30:
[37m      55 Γöé ...anvas baseChart [32m[datasets]="donutChart.datasets"[37m chartType="dou...
         Γò╡                    [32m~~~~~~~~~~~~~~~~~~~~~~~~~~~~~~~~[0m

  Error occurs in the template of component ChartjsComponent.

    src/app/pages/chart/chartjs/chartjs.component.ts:10:15:
[37m      10 Γöé   templateUrl: [32m'./chartjs.component.html'[37m,
         Γò╡                [32m~~~~~~~~~~~~~~~~~~~~~~~~~~[0m


[31mX [41;31m[[41;97mERROR[41;31m][0m [1mNG8002: Can't bind to 'options' since it isn't a known property of 
'canvas'.[0m [1m[35m[plugin angular-compiler][0m

    src/app/pages/chart/chartjs/chartjs.component.html:55:84:
[37m      55 Γöé ...tType="doughnut" [32m[options]="donutChart.options"[37m [labels]="donut...
         Γò╡                     [32m~~~~~~~~~~~~~~~~~~~~~~~~~~~~~~[0m

  Error occurs in the template of component ChartjsComponent.

    src/app/pages/chart/chartjs/chartjs.component.ts:10:15:
[37m      10 Γöé   templateUrl: [32m'./chartjs.component.html'[37m,
         Γò╡                [32m~~~~~~~~~~~~~~~~~~~~~~~~~~[0m


[31mX [41;31m[[41;97mERROR[41;31m][0m [1mNG8002: Can't bind to 'labels' since it isn't a known property of 
'canvas'.[0m [1m[35m[plugin angular-compiler][0m

    src/app/pages/chart/chartjs/chartjs.component.html:55:115:
[37m      55 Γöé ...ghnut" [options]="donutChart.options" [32m[labels]="donutChart.labels"[37m
         Γò╡                                          [32m~~~~~~~~~~~~~~~~~~~~~~~~~~~~[0m

  Error occurs in the template of component ChartjsComponent.

    src/app/pages/chart/chartjs/chartjs.component.ts:10:15:
[37m      10 Γöé   templateUrl: [32m'./chartjs.component.html'[37m,
         Γò╡                [32m~~~~~~~~~~~~~~~~~~~~~~~~~~[0m


[31mX [41;31m[[41;97mERROR[41;31m][0m [1mNG8002: Can't bind to 'datasets' since it isn't a known property of 
'canvas'.[0m [1m[35m[plugin angular-compiler][0m

    src/app/pages/chart/chartjs/chartjs.component.html:71:30:
[37m      71 Γöé ...anvas baseChart [32m[datasets]="polarChart.datasets"[37m [labels]="pola...
         Γò╡                    [32m~~~~~~~~~~~~~~~~~~~~~~~~~~~~~~~~[0m

  Error occurs in the template of component ChartjsComponent.

    src/app/pages/chart/chartjs/chartjs.component.ts:10:15:
[37m      10 Γöé   templateUrl: [32m'./chartjs.component.html'[37m,
         Γò╡                [32m~~~~~~~~~~~~~~~~~~~~~~~~~~[0m


[31mX [41;31m[[41;97mERROR[41;31m][0m [1mNG8002: Can't bind to 'labels' since it isn't a known property of 
'canvas'.[0m [1m[35m[plugin angular-compiler][0m

    src/app/pages/chart/chartjs/chartjs.component.html:71:63:
[37m      71 Γöé ...hart [datasets]="polarChart.datasets" [32m[labels]="polarChart.labels"[37m
         Γò╡                                          [32m~~~~~~~~~~~~~~~~~~~~~~~~~~~~[0m

  Error occurs in the template of component ChartjsComponent.

    src/app/pages/chart/chartjs/chartjs.component.ts:10:15:
[37m      10 Γöé   templateUrl: [32m'./chartjs.component.html'[37m,
         Γò╡                [32m~~~~~~~~~~~~~~~~~~~~~~~~~~[0m


[31mX [41;31m[[41;97mERROR[41;31m][0m [1mNG8002: Can't bind to 'options' since it isn't a known property of 
'canvas'.[0m [1m[35m[plugin angular-compiler][0m

    src/app/pages/chart/chartjs/chartjs.component.html:72:14:
[37m      72 Γöé               [32m[options]="polarChart.options"[37m chartType="polarArea"...
         Γò╡               [32m~~~~~~~~~~~~~~~~~~~~~~~~~~~~~~[0m

  Error occurs in the template of component ChartjsComponent.

    src/app/pages/chart/chartjs/chartjs.component.ts:10:15:
[37m      10 Γöé   templateUrl: [32m'./chartjs.component.html'[37m,
         Γò╡                [32m~~~~~~~~~~~~~~~~~~~~~~~~~~[0m


[31mX [41;31m[[41;97mERROR[41;31m][0m [1mNG8002: Can't bind to 'datasets' since it isn't a known property of 
'canvas'.[0m [1m[35m[plugin angular-compiler][0m

    src/app/pages/chart/chartjs/chartjs.component.html:83:30:
[37m      83 Γöé ...anvas baseChart [32m[datasets]="radarChart.datasets"[37m chartType="rad...
         Γò╡                    [32m~~~~~~~~~~~~~~~~~~~~~~~~~~~~~~~~[0m

  Error occurs in the template of component ChartjsComponent.

    src/app/pages/chart/chartjs/chartjs.component.ts:10:15:
[37m      10 Γöé   templateUrl: [32m'./chartjs.component.html'[37m,
         Γò╡                [32m~~~~~~~~~~~~~~~~~~~~~~~~~~[0m


[31mX [41;31m[[41;97mERROR[41;31m][0m [1mNG8002: Can't bind to 'options' since it isn't a known property of 
'canvas'.[0m [1m[35m[plugin angular-compiler][0m

    src/app/pages/chart/chartjs/chartjs.component.html:83:81:
[37m      83 Γöé ...arChart.datasets" chartType="radar" [32m[options]="radarChart.options"[37m
         Γò╡                                        [32m~~~~~~~~~~~~~~~~~~~~~~~~~~~~~~[0m

  Error occurs in the template of component ChartjsComponent.

    src/app/pages/chart/chartjs/chartjs.component.ts:10:15:
[37m      10 Γöé   templateUrl: [32m'./chartjs.component.html'[37m,
         Γò╡                [32m~~~~~~~~~~~~~~~~~~~~~~~~~~[0m


[31mX [41;31m[[41;97mERROR[41;31m][0m [1mNG8002: Can't bind to 'labels' since it isn't a known property of 
'canvas'.[0m [1m[35m[plugin angular-compiler][0m

    src/app/pages/chart/chartjs/chartjs.component.html:84:27:
[37m      84 Γöé               height="300" [32m[labels]="radarChart.labels"[37m>
         Γò╡                            [32m~~~~~~~~~~~~~~~~~~~~~~~~~~~~[0m

  Error occurs in the template of component ChartjsComponent.

    src/app/pages/chart/chartjs/chartjs.component.ts:10:15:
[37m      10 Γöé   templateUrl: [32m'./chartjs.component.html'[37m,
         Γò╡                [32m~~~~~~~~~~~~~~~~~~~~~~~~~~[0m


[31mX [41;31m[[41;97mERROR[41;31m][0m [1mNG5002: Unexpected closing tag "div". It may happen when the tag has 
already been closed by another tag. For more info see 
https://www.w3.org/TR/html5/syntax.html#closing-elements-that-have-implied-end-tags[0m [1m[35m[plugin 
angular-compiler][0m

    src/app/pages/cms/health-packages/add-health-package/add-health-package.component.html:163:36:
[37m      163 Γöé                       </ng-template>[32m</div>[37m</div>
          Γò╡                                     [32m~~~~~~[0m

  Error occurs in the template of component AddHealthPackageComponent.

    src/app/pages/cms/health-packages/add-health-package/add-health-package.component.ts:33:15:
[37m      33 Γöé   templateUrl: [32m"./add-health-package.component.html"[37m,
         Γò╡                [32m~~~~~~~~~~~~~~~~~~~~~~~~~~~~~~~~~~~~~[0m


[31mX [41;31m[[41;97mERROR[41;31m][0m [1mNG5002: Unexpected closing tag "ng-select". It may happen when the tag 
has already been closed by another tag. For more info see 
https://www.w3.org/TR/html5/syntax.html#closing-elements-that-have-implied-end-tags[0m [1m[35m[plugin 
angular-compiler][0m

    src/app/pages/cms/health-packages/add-health-package/add-health-package.component.html:164:20:
[37m      164 Γöé                     [32m</ng-select>[37m
          Γò╡                     [32m~~~~~~~~~~~~[0m

  Error occurs in the template of component AddHealthPackageComponent.

    src/app/pages/cms/health-packages/add-health-package/add-health-package.component.ts:33:15:
[37m      33 Γöé   templateUrl: [32m"./add-health-package.component.html"[37m,
         Γò╡                [32m~~~~~~~~~~~~~~~~~~~~~~~~~~~~~~~~~~~~~[0m


[31mX [41;31m[[41;97mERROR[41;31m][0m [1mNG5002: Unexpected closing tag "div". It may happen when the tag has 
already been closed by another tag. For more info see 
https://www.w3.org/TR/html5/syntax.html#closing-elements-that-have-implied-end-tags[0m [1m[35m[plugin 
angular-compiler][0m

    src/app/pages/cms/health-packages/add-health-package/add-health-package.component.html:289:16:
[37m      289 Γöé                 [32m</div>[37m
          Γò╡                 [32m~~~~~~[0m

  Error occurs in the template of component AddHealthPackageComponent.

    src/app/pages/cms/health-packages/add-health-package/add-health-package.component.ts:33:15:
[37m      33 Γöé   templateUrl: [32m"./add-health-package.component.html"[37m,
         Γò╡                [32m~~~~~~~~~~~~~~~~~~~~~~~~~~~~~~~~~~~~~[0m


[31mX [41;31m[[41;97mERROR[41;31m][0m [1mNG5002: Unexpected closing tag "ng-template". It may happen when the 
tag has already been closed by another tag. For more info see 
https://www.w3.org/TR/html5/syntax.html#closing-elements-that-have-implied-end-tags[0m [1m[35m[plugin 
angular-compiler][0m

    src/app/pages/cms/health-packages/add-health-package/add-health-package.component.html:300:12:
[37m      300 Γöé             [32m</ng-template>[37m
          Γò╡             [32m~~~~~~~~~~~~~~[0m

  Error occurs in the template of component AddHealthPackageComponent.

    src/app/pages/cms/health-packages/add-health-package/add-health-package.component.ts:33:15:
[37m      33 Γöé   templateUrl: [32m"./add-health-package.component.html"[37m,
         Γò╡                [32m~~~~~~~~~~~~~~~~~~~~~~~~~~~~~~~~~~~~~[0m


[31mX [41;31m[[41;97mERROR[41;31m][0m [1mNG5002: Unexpected closing tag "div". It may happen when the tag has 
already been closed by another tag. For more info see 
https://www.w3.org/TR/html5/syntax.html#closing-elements-that-have-implied-end-tags[0m [1m[35m[plugin 
angular-compiler][0m

    src/app/pages/cms/health-packages/add-health-package/add-health-package.component.html:399:42:
[37m      399 Γöé                             </ng-template>[32m</div>[37m</div>
          Γò╡                                           [32m~~~~~~[0m

  Error occurs in the template of component AddHealthPackageComponent.

    src/app/pages/cms/health-packages/add-health-package/add-health-package.component.ts:33:15:
[37m      33 Γöé   templateUrl: [32m"./add-health-package.component.html"[37m,
         Γò╡                [32m~~~~~~~~~~~~~~~~~~~~~~~~~~~~~~~~~~~~~[0m


[31mX [41;31m[[41;97mERROR[41;31m][0m [1mNG5002: Unexpected closing tag "ng-select". It may happen when the tag 
has already been closed by another tag. For more info see 
https://www.w3.org/TR/html5/syntax.html#closing-elements-that-have-implied-end-tags[0m [1m[35m[plugin 
angular-compiler][0m

    src/app/pages/cms/health-packages/add-health-package/add-health-package.component.html:400:26:
[37m      400 Γöé                           [32m</ng-select>[37m
          Γò╡                           [32m~~~~~~~~~~~~[0m

  Error occurs in the template of component AddHealthPackageComponent.

    src/app/pages/cms/health-packages/add-health-package/add-health-package.component.ts:33:15:
[37m      33 Γöé   templateUrl: [32m"./add-health-package.component.html"[37m,
         Γò╡                [32m~~~~~~~~~~~~~~~~~~~~~~~~~~~~~~~~~~~~~[0m


[31mX [41;31m[[41;97mERROR[41;31m][0m [1mNG5002: Unexpected closing tag "div". It may happen when the tag has 
already been closed by another tag. For more info see 
https://www.w3.org/TR/html5/syntax.html#closing-elements-that-have-implied-end-tags[0m [1m[35m[plugin 
angular-compiler][0m

    src/app/pages/cms/health-packages/add-health-package/add-health-package.component.html:430:16:
[37m      430 Γöé                 [32m</div>[37m
          Γò╡                 [32m~~~~~~[0m

  Error occurs in the template of component AddHealthPackageComponent.

    src/app/pages/cms/health-packages/add-health-package/add-health-package.component.ts:33:15:
[37m      33 Γöé   templateUrl: [32m"./add-health-package.component.html"[37m,
         Γò╡                [32m~~~~~~~~~~~~~~~~~~~~~~~~~~~~~~~~~~~~~[0m


[31mX [41;31m[[41;97mERROR[41;31m][0m [1mNG5002: Unexpected closing tag "ng-template". It may happen when the 
tag has already been closed by another tag. For more info see 
https://www.w3.org/TR/html5/syntax.html#closing-elements-that-have-implied-end-tags[0m [1m[35m[plugin 
angular-compiler][0m

    src/app/pages/cms/health-packages/add-health-package/add-health-package.component.html:440:12:
[37m      440 Γöé             [32m</ng-template>[37m
          Γò╡             [32m~~~~~~~~~~~~~~[0m

  Error occurs in the template of component AddHealthPackageComponent.

    src/app/pages/cms/health-packages/add-health-package/add-health-package.component.ts:33:15:
[37m      33 Γöé   templateUrl: [32m"./add-health-package.component.html"[37m,
         Γò╡                [32m~~~~~~~~~~~~~~~~~~~~~~~~~~~~~~~~~~~~~[0m


[31mX [41;31m[[41;97mERROR[41;31m][0m [1mNG5002: Unexpected closing tag "div". It may happen when the tag has 
already been closed by another tag. For more info see 
https://www.w3.org/TR/html5/syntax.html#closing-elements-that-have-implied-end-tags[0m [1m[35m[plugin 
angular-compiler][0m

    src/app/pages/consultation/appointment/create-appointment/create-appointment.component.html:261:44:
[37m      261 Γöé                               </ng-template>[32m</div>[37m</div>
          Γò╡                                             [32m~~~~~~[0m

  Error occurs in the template of component CreateAppointmentComponent.

    src/app/pages/consultation/appointment/create-appointment/create-appointment.component.ts:28:15:
[37m      28 Γöé   templateUrl: [32m"./create-appointment.component.html"[37m,
         Γò╡                [32m~~~~~~~~~~~~~~~~~~~~~~~~~~~~~~~~~~~~~[0m


[31mX [41;31m[[41;97mERROR[41;31m][0m [1mNG5002: Unexpected closing tag "ng-select". It may happen when the tag 
has already been closed by another tag. For more info see 
https://www.w3.org/TR/html5/syntax.html#closing-elements-that-have-implied-end-tags[0m [1m[35m[plugin 
angular-compiler][0m

    src/app/pages/consultation/appointment/create-appointment/create-appointment.component.html:262:28:
[37m      262 Γöé                             [32m</ng-select>[37m
          Γò╡                             [32m~~~~~~~~~~~~[0m

  Error occurs in the template of component CreateAppointmentComponent.

    src/app/pages/consultation/appointment/create-appointment/create-appointment.component.ts:28:15:
[37m      28 Γöé   templateUrl: [32m"./create-appointment.component.html"[37m,
         Γò╡                [32m~~~~~~~~~~~~~~~~~~~~~~~~~~~~~~~~~~~~~[0m


[31mX [41;31m[[41;97mERROR[41;31m][0m [1mNG5002: Unexpected closing tag "div". It may happen when the tag has 
already been closed by another tag. For more info see 
https://www.w3.org/TR/html5/syntax.html#closing-elements-that-have-implied-end-tags[0m [1m[35m[plugin 
angular-compiler][0m

    src/app/pages/consultation/appointment/create-appointment/create-appointment.component.html:264:26:
[37m      264 Γöé                           [32m</div>[37m
          Γò╡                           [32m~~~~~~[0m

  Error occurs in the template of component CreateAppointmentComponent.

    src/app/pages/consultation/appointment/create-appointment/create-appointment.component.ts:28:15:
[37m      28 Γöé   templateUrl: [32m"./create-appointment.component.html"[37m,
         Γò╡                [32m~~~~~~~~~~~~~~~~~~~~~~~~~~~~~~~~~~~~~[0m


[31mX [41;31m[[41;97mERROR[41;31m][0m [1mNG5002: Unexpected closing tag "form". It may happen when the tag has 
already been closed by another tag. For more info see 
https://www.w3.org/TR/html5/syntax.html#closing-elements-that-have-implied-end-tags[0m [1m[35m[plugin 
angular-compiler][0m

    src/app/pages/consultation/appointment/create-appointment/create-appointment.component.html:407:22:
[37m      407 Γöé                       [32m</form>[37m
          Γò╡                       [32m~~~~~~~[0m

  Error occurs in the template of component CreateAppointmentComponent.

    src/app/pages/consultation/appointment/create-appointment/create-appointment.component.ts:28:15:
[37m      28 Γöé   templateUrl: [32m"./create-appointment.component.html"[37m,
         Γò╡                [32m~~~~~~~~~~~~~~~~~~~~~~~~~~~~~~~~~~~~~[0m


[31mX [41;31m[[41;97mERROR[41;31m][0m [1mNG5002: Unexpected closing tag "div". It may happen when the tag has 
already been closed by another tag. For more info see 
https://www.w3.org/TR/html5/syntax.html#closing-elements-that-have-implied-end-tags[0m [1m[35m[plugin 
angular-compiler][0m

    src/app/pages/consultation/appointment/create-appointment/create-appointment.component.html:416:20:
[37m      416 Γöé                     [32m</div>[37m
          Γò╡                     [32m~~~~~~[0m

  Error occurs in the template of component CreateAppointmentComponent.

    src/app/pages/consultation/appointment/create-appointment/create-appointment.component.ts:28:15:
[37m      28 Γöé   templateUrl: [32m"./create-appointment.component.html"[37m,
         Γò╡                [32m~~~~~~~~~~~~~~~~~~~~~~~~~~~~~~~~~~~~~[0m


[31mX [41;31m[[41;97mERROR[41;31m][0m [1mNG5002: Unexpected closing tag "ng-template". It may happen when the 
tag has already been closed by another tag. For more info see 
https://www.w3.org/TR/html5/syntax.html#closing-elements-that-have-implied-end-tags[0m [1m[35m[plugin 
angular-compiler][0m

    src/app/pages/consultation/appointment/create-appointment/create-appointment.component.html:418:16:
[37m      418 Γöé                 [32m</ng-template>[37m
          Γò╡                 [32m~~~~~~~~~~~~~~[0m

  Error occurs in the template of component CreateAppointmentComponent.

    src/app/pages/consultation/appointment/create-appointment/create-appointment.component.ts:28:15:
[37m      28 Γöé   templateUrl: [32m"./create-appointment.component.html"[37m,
         Γò╡                [32m~~~~~~~~~~~~~~~~~~~~~~~~~~~~~~~~~~~~~[0m


[31mX [41;31m[[41;97mERROR[41;31m][0m [1mNG6001: The class 'ListComponent' is listed in the declarations of the 
NgModule 'InvoicesModule', but is not a directive, a component, or a pipe. Either remove it from the NgModule's 
declarations, or add an appropriate Angular decorator.[0m [1m[35m[plugin angular-compiler][0m

    src/app/pages/invoices/invoices.module.ts:12:17:
[37m      12 Γöé   declarations: [[32mListComponent[37m, DetailComponent],
         Γò╡                  [32m~~~~~~~~~~~~~[0m

  'ListComponent' is declared here.

    src/app/pages/invoices/list/list.component.ts:13:13:
[37m      13 Γöé export class [32mListComponent[37m implements OnInit {
         Γò╡              [32m~~~~~~~~~~~~~[0m


[31mX [41;31m[[41;97mERROR[41;31m][0m [1mTS2307: Cannot find module '../list.service' or its corresponding type 
declarations.[0m [1m[35m[plugin angular-compiler][0m

    src/app/pages/invoices/list/list.component.ts:3:35:
[37m      3 Γöé import { InvoiceListService } from [32m'../list.service'[37m;
        Γò╡                                    [32m~~~~~~~~~~~~~~~~~[0m


[31mX [41;31m[[41;97mERROR[41;31m][0m [1mTS2307: Cannot find module '../list.model' or its corresponding type 
declarations.[0m [1m[35m[plugin angular-compiler][0m

    src/app/pages/invoices/list/list.component.ts:4:33:
[37m      4 Γöé import { InvoiceListModel } from [32m'../list.model'[37m;
        Γò╡                                  [32m~~~~~~~~~~~~~~~[0m


[31mX [41;31m[[41;97mERROR[41;31m][0m [1mNG2003: No suitable injection token for parameter 'service' of class 
'ListComponent'.
  Consider using the @Inject decorator to specify an injection token.[0m [1m[35m[plugin angular-compiler][0m

    src/app/pages/invoices/list/list.component.ts:22:21:
[37m      22 Γöé   constructor(public [32mservice[37m: InvoiceListService) {
         Γò╡                      [32m~~~~~~~[0m

  This type does not have a value, so it cannot be used as injection token.

    src/app/pages/invoices/list/list.component.ts:22:30:
[37m      22 Γöé   constructor(public service: [32mInvoiceListService[37m) {
         Γò╡                               [32m~~~~~~~~~~~~~~~~~~[0m

[39m[22m
